BL51 BANKED LINKER/LOCATER V4.02                                                        11/21/2019  13:27:16  PAGE 1


BL51 BANKED LINKER/LOCATER V4.02, INVOKED BY:
C:\KEIL\C51\BIN\BL51.EXE .\Directory_Functions_struct.obj, .\exp_4_main.obj, .\file_system.obj, .\LCD_hardware_functions
>> .obj, .\LCD_routines.obj, .\LED_Control.obj, .\Outputs.obj, .\print_bytes.obj, .\SDCard.obj, .\sector_reader.obj, .\S
>> PI.obj, .\Timer0_hardware_delay_1ms.obj, .\UART.obj, .\player.obj, .\I2C.obj, .\STA013_config.obj, .\config.obj, .\Lo
>> ng_Serial_In.obj TO exp6_prj RAMSIZE (256)


MEMORY MODEL: SMALL


INPUT MODULES INCLUDED:
  .\Directory_Functions_struct.obj (DIRECTORY_FUNCTIONS_STRUCT)
  .\exp_4_main.obj (EXP_4_MAIN)
  .\file_system.obj (FILE_SYSTEM)
  .\LCD_hardware_functions.obj (LCD_HARDWARE_FUNCTIONS)
  .\LCD_routines.obj (LCD_ROUTINES)
  .\LED_Control.obj (LED_CONTROL)
  .\Outputs.obj (OUTPUTS)
  .\print_bytes.obj (PRINT_BYTES)
  .\SDCard.obj (SDCARD)
  .\sector_reader.obj (SECTOR_READER)
  .\SPI.obj (SPI)
  .\Timer0_hardware_delay_1ms.obj (TIMER0_HARDWARE_DELAY_1MS)
  .\UART.obj (UART)
  .\player.obj (PLAYER)
  .\I2C.obj (I2C)
  .\STA013_config.obj (STA013_CONFIG)
  .\config.obj (CONFIG)
  .\Long_Serial_In.obj (LONG_SERIAL_IN)
  C:\KEIL\C51\LIB\C51S.LIB (?C_STARTUP)
  C:\KEIL\C51\LIB\C51S.LIB (?C?CLDPTR)
  C:\KEIL\C51\LIB\C51S.LIB (?C?CLDOPTR)
  C:\KEIL\C51\LIB\C51S.LIB (?C?CILDOPTR)
  C:\KEIL\C51\LIB\C51S.LIB (?C?CSTPTR)
  C:\KEIL\C51\LIB\C51S.LIB (?C?CSTOPTR)
  C:\KEIL\C51\LIB\C51S.LIB (?C?UIDIV)
  C:\KEIL\C51\LIB\C51S.LIB (?C?ILDPTR)
  C:\KEIL\C51\LIB\C51S.LIB (?C?ILDOPTR)
  C:\KEIL\C51\LIB\C51S.LIB (?C?IILDPTR)
  C:\KEIL\C51\LIB\C51S.LIB (?C?ISTPTR)
  C:\KEIL\C51\LIB\C51S.LIB (?C?ISTOPTR)
  C:\KEIL\C51\LIB\C51S.LIB (?C?LMUL)
  C:\KEIL\C51\LIB\C51S.LIB (?C?ULDIV)
  C:\KEIL\C51\LIB\C51S.LIB (?C?ULCMP)
  C:\KEIL\C51\LIB\C51S.LIB (?C?ULSHR)
  C:\KEIL\C51\LIB\C51S.LIB (?C?LSHL)
  C:\KEIL\C51\LIB\C51S.LIB (?C?LLDOPTR)
  C:\KEIL\C51\LIB\C51S.LIB (?C?LSTOPTR)
  C:\KEIL\C51\LIB\C51S.LIB (?C?LLDIDATA)
  C:\KEIL\C51\LIB\C51S.LIB (?C?LLDOPTR0)
  C:\KEIL\C51\LIB\C51S.LIB (PUTCHAR)
  C:\KEIL\C51\LIB\C51S.LIB (PRINTF)
  C:\KEIL\C51\LIB\C51S.LIB (ATOL)
  C:\KEIL\C51\LIB\C51S.LIB (?C?IILDX)
  C:\KEIL\C51\LIB\C51S.LIB (?C?LNEG)
  C:\KEIL\C51\LIB\C51S.LIB (?C?LLDXDATA)
  C:\KEIL\C51\LIB\C51S.LIB (?C?LLDPDATA)
  C:\KEIL\C51\LIB\C51S.LIB (?C?LLDCODE)
BL51 BANKED LINKER/LOCATER V4.02                                                      11/21/2019  13:27:16  PAGE 2


  C:\KEIL\C51\LIB\C51S.LIB (?C?LLDIDATA0)
  C:\KEIL\C51\LIB\C51S.LIB (?C?LLDXDATA0)
  C:\KEIL\C51\LIB\C51S.LIB (?C?LLDPDATA0)
  C:\KEIL\C51\LIB\C51S.LIB (?C?LLDCODE0)
  C:\KEIL\C51\LIB\C51S.LIB (?C?LSTIDATA)
  C:\KEIL\C51\LIB\C51S.LIB (?C?LSTXDATA)
  C:\KEIL\C51\LIB\C51S.LIB (?C?LSTPDATA)
  C:\KEIL\C51\LIB\C51S.LIB (?C?PLDIIDATA)
  C:\KEIL\C51\LIB\C51S.LIB (?C?CCASE)
  C:\KEIL\C51\LIB\C51S.LIB (ISDIGIT)
  C:\KEIL\C51\LIB\C51S.LIB (ISSPACE)


LINK MAP OF MODULE:  exp6_prj (DIRECTORY_FUNCTIONS_STRUCT)


            TYPE    BASE      LENGTH    RELOCATION   SEGMENT NAME
            -----------------------------------------------------

            * * * * * * *   D A T A   M E M O R Y   * * * * * * *
            REG     0000H     0008H     ABSOLUTE     "REG BANK 0"
            DATA    0008H     0016H     UNIT         ?DT?PLAYER
            IDATA   001EH     0001H     UNIT         ?ID?SDCARD
                    001FH     0001H                  *** GAP ***
            BIT     0020H.0   0001H.1   UNIT         _BIT_GROUP_
                    0021H.1   0000H.7                *** GAP ***
            DATA    0022H     004EH     UNIT         _DATA_GROUP_
            IDATA   0070H     0016H     UNIT         ?ID?DIRECTORY_FUNCTIONS_STRUCT
            IDATA   0086H     0006H     UNIT         _IDATA_GROUP_
            IDATA   008CH     0001H     UNIT         ?STACK

            * * * * * * *  X D A T A   M E M O R Y  * * * * * * *
            XDATA   0000H     0400H     UNIT         ?XD?EXP_4_MAIN

            * * * * * * *   C O D E   M E M O R Y   * * * * * * *
            CODE    0000H     0003H     ABSOLUTE     
            CODE    0003H     0FD0H     UNIT         STA013_CONFIG
            CODE    0FD3H     04A9H     UNIT         ?C?LIB_CODE
            CODE    147CH     03F6H     UNIT         ?PR?_MOUNT_DRIVE?FILE_SYSTEM
            CODE    1872H     03F2H     UNIT         ?PR?SD_CARD_INIT?SDCARD
            CODE    1C64H     035CH     UNIT         ?PR?PRINTF?PRINTF
            CODE    1FC0H     02D9H     UNIT         ?PR?STA013_INIT?STA013_CONFIG
            CODE    2299H     027DH     UNIT         ?PR?_READ_DIR_ENTRY?DIRECTORY_FUNCTIONS_STRUCT
            CODE    2516H     020EH     UNIT         ?CO?SDCARD
            CODE    2724H     0201H     UNIT         ?PR?PLAYER_STATE_MACHINE_RUNNER?PLAYER
            CODE    2925H     01E6H     UNIT         ?PR?_PRINT_DIRECTORY?DIRECTORY_FUNCTIONS_STRUCT
            CODE    2B0BH     01C0H     UNIT         ?PR?MAIN?EXP_4_MAIN
            CODE    2CCBH     0168H     UNIT         ?PR?_FIND_NEXT_CLUS?FILE_SYSTEM
            CODE    2E33H     0144H     UNIT         ?PR?_I2C_READ?I2C
            CODE    2F77H     0137H     UNIT         ?CO?STA013_CONFIG
            CODE    30AEH     010BH     UNIT         ?PR?_SEND_COMMAND?SDCARD
            CODE    31B9H     00FFH     UNIT         ?PR?_READ_BLOCK?SDCARD
            CODE    32B8H     00F0H     UNIT         ?PR?_I2C_WRITE?I2C
            CODE    33A8H     00DEH     UNIT         ?PR?_ATOL?ATOL
            CODE    3486H     00D1H     UNIT         ?PR?LONG_SERIAL_INPUT?LONG_SERIAL_IN
            CODE    3557H     00B5H     UNIT         ?CO?FILE_SYSTEM
            CODE    360CH     00B2H     UNIT         ?CO?EXP_4_MAIN
BL51 BANKED LINKER/LOCATER V4.02                                                      11/21/2019  13:27:16  PAGE 3


            CODE    36BEH     0099H     UNIT         ?PR?_RESPONSE?SDCARD
            CODE    3757H     008CH     UNIT         ?PR?_SPI_MASTER_INIT?SPI
            CODE    37E3H     0085H     UNIT         ?PR?_LCD_PRINT?LCD_ROUTINES
            CODE    3868H     007CH     UNIT         ?PR?_FIRST_SECTOR?FILE_SYSTEM
            CODE    38E4H     0079H     UNIT         ?PR?_LOAD_SECTOR?PLAYER
            CODE    395DH     0072H     UNIT         ?PR?_SEND_BUFFER?PLAYER
            CODE    39CFH     006EH     UNIT         ?PR?_PRINT_ERROR?SDCARD
            CODE    3A3DH     0064H     UNIT         ?PR?_READ32?SECTOR_READER
            CODE    3AA1H     0050H     UNIT         ?PR?_READ_SECTOR?SECTOR_READER
            CODE    3AF1H     004DH     UNIT         ?PR?_INIT_PLAYER?PLAYER
            CODE    3B3EH     003BH     UNIT         ?PR?_LED_NUMBER?LED_CONTROL
            CODE    3B79H     0038H     UNIT         ?PR?LCD_INIT?LCD_ROUTINES
            CODE    3BB1H     0035H     UNIT         ?PR?_UART_INIT?UART
            CODE    3BE6H     0033H     UNIT         ?PR?_READ16?SECTOR_READER
            CODE    3C19H     0033H     UNIT         ?PR?_SPI_TRANSFER?SPI
            CODE    3C4CH     002AH     UNIT         ?PR?_LCD_WRITE?LCD_HARDWARE_FUNCTIONS
            CODE    3C76H     0027H     UNIT         ?PR?PUTCHAR?PUTCHAR
            CODE    3C9DH     0026H     UNIT         ?PR?_TIMER0_DELAY_1MS?TIMER0_HARDWARE_DELAY_1MS
            CODE    3CC3H     0020H     UNIT         ?PR?_UART_TRANSMIT?UART
            CODE    3CE3H     001CH     UNIT         ?PR?_I2C_CLOCK_DELAY?I2C
            CODE    3CFFH     0013H     UNIT         ?PR?I2C_CLOCK_START?I2C
            CODE    3D12H     0013H     UNIT         ?PR?_ISSPACE?ISSPACE
            CODE    3D25H     000FH     UNIT         ?PR?_ISDIGIT?ISDIGIT
            CODE    3D34H     000DH     UNIT         ?CO?DIRECTORY_FUNCTIONS_STRUCT
            CODE    3D41H     000CH     UNIT         ?PR?_READ8?SECTOR_READER
            CODE    3D4DH     000CH     UNIT         ?C_C51STARTUP
            CODE    3D59H     0008H     UNIT         ?PR?UART_RECEIVE?UART
            CODE    3D61H     0007H     UNIT         ?PR?EXPORT_DRIVE_VALUES?DIRECTORY_FUNCTIONS_STRUCT
            CODE    3D68H     0005H     UNIT         ?PR?_LEDS_ON?LED_CONTROL
            CODE    3D6DH     0005H     UNIT         ?PR?_P1_CLEAR_BIT?OUTPUTS
            CODE    3D72H     0005H     UNIT         ?PR?_P3_CLEAR_BIT?OUTPUTS
            CODE    3D77H     0005H     UNIT         ?PR?RETURN_SD_CARD_TYPE?SDCARD
            CODE    3D7CH     0005H     UNIT         ?PR?_SPI_SELECT_CLEAR?SPI
            CODE    3D81H     0005H     UNIT         ?PR?_CLEAR_P3_BIT?STA013_CONFIG
            CODE    3D86H     0004H     UNIT         ?PR?_LEDS_OFF?LED_CONTROL
            CODE    3D8AH     0004H     UNIT         ?PR?_P1_SET_BIT?OUTPUTS
            CODE    3D8EH     0004H     UNIT         ?PR?_P2_SET_BIT?OUTPUTS
            CODE    3D92H     0004H     UNIT         ?PR?_P3_SET_BIT?OUTPUTS
            CODE    3D96H     0004H     UNIT         ?PR?_SPI_SELECT_SET?SPI
            CODE    3D9AH     0004H     UNIT         ?PR?_SET_P3_BIT?STA013_CONFIG
            CODE    3D9EH     0003H     UNIT         ?PR?_P0_OUTPUT_BITS?OUTPUTS



OVERLAY MAP OF MODULE:   exp6_prj (DIRECTORY_FUNCTIONS_STRUCT)


SEGMENT                                                       BIT_GROUP          DATA_GROUP          IDATA_GROUP
  +--> CALLED SEGMENT                                      START    LENGTH     START    LENGTH     START    LENGTH
------------------------------------------------------------------------------------------------------------------
?C_C51STARTUP                                              -----    -----      -----    -----      -----    -----
  +--> ?PR?MAIN?EXP_4_MAIN

?PR?MAIN?EXP_4_MAIN                                        -----    -----      0022H    0011H      -----    -----
  +--> ?PR?_LEDS_ON?LED_CONTROL
  +--> ?PR?_P2_SET_BIT?OUTPUTS
  +--> ?PR?_TIMER0_DELAY_1MS?TIMER0_HARDWARE_DELAY_1MS
BL51 BANKED LINKER/LOCATER V4.02                                                      11/21/2019  13:27:16  PAGE 4


  +--> ?PR?_UART_INIT?UART
  +--> ?PR?STA013_INIT?STA013_CONFIG
  +--> ?PR?LCD_INIT?LCD_ROUTINES
  +--> ?CO?EXP_4_MAIN
  +--> ?PR?_LCD_PRINT?LCD_ROUTINES
  +--> ?PR?PRINTF?PRINTF
  +--> ?PR?_SPI_MASTER_INIT?SPI
  +--> ?PR?_UART_TRANSMIT?UART
  +--> ?PR?SD_CARD_INIT?SDCARD
  +--> ?PR?_LEDS_OFF?LED_CONTROL
  +--> ?PR?_MOUNT_DRIVE?FILE_SYSTEM
  +--> ?PR?EXPORT_DRIVE_VALUES?DIRECTORY_FUNCTIONS_STRUCT
  +--> ?PR?_PRINT_DIRECTORY?DIRECTORY_FUNCTIONS_STRUCT
  +--> ?PR?LONG_SERIAL_INPUT?LONG_SERIAL_IN
  +--> ?PR?_READ_DIR_ENTRY?DIRECTORY_FUNCTIONS_STRUCT
  +--> ?PR?_FIRST_SECTOR?FILE_SYSTEM
  +--> ?PR?_INIT_PLAYER?PLAYER
  +--> ?PR?PLAYER_STATE_MACHINE_RUNNER?PLAYER

?PR?STA013_INIT?STA013_CONFIG                              -----    -----      0033H    0008H      0086H    0006H
  +--> ?PR?_CLEAR_P3_BIT?STA013_CONFIG
  +--> ?PR?_SET_P3_BIT?STA013_CONFIG
  +--> ?PR?_I2C_READ?I2C
  +--> ?CO?STA013_CONFIG
  +--> ?PR?PRINTF?PRINTF
  +--> ?PR?_I2C_WRITE?I2C

?PR?_I2C_READ?I2C                                          -----    -----      003BH    0010H      -----    -----
  +--> ?PR?_I2C_WRITE?I2C
  +--> ?PR?I2C_CLOCK_START?I2C
  +--> ?PR?_I2C_CLOCK_DELAY?I2C

?PR?_I2C_WRITE?I2C                                         -----    -----      004BH    000FH      -----    -----
  +--> ?PR?I2C_CLOCK_START?I2C
  +--> ?PR?_I2C_CLOCK_DELAY?I2C

?PR?PRINTF?PRINTF                                          0020H.0  0001H.1    005BH    0014H      -----    -----
  +--> ?PR?PUTCHAR?PUTCHAR

?PR?LCD_INIT?LCD_ROUTINES                                  -----    -----      -----    -----      -----    -----
  +--> ?PR?_LCD_WRITE?LCD_HARDWARE_FUNCTIONS
  +--> ?PR?_TIMER0_DELAY_1MS?TIMER0_HARDWARE_DELAY_1MS

?PR?_LCD_WRITE?LCD_HARDWARE_FUNCTIONS                      -----    -----      0039H    0001H      -----    -----
  +--> ?PR?_P3_CLEAR_BIT?OUTPUTS
  +--> ?PR?_P3_SET_BIT?OUTPUTS
  +--> ?PR?_P0_OUTPUT_BITS?OUTPUTS

?PR?_LCD_PRINT?LCD_ROUTINES                                -----    -----      0033H    0006H      -----    -----
  +--> ?PR?_LCD_WRITE?LCD_HARDWARE_FUNCTIONS
  +--> ?PR?_TIMER0_DELAY_1MS?TIMER0_HARDWARE_DELAY_1MS

?PR?_SPI_MASTER_INIT?SPI                                   -----    -----      0033H    0001H      -----    -----

?PR?SD_CARD_INIT?SDCARD                                    -----    -----      0033H    0014H      -----    -----
  +--> ?PR?_SPI_SELECT_SET?SPI
  +--> ?CO?SDCARD
BL51 BANKED LINKER/LOCATER V4.02                                                      11/21/2019  13:27:16  PAGE 5


  +--> ?PR?PRINTF?PRINTF
  +--> ?PR?_SPI_TRANSFER?SPI
  +--> ?PR?_LEDS_ON?LED_CONTROL
  +--> ?PR?_SPI_SELECT_CLEAR?SPI
  +--> ?PR?_SEND_COMMAND?SDCARD
  +--> ?PR?_RESPONSE?SDCARD
  +--> ?PR?_LEDS_OFF?LED_CONTROL
  +--> ?PR?PUTCHAR?PUTCHAR
  +--> ?PR?_PRINT_ERROR?SDCARD

?PR?_SEND_COMMAND?SDCARD                                   -----    -----      0066H    0009H      -----    -----
  +--> ?PR?_SPI_TRANSFER?SPI

?PR?_RESPONSE?SDCARD                                       -----    -----      0047H    0008H      -----    -----
  +--> ?PR?_SPI_TRANSFER?SPI

?PR?_PRINT_ERROR?SDCARD                                    -----    -----      0047H    0001H      -----    -----
  +--> ?CO?SDCARD
  +--> ?PR?PRINTF?PRINTF

?PR?_MOUNT_DRIVE?FILE_SYSTEM                               -----    -----      0033H    0028H      -----    -----
  +--> ?PR?EXPORT_DRIVE_VALUES?DIRECTORY_FUNCTIONS_STRUCT
  +--> ?CO?FILE_SYSTEM
  +--> ?PR?PRINTF?PRINTF
  +--> ?PR?_READ_SECTOR?SECTOR_READER
  +--> ?PR?_READ8?SECTOR_READER
  +--> ?PR?_READ32?SECTOR_READER
  +--> ?PR?_READ16?SECTOR_READER

?PR?_READ_SECTOR?SECTOR_READER                             -----    -----      005BH    000BH      -----    -----
  +--> ?PR?RETURN_SD_CARD_TYPE?SDCARD
  +--> ?PR?_SPI_SELECT_CLEAR?SPI
  +--> ?PR?_SEND_COMMAND?SDCARD
  +--> ?PR?_READ_BLOCK?SDCARD
  +--> ?PR?_SPI_SELECT_SET?SPI

?PR?_READ_BLOCK?SDCARD                                     -----    -----      0066H    000AH      -----    -----
  +--> ?PR?_SPI_TRANSFER?SPI

?PR?_READ32?SECTOR_READER                                  -----    -----      005BH    0008H      -----    -----

?PR?_READ16?SECTOR_READER                                  -----    -----      005BH    0005H      -----    -----

?PR?_PRINT_DIRECTORY?DIRECTORY_FUNCTIONS_STRUCT            -----    -----      0033H    001AH      -----    -----
  +--> ?PR?_READ_SECTOR?SECTOR_READER
  +--> ?PR?_READ8?SECTOR_READER
  +--> ?CO?DIRECTORY_FUNCTIONS_STRUCT
  +--> ?PR?PRINTF?PRINTF
  +--> ?PR?PUTCHAR?PUTCHAR

?PR?LONG_SERIAL_INPUT?LONG_SERIAL_IN                       -----    -----      0033H    0011H      -----    -----
  +--> ?PR?UART_RECEIVE?UART
  +--> ?PR?_UART_TRANSMIT?UART
  +--> ?PR?_ATOL?ATOL

?PR?_ATOL?ATOL                                             0020H.0  0000H.1    0044H    0007H      -----    -----
  +--> ?PR?_ISSPACE?ISSPACE
BL51 BANKED LINKER/LOCATER V4.02                                                      11/21/2019  13:27:16  PAGE 6


  +--> ?PR?_ISDIGIT?ISDIGIT

?PR?_READ_DIR_ENTRY?DIRECTORY_FUNCTIONS_STRUCT             -----    -----      0033H    001EH      -----    -----
  +--> ?PR?_READ_SECTOR?SECTOR_READER
  +--> ?PR?_READ8?SECTOR_READER

?PR?_FIRST_SECTOR?FILE_SYSTEM                              -----    -----      003AH    0007H      -----    -----
  +--> ?PR?EXPORT_DRIVE_VALUES?DIRECTORY_FUNCTIONS_STRUCT

?PR?_INIT_PLAYER?PLAYER                                    -----    -----      0033H    0004H      -----    -----
  +--> ?PR?EXPORT_DRIVE_VALUES?DIRECTORY_FUNCTIONS_STRUCT
  +--> ?PR?_FIRST_SECTOR?FILE_SYSTEM
  +--> ?PR?_LOAD_SECTOR?PLAYER

?PR?_LOAD_SECTOR?PLAYER                                    -----    -----      0037H    0003H      -----    -----
  +--> ?PR?_FIRST_SECTOR?FILE_SYSTEM
  +--> ?PR?_READ_SECTOR?SECTOR_READER

?PR?PLAYER_STATE_MACHINE_RUNNER?PLAYER                     -----    -----      -----    -----      -----    -----
  +--> ?PR?_LED_NUMBER?LED_CONTROL
  +--> ?PR?_FIND_NEXT_CLUS?FILE_SYSTEM
  +--> ?PR?_LOAD_SECTOR?PLAYER
  +--> ?PR?_SEND_BUFFER?PLAYER

?PR?_LED_NUMBER?LED_CONTROL                                -----    -----      -----    -----      -----    -----
  +--> ?PR?_LEDS_OFF?LED_CONTROL
  +--> ?PR?_LEDS_ON?LED_CONTROL

?PR?_FIND_NEXT_CLUS?FILE_SYSTEM                            -----    -----      0033H    0012H      -----    -----
  +--> ?PR?EXPORT_DRIVE_VALUES?DIRECTORY_FUNCTIONS_STRUCT
  +--> ?PR?_READ_SECTOR?SECTOR_READER
  +--> ?PR?_READ32?SECTOR_READER
  +--> ?PR?_READ16?SECTOR_READER
  +--> ?CO?FILE_SYSTEM
  +--> ?PR?PRINTF?PRINTF

?PR?_SEND_BUFFER?PLAYER                                    -----    -----      0033H    000AH      -----    -----
  +--> ?PR?_P1_SET_BIT?OUTPUTS
  +--> ?PR?_SPI_TRANSFER?SPI
  +--> ?PR?_P1_CLEAR_BIT?OUTPUTS



SYMBOL TABLE OF MODULE:  exp6_prj (DIRECTORY_FUNCTIONS_STRUCT)

  VALUE           TYPE          NAME
  ----------------------------------

  -------         MODULE        DIRECTORY_FUNCTIONS_STRUCT
  C:0000H         SYMBOL        _ICE_DUMMY_
  B:00D8H.2       PUBLIC        CCF2
  B:00D8H.3       PUBLIC        CCF3
  D:0080H         PUBLIC        P0
  B:00D8H.4       PUBLIC        CCF4
  D:0090H         PUBLIC        P1
  D:00A0H         PUBLIC        P2
  D:00B0H         PUBLIC        P3
BL51 BANKED LINKER/LOCATER V4.02                                                      11/21/2019  13:27:16  PAGE 7


  B:00B0H.4       PUBLIC        T0
  B:00D0H.6       PUBLIC        AC
  B:00B0H.5       PUBLIC        T1
  B:00B0H.7       PUBLIC        nRD
  B:0090H.0       PUBLIC        T2
  B:00A8H.7       PUBLIC        EA
  B:00A8H.6       PUBLIC        EC
  B:00D8H.7       PUBLIC        CF
  B:00B0H.2       PUBLIC        nINT0
  B:0098H.7       PUBLIC        FE
  C:2925H         PUBLIC        _Print_Directory
  B:00B0H.3       PUBLIC        nINT1
  D:00A8H         PUBLIC        IEN0
  B:00B0H.0       PUBLIC        RxD
  B:00B0H.1       PUBLIC        TxD
  B:0090H.3       PUBLIC        CEX0
  B:0090H.4       PUBLIC        CEX1
  B:00C8H.0       PUBLIC        CP
  B:0090H.3       PUBLIC        P1_3
  B:00B0H.2       PUBLIC        P3_2
  B:00D8H.6       PUBLIC        CR
  B:00B0H.3       PUBLIC        P3_3
  B:00C8H.6       PUBLIC        EXF2
  D:00B8H         PUBLIC        IPL0
  B:00B0H.4       PUBLIC        P3_4
  B:00B0H.5       PUBLIC        P3_5
  B:00B0H.6       PUBLIC        nWR
  B:00A8H.4       PUBLIC        ES
  B:0098H.0       PUBLIC        RI
  B:00D0H.7       PUBLIC        CY
  B:0098H.1       PUBLIC        TI
  B:00B8H.1       PUBLIC        PT0L
  B:00B8H.3       PUBLIC        PT1L
  B:00B8H.5       PUBLIC        PT2L
  B:0090H.1       PUBLIC        T2EX
  D:00D8H         PUBLIC        CCON
  B:00B0H.6       PUBLIC        RS
  B:00B8H.0       PUBLIC        PX0L
  B:00D0H.2       PUBLIC        OV
  B:0090H.1       PUBLIC        SS
  B:00B8H.2       PUBLIC        PX1L
  B:00C8H.5       PUBLIC        RCLK
  B:00C8H.4       PUBLIC        TCLK
  B:00B8H.6       PUBLIC        PPCL
  B:00A0H.4       PUBLIC        REDLED
  D:0098H         PUBLIC        SCON
  B:00A0H.6       PUBLIC        YELLOWLED
  B:0090H.4       PUBLIC        nCS0
  B:0080H.0       PUBLIC        AD0
  D:0088H         PUBLIC        TCON
  B:0080H.1       PUBLIC        AD1
  B:0080H.2       PUBLIC        AD2
  B:00B0H.1       PUBLIC        per_RxD
  B:00C8H.1       PUBLIC        CnT2
  B:0080H.3       PUBLIC        AD3
  B:0090H.5       PUBLIC        MISO
  B:0090H.7       PUBLIC        MOSI
BL51 BANKED LINKER/LOCATER V4.02                                                      11/21/2019  13:27:16  PAGE 8


  B:0080H.4       PUBLIC        AD4
  B:00B0H.0       PUBLIC        per_TxD
  B:0080H.5       PUBLIC        AD5
  B:0080H.6       PUBLIC        AD6
  B:0080H.7       PUBLIC        AD7
  B:00A0H.0       PUBLIC        AD8
  B:00A0H.1       PUBLIC        AD9
  B:0088H.1       PUBLIC        IE0
  B:00A0H.7       PUBLIC        AMBERLED
  B:0088H.3       PUBLIC        IE1
  B:00B0H.7       PUBLIC        E
  B:00A0H.5       PUBLIC        GREENLED
  B:00A8H.1       PUBLIC        ET0
  B:00A8H.3       PUBLIC        ET1
  B:0088H.5       PUBLIC        TF0
  B:00A8H.5       PUBLIC        ET2
  B:0088H.7       PUBLIC        TF1
  B:00C8H.7       PUBLIC        TF2
  B:0098H.2       PUBLIC        RB8
  B:00A8H.0       PUBLIC        EX0
  B:0088H.0       PUBLIC        IT0
  B:0098H.3       PUBLIC        TB8
  B:00A8H.2       PUBLIC        EX1
  B:0088H.2       PUBLIC        IT1
  B:00D0H.0       PUBLIC        P
  B:0098H.7       PUBLIC        SM0
  B:0090H.2       PUBLIC        ECI
  B:0098H.6       PUBLIC        SM1
  B:0098H.5       PUBLIC        SM2
  C:2299H         PUBLIC        _Read_Dir_Entry
  B:00D0H.3       PUBLIC        RS0
  B:0088H.4       PUBLIC        TR0
  B:00D0H.4       PUBLIC        RS1
  B:0090H.6       PUBLIC        per_SCLK
  B:0088H.6       PUBLIC        TR1
  C:3D61H         PUBLIC        Export_Drive_values
  B:0090H.0       PUBLIC        SDA
  B:00C8H.2       PUBLIC        TR2
  B:00A0H.0       PUBLIC        SW1
  B:00A0H.1       PUBLIC        SW2
  B:00A0H.2       PUBLIC        SW3
  B:00A0H.3       PUBLIC        SW4
  B:0090H.6       PUBLIC        SCK
  B:0090H.7       PUBLIC        per_MOSI
  B:0090H.5       PUBLIC        per_MISO
  B:0090H.1       PUBLIC        SCL
  B:00C8H.3       PUBLIC        EXEN2
  B:0090H.2       PUBLIC        DATA_REQ
  B:0098H.4       PUBLIC        REN
  B:00A0H.2       PUBLIC        AD10
  B:00A0H.3       PUBLIC        AD11
  D:00C8H         PUBLIC        T2CON
  B:00A0H.4       PUBLIC        AD12
  B:00A0H.5       PUBLIC        AD13
  B:00A0H.6       PUBLIC        AD14
  B:00A0H.7       PUBLIC        AD15
  B:00B8H.4       PUBLIC        PLS
BL51 BANKED LINKER/LOCATER V4.02                                                      11/21/2019  13:27:16  PAGE 9


  I:0070H         PUBLIC        Drive_values
  B:00D0H.5       PUBLIC        F0
  B:00D0H.1       PUBLIC        F1
  D:00D0H         PUBLIC        PSW
  B:00D8H.0       PUBLIC        CCF0
  B:00D8H.1       PUBLIC        CCF1
  -------         PROC          EXPORT_DRIVE_VALUES
  C:3D61H         LINE#         24
  C:3D61H         LINE#         25
  C:3D61H         LINE#         26
  C:3D67H         LINE#         27
  -------         ENDPROC       EXPORT_DRIVE_VALUES
  -------         PROC          _PRINT_DIRECTORY
  D:0033H         SYMBOL        Sector_num
  D:0037H         SYMBOL        array_in
  -------         DO            array_in
  D:0039H         SYMBOL        Sector
  D:003DH         SYMBOL        max_sectors
  D:0041H         SYMBOL        i
  D:0043H         SYMBOL        entries
  D:0045H         SYMBOL        temp8
  D:0046H         SYMBOL        j
  D:0047H         SYMBOL        attr
  D:0048H         SYMBOL        out_val
  D:0049H         SYMBOL        error_flag
  D:004AH         SYMBOL        values
  -------         ENDDO         values
  C:2925H         LINE#         40
  C:292DH         LINE#         41
  C:292DH         LINE#         48
  C:2936H         LINE#         49
  C:293BH         LINE#         50
  C:293FH         LINE#         51
  C:2945H         LINE#         52
  C:2945H         LINE#         53
  C:2952H         LINE#         54
  C:2954H         LINE#         56
  C:2954H         LINE#         57
  C:2961H         LINE#         58
  C:2961H         LINE#         59
  C:296DH         LINE#         60
  C:298CH         LINE#         61
  C:2993H         LINE#         62
  C:2993H         LINE#         64
  C:2993H         LINE#         65
  C:29A2H         LINE#         66
  C:29B2H         LINE#         67
  C:29B2H         LINE#         68
  C:29C6H         LINE#         69
  C:29CFH         LINE#         70
  C:29CFH         LINE#         71
  C:29D7H         LINE#         72
  C:29E5H         LINE#         73
  C:29E8H         LINE#         74
  C:29E8H         LINE#         75
  C:29FEH         LINE#         76
  C:2A01H         LINE#         77
BL51 BANKED LINKER/LOCATER V4.02                                                      11/21/2019  13:27:16  PAGE 10


  C:2A0AH         LINE#         78
  C:2A0FH         LINE#         79
  C:2A0FH         LINE#         80
  C:2A12H         LINE#         81
  C:2A12H         LINE#         82
  C:2A28H         LINE#         83
  C:2A2BH         LINE#         84
  C:2A34H         LINE#         85
  C:2A3DH         LINE#         86
  C:2A3FH         LINE#         88
  C:2A3FH         LINE#         89
  C:2A44H         LINE#         90
  C:2A47H         LINE#         91
  C:2A47H         LINE#         92
  C:2A5DH         LINE#         93
  C:2A60H         LINE#         94
  C:2A69H         LINE#         95
  C:2A6EH         LINE#         96
  C:2A73H         LINE#         97
  C:2A73H         LINE#         98
  C:2A73H         LINE#         99
  C:2A73H         LINE#         100
  C:2A7EH         LINE#         101
  C:2A89H         LINE#         102
  C:2A89H         LINE#         103
  C:2A9EH         LINE#         104
  C:2AC1H         LINE#         105
  C:2AC1H         LINE#         106
  C:2AE0H         LINE#         107
  C:2AE4H         LINE#         108
  C:2AE4H         LINE#         109
  C:2AE9H         LINE#         110
  C:2AEBH         LINE#         111
  C:2AEBH         LINE#         112
  C:2AF0H         LINE#         113
  C:2AF2H         LINE#         115
  C:2AF2H         LINE#         116
  C:2AF5H         LINE#         117
  C:2AF8H         LINE#         118
  C:2AF8H         LINE#         119
  C:2AF8H         LINE#         121
  C:2AFFH         LINE#         122
  C:2B01H         LINE#         124
  C:2B01H         LINE#         125
  C:2B06H         LINE#         126
  C:2B06H         LINE#         127
  C:2B0AH         LINE#         128
  -------         ENDPROC       _PRINT_DIRECTORY
  -------         PROC          _READ_DIR_ENTRY
  D:0033H         SYMBOL        Sector_num
  D:0037H         SYMBOL        Entry
  D:0039H         SYMBOL        array_in
  -------         DO            array_in
  D:003BH         SYMBOL        Sector
  D:003FH         SYMBOL        max_sectors
  D:0043H         SYMBOL        return_clus
  D:0047H         SYMBOL        i
BL51 BANKED LINKER/LOCATER V4.02                                                      11/21/2019  13:27:16  PAGE 11


  D:0049H         SYMBOL        entries
  D:004BH         SYMBOL        temp8
  D:004CH         SYMBOL        attr
  D:004DH         SYMBOL        error_flag
  D:004EH         SYMBOL        values
  -------         ENDDO         values
  C:2299H         LINE#         141
  C:22A1H         LINE#         142
  C:22A1H         LINE#         148
  C:22AAH         LINE#         149
  C:22AFH         LINE#         150
  C:22B3H         LINE#         151
  C:22BBH         LINE#         152
  C:22C1H         LINE#         153
  C:22C1H         LINE#         154
  C:22CEH         LINE#         155
  C:22D0H         LINE#         157
  C:22D0H         LINE#         158
  C:22DDH         LINE#         159
  C:22DDH         LINE#         160
  C:22E9H         LINE#         161
  C:2308H         LINE#         162
  C:230FH         LINE#         163
  C:230FH         LINE#         165
  C:230FH         LINE#         166
  C:231EH         LINE#         167
  C:232EH         LINE#         168
  C:232EH         LINE#         169
  C:2342H         LINE#         170
  C:234BH         LINE#         171
  C:234BH         LINE#         172
  C:2353H         LINE#         173
  C:2360H         LINE#         174
  C:2360H         LINE#         175
  C:2367H         LINE#         176
  C:2367H         LINE#         177
  C:2382H         LINE#         178
  C:2395H         LINE#         179
  C:23B9H         LINE#         180
  C:23CDH         LINE#         181
  C:23CDH         LINE#         182
  C:23F1H         LINE#         183
  C:2405H         LINE#         184
  C:2429H         LINE#         185
  C:243DH         LINE#         186
  C:2454H         LINE#         187
  C:2457H         LINE#         188
  C:2457H         LINE#         190
  C:2457H         LINE#         191
  C:2457H         LINE#         192
  C:2462H         LINE#         193
  C:246DH         LINE#         194
  C:246DH         LINE#         195
  C:2482H         LINE#         196
  C:24A5H         LINE#         197
  C:24A5H         LINE#         198
  C:24C4H         LINE#         199
BL51 BANKED LINKER/LOCATER V4.02                                                      11/21/2019  13:27:16  PAGE 12


  C:24C8H         LINE#         200
  C:24C8H         LINE#         201
  C:24D2H         LINE#         202
  C:24D4H         LINE#         203
  C:24D4H         LINE#         204
  C:24D9H         LINE#         205
  C:24DBH         LINE#         207
  C:24DBH         LINE#         208
  C:24DEH         LINE#         209
  C:24DEH         LINE#         210
  C:24DEH         LINE#         212
  C:24E5H         LINE#         213
  C:24E7H         LINE#         215
  C:24E7H         LINE#         216
  C:24F1H         LINE#         217
  C:24F1H         LINE#         218
  C:250DH         LINE#         219
  C:2515H         LINE#         220
  -------         ENDPROC       _READ_DIR_ENTRY
  -------         ENDMOD        DIRECTORY_FUNCTIONS_STRUCT

  -------         MODULE        EXP_4_MAIN
  C:0000H         SYMBOL        _ICE_DUMMY_
  B:00D8H.2       PUBLIC        CCF2
  B:00D8H.3       PUBLIC        CCF3
  D:0080H         PUBLIC        P0
  B:00D8H.4       PUBLIC        CCF4
  D:0090H         PUBLIC        P1
  D:00A0H         PUBLIC        P2
  D:00B0H         PUBLIC        P3
  B:00B0H.4       PUBLIC        T0
  B:00D0H.6       PUBLIC        AC
  B:00B0H.5       PUBLIC        T1
  B:00B0H.7       PUBLIC        nRD
  B:0090H.0       PUBLIC        T2
  B:00A8H.7       PUBLIC        EA
  B:00A8H.6       PUBLIC        EC
  B:00D8H.7       PUBLIC        CF
  B:00B0H.2       PUBLIC        nINT0
  B:0098H.7       PUBLIC        FE
  B:00B0H.3       PUBLIC        nINT1
  D:00A8H         PUBLIC        IEN0
  B:00B0H.0       PUBLIC        RxD
  B:00B0H.1       PUBLIC        TxD
  B:0090H.3       PUBLIC        CEX0
  B:0090H.4       PUBLIC        CEX1
  B:00C8H.0       PUBLIC        CP
  B:0090H.3       PUBLIC        P1_3
  B:00B0H.2       PUBLIC        P3_2
  B:00D8H.6       PUBLIC        CR
  B:00B0H.3       PUBLIC        P3_3
  B:00C8H.6       PUBLIC        EXF2
  D:00B8H         PUBLIC        IPL0
  B:00B0H.4       PUBLIC        P3_4
  B:00B0H.5       PUBLIC        P3_5
  B:00B0H.6       PUBLIC        nWR
  B:00A8H.4       PUBLIC        ES
BL51 BANKED LINKER/LOCATER V4.02                                                      11/21/2019  13:27:16  PAGE 13


  B:0098H.0       PUBLIC        RI
  B:00D0H.7       PUBLIC        CY
  B:0098H.1       PUBLIC        TI
  D:008FH         PUBLIC        CKCON0
  C:36B2H         PUBLIC        LCD_str_start
  B:00B8H.1       PUBLIC        PT0L
  B:00B8H.3       PUBLIC        PT1L
  B:00B8H.5       PUBLIC        PT2L
  B:0090H.1       PUBLIC        T2EX
  D:00D8H         PUBLIC        CCON
  B:00B0H.6       PUBLIC        RS
  B:00B8H.0       PUBLIC        PX0L
  B:00D0H.2       PUBLIC        OV
  B:0090H.1       PUBLIC        SS
  B:00B8H.2       PUBLIC        PX1L
  C:2B0BH         PUBLIC        main
  B:00C8H.5       PUBLIC        RCLK
  B:00C8H.4       PUBLIC        TCLK
  B:00B8H.6       PUBLIC        PPCL
  B:00A0H.4       PUBLIC        REDLED
  D:0098H         PUBLIC        SCON
  B:00A0H.6       PUBLIC        YELLOWLED
  B:0090H.4       PUBLIC        nCS0
  B:0080H.0       PUBLIC        AD0
  D:0088H         PUBLIC        TCON
  B:0080H.1       PUBLIC        AD1
  B:0080H.2       PUBLIC        AD2
  B:00B0H.1       PUBLIC        per_RxD
  B:00C8H.1       PUBLIC        CnT2
  B:0080H.3       PUBLIC        AD3
  B:0090H.5       PUBLIC        MISO
  B:0090H.7       PUBLIC        MOSI
  B:0080H.4       PUBLIC        AD4
  B:00B0H.0       PUBLIC        per_TxD
  B:0080H.5       PUBLIC        AD5
  B:0080H.6       PUBLIC        AD6
  B:0080H.7       PUBLIC        AD7
  B:00A0H.0       PUBLIC        AD8
  B:00A0H.1       PUBLIC        AD9
  B:0088H.1       PUBLIC        IE0
  B:00A0H.7       PUBLIC        AMBERLED
  B:0088H.3       PUBLIC        IE1
  D:008EH         PUBLIC        AUXR
  B:00B0H.7       PUBLIC        E
  B:00A0H.5       PUBLIC        GREENLED
  B:00A8H.1       PUBLIC        ET0
  B:00A8H.3       PUBLIC        ET1
  B:0088H.5       PUBLIC        TF0
  B:00A8H.5       PUBLIC        ET2
  B:0088H.7       PUBLIC        TF1
  B:00C8H.7       PUBLIC        TF2
  B:0098H.2       PUBLIC        RB8
  B:00A8H.0       PUBLIC        EX0
  B:0088H.0       PUBLIC        IT0
  B:0098H.3       PUBLIC        TB8
  B:00A8H.2       PUBLIC        EX1
  B:0088H.2       PUBLIC        IT1
BL51 BANKED LINKER/LOCATER V4.02                                                      11/21/2019  13:27:16  PAGE 14


  B:00D0H.0       PUBLIC        P
  B:0098H.7       PUBLIC        SM0
  B:0090H.2       PUBLIC        ECI
  B:0098H.6       PUBLIC        SM1
  B:0098H.5       PUBLIC        SM2
  B:00D0H.3       PUBLIC        RS0
  B:0088H.4       PUBLIC        TR0
  B:00D0H.4       PUBLIC        RS1
  B:0090H.6       PUBLIC        per_SCLK
  B:0088H.6       PUBLIC        TR1
  B:0090H.0       PUBLIC        SDA
  B:00C8H.2       PUBLIC        TR2
  B:00A0H.0       PUBLIC        SW1
  B:00A0H.1       PUBLIC        SW2
  B:00A0H.2       PUBLIC        SW3
  B:00A0H.3       PUBLIC        SW4
  B:0090H.6       PUBLIC        SCK
  B:0090H.7       PUBLIC        per_MOSI
  B:0090H.5       PUBLIC        per_MISO
  B:0090H.1       PUBLIC        SCL
  B:00C8H.3       PUBLIC        EXEN2
  B:0090H.2       PUBLIC        DATA_REQ
  B:0098H.4       PUBLIC        REN
  B:00A0H.2       PUBLIC        AD10
  B:00A0H.3       PUBLIC        AD11
  D:00C8H         PUBLIC        T2CON
  B:00A0H.4       PUBLIC        AD12
  B:00A0H.5       PUBLIC        AD13
  B:00A0H.6       PUBLIC        AD14
  B:00A0H.7       PUBLIC        AD15
  X:0000H         PUBLIC        buf1
  B:00B8H.4       PUBLIC        PLS
  X:0200H         PUBLIC        buf2
  B:00D0H.5       PUBLIC        F0
  B:00D0H.1       PUBLIC        F1
  D:00D0H         PUBLIC        PSW
  B:00D8H.0       PUBLIC        CCF0
  B:00D8H.1       PUBLIC        CCF1
  -------         PROC          MAIN
  -------         DO            MAIN
  D:0022H         SYMBOL        error_flag
  D:0023H         SYMBOL        entry_num
  D:0027H         SYMBOL        cwd_entries
  D:002BH         SYMBOL        cwd
  D:002FH         SYMBOL        clus
  -------         ENDDO         clus
  C:2B0BH         LINE#         23
  C:2B0BH         LINE#         24
  C:2B0BH         LINE#         29
  C:2B0EH         LINE#         30
  C:2B0EH         LINE#         31
  C:2B0EH         LINE#         32
  C:2B11H         LINE#         33
  C:2B11H         LINE#         34
  C:2B11H         LINE#         35
  C:2B11H         LINE#         36
  C:2B11H         LINE#         37
BL51 BANKED LINKER/LOCATER V4.02                                                      11/21/2019  13:27:16  PAGE 15


  C:2B11H         LINE#         39
  C:2B16H         LINE#         40
  C:2B1BH         LINE#         42
  C:2B22H         LINE#         43
  C:2B29H         LINE#         45
  C:2B31H         LINE#         47
  C:2B34H         LINE#         48
  C:2B41H         LINE#         49
  C:2B4AH         LINE#         52
  C:2B57H         LINE#         53
  C:2B5BH         LINE#         54
  C:2B5BH         LINE#         55
  C:2B60H         LINE#         56
  C:2B65H         LINE#         57
  C:2B67H         LINE#         58
  C:2B67H         LINE#         59
  C:2B6CH         LINE#         61
  C:2B71H         LINE#         62
  C:2B75H         LINE#         63
  C:2B75H         LINE#         64
  C:2B7AH         LINE#         65
  C:2B7FH         LINE#         66
  C:2B81H         LINE#         67
  C:2B81H         LINE#         68
  C:2B86H         LINE#         69
  C:2B93H         LINE#         70
  C:2B97H         LINE#         71
  C:2B97H         LINE#         72
  C:2B9CH         LINE#         73
  C:2BA1H         LINE#         74
  C:2BA3H         LINE#         75
  C:2BA3H         LINE#         77
  C:2BACH         LINE#         78
  C:2BB6H         LINE#         79
  C:2BB6H         LINE#         80
  C:2BBFH         LINE#         81
  C:2BC4H         LINE#         82
  C:2BC9H         LINE#         83
  C:2BCBH         LINE#         85
  C:2BCBH         LINE#         86
  C:2BD4H         LINE#         87
  C:2BD6H         LINE#         88
  C:2BD6H         LINE#         90
  C:2BDFH         LINE#         91
  C:2BF0H         LINE#         93
  C:2BF0H         LINE#         94
  C:2BF0H         LINE#         95
  C:2C0AH         LINE#         96
  C:2C13H         LINE#         97
  C:2C1EH         LINE#         98
  C:2C2FH         LINE#         99
  C:2C44H         LINE#         101
  C:2C5AH         LINE#         102
  C:2C5AH         LINE#         103
  C:2C77H         LINE#         104
  C:2C82H         LINE#         105
  C:2C82H         LINE#         106
BL51 BANKED LINKER/LOCATER V4.02                                                      11/21/2019  13:27:16  PAGE 16


  C:2C94H         LINE#         107
  C:2CA6H         LINE#         108
  C:2CA9H         LINE#         110
  C:2CA9H         LINE#         111
  C:2CB4H         LINE#         112
  C:2CBFH         LINE#         113
  C:2CBFH         LINE#         114
  C:2CBFH         LINE#         116
  C:2CBFH         LINE#         117
  C:2CC8H         LINE#         118
  C:2CC8H         LINE#         119
  -------         ENDPROC       MAIN
  -------         ENDMOD        EXP_4_MAIN

  -------         MODULE        FILE_SYSTEM
  C:0000H         SYMBOL        _ICE_DUMMY_
  B:00D8H.2       PUBLIC        CCF2
  C:3868H         PUBLIC        _first_sector
  B:00D8H.3       PUBLIC        CCF3
  D:0080H         PUBLIC        P0
  B:00D8H.4       PUBLIC        CCF4
  D:0090H         PUBLIC        P1
  D:00A0H         PUBLIC        P2
  D:00B0H         PUBLIC        P3
  B:00B0H.4       PUBLIC        T0
  B:00D0H.6       PUBLIC        AC
  B:00B0H.5       PUBLIC        T1
  B:00B0H.7       PUBLIC        nRD
  B:0090H.0       PUBLIC        T2
  B:00A8H.7       PUBLIC        EA
  B:00A8H.6       PUBLIC        EC
  B:00D8H.7       PUBLIC        CF
  B:00B0H.2       PUBLIC        nINT0
  B:0098H.7       PUBLIC        FE
  B:00B0H.3       PUBLIC        nINT1
  D:00A8H         PUBLIC        IEN0
  B:00B0H.0       PUBLIC        RxD
  B:00B0H.1       PUBLIC        TxD
  B:0090H.3       PUBLIC        CEX0
  B:0090H.4       PUBLIC        CEX1
  B:00C8H.0       PUBLIC        CP
  C:147CH         PUBLIC        _mount_drive
  B:00D8H.6       PUBLIC        CR
  B:00C8H.6       PUBLIC        EXF2
  D:00B8H         PUBLIC        IPL0
  B:00B0H.6       PUBLIC        nWR
  B:00A8H.4       PUBLIC        ES
  B:0098H.0       PUBLIC        RI
  B:00D0H.7       PUBLIC        CY
  B:0098H.1       PUBLIC        TI
  B:00B8H.1       PUBLIC        PT0L
  B:00B8H.3       PUBLIC        PT1L
  B:00B8H.5       PUBLIC        PT2L
  B:0090H.1       PUBLIC        T2EX
  D:00D8H         PUBLIC        CCON
  B:00B8H.0       PUBLIC        PX0L
  B:00D0H.2       PUBLIC        OV
BL51 BANKED LINKER/LOCATER V4.02                                                      11/21/2019  13:27:16  PAGE 17


  B:0090H.1       PUBLIC        SS
  B:00B8H.2       PUBLIC        PX1L
  B:00C8H.5       PUBLIC        RCLK
  B:00C8H.4       PUBLIC        TCLK
  B:00B8H.6       PUBLIC        PPCL
  D:0098H         PUBLIC        SCON
  B:0080H.0       PUBLIC        AD0
  D:0088H         PUBLIC        TCON
  B:0080H.1       PUBLIC        AD1
  B:0080H.2       PUBLIC        AD2
  B:00C8H.1       PUBLIC        CnT2
  B:0080H.3       PUBLIC        AD3
  B:0090H.5       PUBLIC        MISO
  B:0090H.7       PUBLIC        MOSI
  B:0080H.4       PUBLIC        AD4
  B:0080H.5       PUBLIC        AD5
  B:0080H.6       PUBLIC        AD6
  B:0080H.7       PUBLIC        AD7
  B:00A0H.0       PUBLIC        AD8
  B:00A0H.1       PUBLIC        AD9
  B:0088H.1       PUBLIC        IE0
  C:2CCBH         PUBLIC        _find_next_clus
  B:0088H.3       PUBLIC        IE1
  B:00A8H.1       PUBLIC        ET0
  B:00A8H.3       PUBLIC        ET1
  B:0088H.5       PUBLIC        TF0
  B:00A8H.5       PUBLIC        ET2
  B:0088H.7       PUBLIC        TF1
  B:00C8H.7       PUBLIC        TF2
  B:0098H.2       PUBLIC        RB8
  B:00A8H.0       PUBLIC        EX0
  B:0088H.0       PUBLIC        IT0
  B:0098H.3       PUBLIC        TB8
  B:00A8H.2       PUBLIC        EX1
  B:0088H.2       PUBLIC        IT1
  B:00D0H.0       PUBLIC        P
  B:0098H.7       PUBLIC        SM0
  B:0090H.2       PUBLIC        ECI
  B:0098H.6       PUBLIC        SM1
  B:0098H.5       PUBLIC        SM2
  B:00D0H.3       PUBLIC        RS0
  B:0088H.4       PUBLIC        TR0
  B:00D0H.4       PUBLIC        RS1
  B:0088H.6       PUBLIC        TR1
  B:00C8H.2       PUBLIC        TR2
  B:0090H.6       PUBLIC        SCK
  B:00C8H.3       PUBLIC        EXEN2
  B:0098H.4       PUBLIC        REN
  B:00A0H.2       PUBLIC        AD10
  B:00A0H.3       PUBLIC        AD11
  D:00C8H         PUBLIC        T2CON
  B:00A0H.4       PUBLIC        AD12
  B:00A0H.5       PUBLIC        AD13
  B:00A0H.6       PUBLIC        AD14
  B:00A0H.7       PUBLIC        AD15
  B:00B8H.4       PUBLIC        PLS
  B:00D0H.5       PUBLIC        F0
BL51 BANKED LINKER/LOCATER V4.02                                                      11/21/2019  13:27:16  PAGE 18


  B:00D0H.1       PUBLIC        F1
  D:00D0H         PUBLIC        PSW
  B:00D8H.0       PUBLIC        CCF0
  B:00D8H.1       PUBLIC        CCF1
  -------         PROC          _MOUNT_DRIVE
  D:0006H         SYMBOL        xram_data_array
  -------         DO            xram_data_array
  D:0033H         SYMBOL        temp8
  D:0034H         SYMBOL        NumFAT
  D:0004H         SYMBOL        temp16
  D:0035H         SYMBOL        RootEntCnt
  D:0037H         SYMBOL        RsvdSecCnt
  D:0039H         SYMBOL        FATSz16
  D:003BH         SYMBOL        TotSec16
  D:003DH         SYMBOL        ClusterCount
  D:0041H         SYMBOL        FATSz
  D:0045H         SYMBOL        TotSec
  D:0049H         SYMBOL        DataSec
  D:004DH         SYMBOL        MBR_RelSec
  D:0051H         SYMBOL        RootClus
  D:0055H         SYMBOL        data_array
  D:0058H         SYMBOL        drive_values
  -------         ENDDO         drive_values
  C:147CH         LINE#         24
  C:147CH         LINE#         25
  C:147CH         LINE#         31
  C:1487H         LINE#         33
  C:1490H         LINE#         37
  C:1499H         LINE#         38
  C:14B3H         LINE#         39
  C:14C1H         LINE#         40
  C:14CAH         LINE#         41
  C:14D6H         LINE#         42
  C:14D6H         LINE#         45
  C:14EBH         LINE#         47
  C:14FDH         LINE#         48
  C:150BH         LINE#         49
  C:150BH         LINE#         52
  C:1517H         LINE#         53
  C:1517H         LINE#         54
  C:1520H         LINE#         55
  C:1523H         LINE#         56
  C:1523H         LINE#         60
  C:153FH         LINE#         63
  C:1546H         LINE#         65
  C:154FH         LINE#         67
  C:1555H         LINE#         68
  C:1555H         LINE#         69
  C:1563H         LINE#         70
  C:156AH         LINE#         71
  C:156CH         LINE#         73
  C:1583H         LINE#         75
  C:1594H         LINE#         76
  C:15A3H         LINE#         77
  C:15B4H         LINE#         78
  C:15C5H         LINE#         79
  C:15D6H         LINE#         80
BL51 BANKED LINKER/LOCATER V4.02                                                      11/21/2019  13:27:16  PAGE 19


  C:15EBH         LINE#         83
  C:15F1H         LINE#         84
  C:15F1H         LINE#         85
  C:1607H         LINE#         86
  C:1609H         LINE#         88
  C:1609H         LINE#         89
  C:161EH         LINE#         90
  C:161EH         LINE#         92
  C:1624H         LINE#         93
  C:1624H         LINE#         94
  C:162FH         LINE#         95
  C:1631H         LINE#         97
  C:1631H         LINE#         98
  C:1646H         LINE#         99
  C:1646H         LINE#         102
  C:1680H         LINE#         105
  C:16D7H         LINE#         108
  C:16F6H         LINE#         111
  C:174DH         LINE#         114
  C:176DH         LINE#         115
  C:1782H         LINE#         116
  C:1782H         LINE#         118
  C:178BH         LINE#         119
  C:178EH         LINE#         120
  C:178EH         LINE#         121
  C:17A3H         LINE#         122
  C:17A3H         LINE#         124
  C:17B1H         LINE#         125
  C:17BAH         LINE#         126
  C:17FFH         LINE#         127
  C:1801H         LINE#         129
  C:1801H         LINE#         131
  C:180FH         LINE#         132
  C:1818H         LINE#         133
  C:186FH         LINE#         134
  C:186FH         LINE#         136
  C:1871H         LINE#         137
  -------         ENDPROC       _MOUNT_DRIVE
  -------         PROC          _FIRST_SECTOR
  D:003AH         SYMBOL        cluster_num
  -------         DO            cluster_num
  D:003EH         SYMBOL        drive_values
  -------         ENDDO         drive_values
  C:3868H         LINE#         139
  C:3870H         LINE#         140
  C:3870H         LINE#         141
  C:3879H         LINE#         144
  C:388CH         LINE#         145
  C:388CH         LINE#         146
  C:3898H         LINE#         147
  C:3898H         LINE#         149
  C:3898H         LINE#         150
  C:38E3H         LINE#         151
  C:38E3H         LINE#         152
  -------         ENDPROC       _FIRST_SECTOR
  -------         PROC          _FIND_NEXT_CLUS
  D:0033H         SYMBOL        cluster_num
BL51 BANKED LINKER/LOCATER V4.02                                                      11/21/2019  13:27:16  PAGE 20


  D:0037H         SYMBOL        xram_data_array
  -------         DO            xram_data_array
  D:0039H         SYMBOL        data_array
  D:003CH         SYMBOL        FAToffset
  D:0004H         SYMBOL        sector
  D:003EH         SYMBOL        next_clus
  D:0042H         SYMBOL        drive_values
  -------         ENDDO         drive_values
  C:2CCBH         LINE#         154
  C:2CD3H         LINE#         155
  C:2CD3H         LINE#         159
  C:2CDCH         LINE#         161
  C:2CE5H         LINE#         164
  C:2D3EH         LINE#         165
  C:2D5BH         LINE#         168
  C:2DAAH         LINE#         171
  C:2DB9H         LINE#         172
  C:2DB9H         LINE#         173
  C:2DCAH         LINE#         174
  C:2DCAH         LINE#         175
  C:2DDAH         LINE#         176
  C:2DDAH         LINE#         177
  C:2DF0H         LINE#         180
  C:2E04H         LINE#         181
  C:2E04H         LINE#         182
  C:2E0CH         LINE#         183
  C:2E0CH         LINE#         185
  C:2E0CH         LINE#         186
  C:2E15H         LINE#         187
  C:2E15H         LINE#         188
  C:2E15H         LINE#         190
  C:2E15H         LINE#         191
  C:2E1EH         LINE#         192
  C:2E24H         LINE#         193
  C:2E24H         LINE#         195
  C:2E2DH         LINE#         196
  C:2E32H         LINE#         197
  -------         ENDPROC       _FIND_NEXT_CLUS
  -------         ENDMOD        FILE_SYSTEM

  -------         MODULE        LCD_HARDWARE_FUNCTIONS
  C:0000H         SYMBOL        _ICE_DUMMY_
  B:00D8H.2       PUBLIC        CCF2
  B:00D8H.3       PUBLIC        CCF3
  D:0080H         PUBLIC        P0
  B:00D8H.4       PUBLIC        CCF4
  D:0090H         PUBLIC        P1
  D:00A0H         PUBLIC        P2
  D:00B0H         PUBLIC        P3
  B:00B0H.4       PUBLIC        T0
  B:00D0H.6       PUBLIC        AC
  B:00B0H.5       PUBLIC        T1
  B:00B0H.7       PUBLIC        nRD
  B:0090H.0       PUBLIC        T2
  B:00A8H.7       PUBLIC        EA
  B:00A8H.6       PUBLIC        EC
  B:00D8H.7       PUBLIC        CF
BL51 BANKED LINKER/LOCATER V4.02                                                      11/21/2019  13:27:16  PAGE 21


  B:00B0H.2       PUBLIC        nINT0
  B:0098H.7       PUBLIC        FE
  B:00B0H.3       PUBLIC        nINT1
  D:00A8H         PUBLIC        IEN0
  B:00B0H.0       PUBLIC        RxD
  B:00B0H.1       PUBLIC        TxD
  B:0090H.3       PUBLIC        CEX0
  B:0090H.4       PUBLIC        CEX1
  B:00C8H.0       PUBLIC        CP
  B:0090H.3       PUBLIC        P1_3
  B:00B0H.2       PUBLIC        P3_2
  B:00D8H.6       PUBLIC        CR
  B:00B0H.3       PUBLIC        P3_3
  B:00C8H.6       PUBLIC        EXF2
  D:00B8H         PUBLIC        IPL0
  B:00B0H.4       PUBLIC        P3_4
  B:00B0H.5       PUBLIC        P3_5
  B:00B0H.6       PUBLIC        nWR
  B:00A8H.4       PUBLIC        ES
  B:0098H.0       PUBLIC        RI
  B:00D0H.7       PUBLIC        CY
  B:0098H.1       PUBLIC        TI
  B:00B8H.1       PUBLIC        PT0L
  C:3C4CH         PUBLIC        _LCD_Write
  B:00B8H.3       PUBLIC        PT1L
  B:00B8H.5       PUBLIC        PT2L
  B:0090H.1       PUBLIC        T2EX
  D:00D8H         PUBLIC        CCON
  B:00B0H.6       PUBLIC        RS
  B:00B8H.0       PUBLIC        PX0L
  B:00D0H.2       PUBLIC        OV
  B:0090H.1       PUBLIC        SS
  B:00B8H.2       PUBLIC        PX1L
  B:00C8H.5       PUBLIC        RCLK
  B:00C8H.4       PUBLIC        TCLK
  B:00B8H.6       PUBLIC        PPCL
  B:00A0H.4       PUBLIC        REDLED
  D:0098H         PUBLIC        SCON
  B:00A0H.6       PUBLIC        YELLOWLED
  B:0090H.4       PUBLIC        nCS0
  B:0080H.0       PUBLIC        AD0
  D:0088H         PUBLIC        TCON
  B:0080H.1       PUBLIC        AD1
  B:0080H.2       PUBLIC        AD2
  B:00B0H.1       PUBLIC        per_RxD
  B:00C8H.1       PUBLIC        CnT2
  B:0080H.3       PUBLIC        AD3
  B:0090H.5       PUBLIC        MISO
  B:0090H.7       PUBLIC        MOSI
  B:0080H.4       PUBLIC        AD4
  B:00B0H.0       PUBLIC        per_TxD
  B:0080H.5       PUBLIC        AD5
  B:0080H.6       PUBLIC        AD6
  B:0080H.7       PUBLIC        AD7
  B:00A0H.0       PUBLIC        AD8
  B:00A0H.1       PUBLIC        AD9
  B:0088H.1       PUBLIC        IE0
BL51 BANKED LINKER/LOCATER V4.02                                                      11/21/2019  13:27:16  PAGE 22


  B:00A0H.7       PUBLIC        AMBERLED
  B:0088H.3       PUBLIC        IE1
  B:00B0H.7       PUBLIC        E
  B:00A0H.5       PUBLIC        GREENLED
  B:00A8H.1       PUBLIC        ET0
  B:00A8H.3       PUBLIC        ET1
  B:0088H.5       PUBLIC        TF0
  B:00A8H.5       PUBLIC        ET2
  B:0088H.7       PUBLIC        TF1
  B:00C8H.7       PUBLIC        TF2
  B:0098H.2       PUBLIC        RB8
  B:00A8H.0       PUBLIC        EX0
  B:0088H.0       PUBLIC        IT0
  B:0098H.3       PUBLIC        TB8
  B:00A8H.2       PUBLIC        EX1
  B:0088H.2       PUBLIC        IT1
  B:00D0H.0       PUBLIC        P
  B:0098H.7       PUBLIC        SM0
  B:0090H.2       PUBLIC        ECI
  B:0098H.6       PUBLIC        SM1
  B:0098H.5       PUBLIC        SM2
  B:00D0H.3       PUBLIC        RS0
  B:0088H.4       PUBLIC        TR0
  B:00D0H.4       PUBLIC        RS1
  B:0090H.6       PUBLIC        per_SCLK
  B:0088H.6       PUBLIC        TR1
  B:0090H.0       PUBLIC        SDA
  B:00C8H.2       PUBLIC        TR2
  B:00A0H.0       PUBLIC        SW1
  B:00A0H.1       PUBLIC        SW2
  B:00A0H.2       PUBLIC        SW3
  B:00A0H.3       PUBLIC        SW4
  B:0090H.6       PUBLIC        SCK
  B:0090H.7       PUBLIC        per_MOSI
  B:0090H.5       PUBLIC        per_MISO
  B:0090H.1       PUBLIC        SCL
  B:00C8H.3       PUBLIC        EXEN2
  B:0090H.2       PUBLIC        DATA_REQ
  B:0098H.4       PUBLIC        REN
  B:00A0H.2       PUBLIC        AD10
  B:00A0H.3       PUBLIC        AD11
  D:00C8H         PUBLIC        T2CON
  B:00A0H.4       PUBLIC        AD12
  B:00A0H.5       PUBLIC        AD13
  B:00A0H.6       PUBLIC        AD14
  B:00A0H.7       PUBLIC        AD15
  B:00B8H.4       PUBLIC        PLS
  B:00D0H.5       PUBLIC        F0
  B:00D0H.1       PUBLIC        F1
  D:00D0H         PUBLIC        PSW
  B:00D8H.0       PUBLIC        CCF0
  B:00D8H.1       PUBLIC        CCF1
  -------         PROC          _LCD_WRITE
  D:0007H         SYMBOL        RegSelect
  D:0039H         SYMBOL        LCD_Data
  C:3C4CH         LINE#         14
  C:3C4EH         LINE#         15
BL51 BANKED LINKER/LOCATER V4.02                                                      11/21/2019  13:27:16  PAGE 23


  C:3C4EH         LINE#         16
  C:3C51H         LINE#         17
  C:3C51H         LINE#         18
  C:3C56H         LINE#         19
  C:3C58H         LINE#         21
  C:3C58H         LINE#         22
  C:3C5DH         LINE#         23
  C:3C5DH         LINE#         24
  C:3C62H         LINE#         25
  C:3C67H         LINE#         26
  C:3C6CH         LINE#         27
  C:3C71H         LINE#         28
  -------         ENDPROC       _LCD_WRITE
  -------         ENDMOD        LCD_HARDWARE_FUNCTIONS

  -------         MODULE        LCD_ROUTINES
  C:0000H         SYMBOL        _ICE_DUMMY_
  B:00D8H.2       PUBLIC        CCF2
  B:00D8H.3       PUBLIC        CCF3
  D:0080H         PUBLIC        P0
  B:00D8H.4       PUBLIC        CCF4
  D:0090H         PUBLIC        P1
  D:00A0H         PUBLIC        P2
  D:00B0H         PUBLIC        P3
  B:00B0H.4       PUBLIC        T0
  B:00D0H.6       PUBLIC        AC
  B:00B0H.5       PUBLIC        T1
  B:00B0H.7       PUBLIC        nRD
  B:0090H.0       PUBLIC        T2
  B:00A8H.7       PUBLIC        EA
  B:00A8H.6       PUBLIC        EC
  B:00D8H.7       PUBLIC        CF
  B:00B0H.2       PUBLIC        nINT0
  B:0098H.7       PUBLIC        FE
  B:00B0H.3       PUBLIC        nINT1
  D:00A8H         PUBLIC        IEN0
  B:00B0H.0       PUBLIC        RxD
  B:00B0H.1       PUBLIC        TxD
  B:0090H.3       PUBLIC        CEX0
  B:0090H.4       PUBLIC        CEX1
  B:00C8H.0       PUBLIC        CP
  B:00D8H.6       PUBLIC        CR
  B:00C8H.6       PUBLIC        EXF2
  D:00B8H         PUBLIC        IPL0
  B:00B0H.6       PUBLIC        nWR
  B:00A8H.4       PUBLIC        ES
  B:0098H.0       PUBLIC        RI
  B:00D0H.7       PUBLIC        CY
  B:0098H.1       PUBLIC        TI
  B:00B8H.1       PUBLIC        PT0L
  B:00B8H.3       PUBLIC        PT1L
  B:00B8H.5       PUBLIC        PT2L
  B:0090H.1       PUBLIC        T2EX
  D:00D8H         PUBLIC        CCON
  B:00B8H.0       PUBLIC        PX0L
  B:00D0H.2       PUBLIC        OV
  B:0090H.1       PUBLIC        SS
BL51 BANKED LINKER/LOCATER V4.02                                                      11/21/2019  13:27:16  PAGE 24


  B:00B8H.2       PUBLIC        PX1L
  B:00C8H.5       PUBLIC        RCLK
  B:00C8H.4       PUBLIC        TCLK
  B:00B8H.6       PUBLIC        PPCL
  D:0098H         PUBLIC        SCON
  B:0080H.0       PUBLIC        AD0
  D:0088H         PUBLIC        TCON
  B:0080H.1       PUBLIC        AD1
  B:0080H.2       PUBLIC        AD2
  B:00C8H.1       PUBLIC        CnT2
  B:0080H.3       PUBLIC        AD3
  B:0090H.5       PUBLIC        MISO
  B:0090H.7       PUBLIC        MOSI
  B:0080H.4       PUBLIC        AD4
  B:0080H.5       PUBLIC        AD5
  B:0080H.6       PUBLIC        AD6
  B:0080H.7       PUBLIC        AD7
  B:00A0H.0       PUBLIC        AD8
  B:00A0H.1       PUBLIC        AD9
  B:0088H.1       PUBLIC        IE0
  B:0088H.3       PUBLIC        IE1
  C:37E3H         PUBLIC        _LCD_print
  B:00A8H.1       PUBLIC        ET0
  C:3B79H         PUBLIC        LCD_Init
  B:00A8H.3       PUBLIC        ET1
  B:0088H.5       PUBLIC        TF0
  B:00A8H.5       PUBLIC        ET2
  B:0088H.7       PUBLIC        TF1
  B:00C8H.7       PUBLIC        TF2
  B:0098H.2       PUBLIC        RB8
  B:00A8H.0       PUBLIC        EX0
  B:0088H.0       PUBLIC        IT0
  B:0098H.3       PUBLIC        TB8
  B:00A8H.2       PUBLIC        EX1
  B:0088H.2       PUBLIC        IT1
  B:00D0H.0       PUBLIC        P
  B:0098H.7       PUBLIC        SM0
  B:0090H.2       PUBLIC        ECI
  B:0098H.6       PUBLIC        SM1
  B:0098H.5       PUBLIC        SM2
  B:00D0H.3       PUBLIC        RS0
  B:0088H.4       PUBLIC        TR0
  B:00D0H.4       PUBLIC        RS1
  B:0088H.6       PUBLIC        TR1
  B:00C8H.2       PUBLIC        TR2
  B:0090H.6       PUBLIC        SCK
  B:00C8H.3       PUBLIC        EXEN2
  B:0098H.4       PUBLIC        REN
  B:00A0H.2       PUBLIC        AD10
  B:00A0H.3       PUBLIC        AD11
  D:00C8H         PUBLIC        T2CON
  B:00A0H.4       PUBLIC        AD12
  B:00A0H.5       PUBLIC        AD13
  B:00A0H.6       PUBLIC        AD14
  B:00A0H.7       PUBLIC        AD15
  B:00B8H.4       PUBLIC        PLS
  B:00D0H.5       PUBLIC        F0
BL51 BANKED LINKER/LOCATER V4.02                                                      11/21/2019  13:27:16  PAGE 25


  B:00D0H.1       PUBLIC        F1
  D:00D0H         PUBLIC        PSW
  B:00D8H.0       PUBLIC        CCF0
  B:00D8H.1       PUBLIC        CCF1
  -------         PROC          LCD_INIT
  C:3B79H         LINE#         14
  C:3B79H         LINE#         15
  C:3B79H         LINE#         16
  C:3B80H         LINE#         17
  C:3B87H         LINE#         18
  C:3B8EH         LINE#         19
  C:3B95H         LINE#         20
  C:3B9CH         LINE#         21
  C:3BA3H         LINE#         22
  C:3BAAH         LINE#         23
  -------         ENDPROC       LCD_INIT
  -------         PROC          _LCD_PRINT
  D:0007H         SYMBOL        address
  D:0033H         SYMBOL        num_bytes
  D:0034H         SYMBOL        array_name_p
  -------         DO            array_name_p
  D:0037H         SYMBOL        index
  D:0038H         SYMBOL        character
  -------         ENDDO         character
  C:37E3H         LINE#         28
  C:37EBH         LINE#         29
  C:37EBH         LINE#         31
  C:37EFH         LINE#         32
  C:37EFH         LINE#         33
  C:37F8H         LINE#         34
  C:37FFH         LINE#         35
  C:37FFH         LINE#         36
  C:3803H         LINE#         37
  C:3803H         LINE#         38
  C:3805H         LINE#         39
  C:3815H         LINE#         40
  C:3819H         LINE#         41
  C:3819H         LINE#         42
  C:381FH         LINE#         43
  C:3826H         LINE#         44
  C:3828H         LINE#         45
  C:3839H         LINE#         46
  C:383BH         LINE#         47
  C:383BH         LINE#         49
  C:383BH         LINE#         50
  C:3845H         LINE#         51
  C:3845H         LINE#         52
  C:3856H         LINE#         53
  C:385CH         LINE#         54
  C:3863H         LINE#         55
  C:3867H         LINE#         56
  C:3867H         LINE#         57
  -------         ENDPROC       _LCD_PRINT
  -------         ENDMOD        LCD_ROUTINES

  -------         MODULE        LED_CONTROL
  C:0000H         SYMBOL        _ICE_DUMMY_
BL51 BANKED LINKER/LOCATER V4.02                                                      11/21/2019  13:27:16  PAGE 26


  B:00D8H.2       PUBLIC        CCF2
  B:00D8H.3       PUBLIC        CCF3
  D:0080H         PUBLIC        P0
  B:00D8H.4       PUBLIC        CCF4
  D:0090H         PUBLIC        P1
  D:00A0H         PUBLIC        P2
  D:00B0H         PUBLIC        P3
  B:00B0H.4       PUBLIC        T0
  B:00D0H.6       PUBLIC        AC
  B:00B0H.5       PUBLIC        T1
  B:00B0H.7       PUBLIC        nRD
  B:0090H.0       PUBLIC        T2
  B:00A8H.7       PUBLIC        EA
  C:3D68H         PUBLIC        _LEDS_ON
  B:00A8H.6       PUBLIC        EC
  B:00D8H.7       PUBLIC        CF
  B:00B0H.2       PUBLIC        nINT0
  B:0098H.7       PUBLIC        FE
  B:00B0H.3       PUBLIC        nINT1
  D:00A8H         PUBLIC        IEN0
  B:00B0H.0       PUBLIC        RxD
  B:00B0H.1       PUBLIC        TxD
  B:0090H.3       PUBLIC        CEX0
  B:0090H.4       PUBLIC        CEX1
  B:00C8H.0       PUBLIC        CP
  B:0090H.3       PUBLIC        P1_3
  B:00B0H.2       PUBLIC        P3_2
  B:00D8H.6       PUBLIC        CR
  B:00B0H.3       PUBLIC        P3_3
  B:00C8H.6       PUBLIC        EXF2
  D:00B8H         PUBLIC        IPL0
  B:00B0H.4       PUBLIC        P3_4
  B:00B0H.5       PUBLIC        P3_5
  B:00B0H.6       PUBLIC        nWR
  B:00A8H.4       PUBLIC        ES
  B:0098H.0       PUBLIC        RI
  B:00D0H.7       PUBLIC        CY
  B:0098H.1       PUBLIC        TI
  B:00B8H.1       PUBLIC        PT0L
  B:00B8H.3       PUBLIC        PT1L
  C:3B3EH         PUBLIC        _LED_number
  B:00B8H.5       PUBLIC        PT2L
  B:0090H.1       PUBLIC        T2EX
  D:00D8H         PUBLIC        CCON
  B:00B0H.6       PUBLIC        RS
  B:00B8H.0       PUBLIC        PX0L
  B:00D0H.2       PUBLIC        OV
  B:0090H.1       PUBLIC        SS
  B:00B8H.2       PUBLIC        PX1L
  B:00C8H.5       PUBLIC        RCLK
  B:00C8H.4       PUBLIC        TCLK
  B:00B8H.6       PUBLIC        PPCL
  B:00A0H.4       PUBLIC        REDLED
  D:0098H         PUBLIC        SCON
  B:00A0H.6       PUBLIC        YELLOWLED
  B:0090H.4       PUBLIC        nCS0
  B:0080H.0       PUBLIC        AD0
BL51 BANKED LINKER/LOCATER V4.02                                                      11/21/2019  13:27:16  PAGE 27


  D:0088H         PUBLIC        TCON
  B:0080H.1       PUBLIC        AD1
  B:0080H.2       PUBLIC        AD2
  B:00B0H.1       PUBLIC        per_RxD
  B:00C8H.1       PUBLIC        CnT2
  B:0080H.3       PUBLIC        AD3
  B:0090H.5       PUBLIC        MISO
  B:0090H.7       PUBLIC        MOSI
  B:0080H.4       PUBLIC        AD4
  B:00B0H.0       PUBLIC        per_TxD
  B:0080H.5       PUBLIC        AD5
  B:0080H.6       PUBLIC        AD6
  B:0080H.7       PUBLIC        AD7
  B:00A0H.0       PUBLIC        AD8
  B:00A0H.1       PUBLIC        AD9
  B:0088H.1       PUBLIC        IE0
  B:00A0H.7       PUBLIC        AMBERLED
  B:0088H.3       PUBLIC        IE1
  B:00B0H.7       PUBLIC        E
  C:3D86H         PUBLIC        _LEDS_OFF
  B:00A0H.5       PUBLIC        GREENLED
  B:00A8H.1       PUBLIC        ET0
  B:00A8H.3       PUBLIC        ET1
  B:0088H.5       PUBLIC        TF0
  B:00A8H.5       PUBLIC        ET2
  B:0088H.7       PUBLIC        TF1
  B:00C8H.7       PUBLIC        TF2
  B:0098H.2       PUBLIC        RB8
  B:00A8H.0       PUBLIC        EX0
  B:0088H.0       PUBLIC        IT0
  B:0098H.3       PUBLIC        TB8
  B:00A8H.2       PUBLIC        EX1
  B:0088H.2       PUBLIC        IT1
  B:00D0H.0       PUBLIC        P
  B:0098H.7       PUBLIC        SM0
  B:0090H.2       PUBLIC        ECI
  B:0098H.6       PUBLIC        SM1
  B:0098H.5       PUBLIC        SM2
  B:00D0H.3       PUBLIC        RS0
  B:0088H.4       PUBLIC        TR0
  B:00D0H.4       PUBLIC        RS1
  B:0090H.6       PUBLIC        per_SCLK
  B:0088H.6       PUBLIC        TR1
  B:0090H.0       PUBLIC        SDA
  B:00C8H.2       PUBLIC        TR2
  B:00A0H.0       PUBLIC        SW1
  B:00A0H.1       PUBLIC        SW2
  B:00A0H.2       PUBLIC        SW3
  B:00A0H.3       PUBLIC        SW4
  B:0090H.6       PUBLIC        SCK
  B:0090H.7       PUBLIC        per_MOSI
  B:0090H.5       PUBLIC        per_MISO
  B:0090H.1       PUBLIC        SCL
  B:00C8H.3       PUBLIC        EXEN2
  B:0090H.2       PUBLIC        DATA_REQ
  B:0098H.4       PUBLIC        REN
  B:00A0H.2       PUBLIC        AD10
BL51 BANKED LINKER/LOCATER V4.02                                                      11/21/2019  13:27:16  PAGE 28


  B:00A0H.3       PUBLIC        AD11
  D:00C8H         PUBLIC        T2CON
  B:00A0H.4       PUBLIC        AD12
  B:00A0H.5       PUBLIC        AD13
  B:00A0H.6       PUBLIC        AD14
  B:00A0H.7       PUBLIC        AD15
  B:00B8H.4       PUBLIC        PLS
  B:00D0H.5       PUBLIC        F0
  B:00D0H.1       PUBLIC        F1
  D:00D0H         PUBLIC        PSW
  B:00D8H.0       PUBLIC        CCF0
  B:00D8H.1       PUBLIC        CCF1
  -------         PROC          _LEDS_ON
  D:0007H         SYMBOL        LED_mask
  C:3D68H         LINE#         13
  C:3D68H         LINE#         14
  C:3D68H         LINE#         15
  C:3D6CH         LINE#         16
  -------         ENDPROC       _LEDS_ON
  -------         PROC          _LEDS_OFF
  D:0007H         SYMBOL        LED_mask
  C:3D86H         LINE#         26
  C:3D86H         LINE#         27
  C:3D86H         LINE#         28
  C:3D89H         LINE#         29
  -------         ENDPROC       _LEDS_OFF
  -------         PROC          _LED_NUMBER
  D:0006H         SYMBOL        num
  C:3B3EH         LINE#         31
  C:3B40H         LINE#         32
  C:3B40H         LINE#         33
  C:3B45H         LINE#         34
  C:3B4AH         LINE#         35
  C:3B4FH         LINE#         36
  C:3B54H         LINE#         37
  C:3B5DH         LINE#         38
  C:3B66H         LINE#         39
  C:3B6FH         LINE#         40
  C:3B78H         LINE#         41
  -------         ENDPROC       _LED_NUMBER
  -------         ENDMOD        LED_CONTROL

  -------         MODULE        OUTPUTS
  C:0000H         SYMBOL        _ICE_DUMMY_
  B:00D8H.2       PUBLIC        CCF2
  B:00D8H.3       PUBLIC        CCF3
  D:0080H         PUBLIC        P0
  B:00D8H.4       PUBLIC        CCF4
  D:0090H         PUBLIC        P1
  D:00A0H         PUBLIC        P2
  D:00B0H         PUBLIC        P3
  B:00B0H.4       PUBLIC        T0
  B:00D0H.6       PUBLIC        AC
  B:00B0H.5       PUBLIC        T1
  B:00B0H.7       PUBLIC        nRD
  B:0090H.0       PUBLIC        T2
  B:00A8H.7       PUBLIC        EA
BL51 BANKED LINKER/LOCATER V4.02                                                      11/21/2019  13:27:16  PAGE 29


  B:00A8H.6       PUBLIC        EC
  B:00D8H.7       PUBLIC        CF
  C:3D9EH         PUBLIC        _P0_output_bits
  B:00B0H.2       PUBLIC        nINT0
  B:0098H.7       PUBLIC        FE
  B:00B0H.3       PUBLIC        nINT1
  D:00A8H         PUBLIC        IEN0
  B:00B0H.0       PUBLIC        RxD
  B:00B0H.1       PUBLIC        TxD
  B:0090H.3       PUBLIC        CEX0
  B:0090H.4       PUBLIC        CEX1
  B:00C8H.0       PUBLIC        CP
  B:0090H.3       PUBLIC        P1_3
  B:00B0H.2       PUBLIC        P3_2
  B:00D8H.6       PUBLIC        CR
  B:00B0H.3       PUBLIC        P3_3
  B:00C8H.6       PUBLIC        EXF2
  D:00B8H         PUBLIC        IPL0
  B:00B0H.4       PUBLIC        P3_4
  B:00B0H.5       PUBLIC        P3_5
  B:00B0H.6       PUBLIC        nWR
  B:00A8H.4       PUBLIC        ES
  B:0098H.0       PUBLIC        RI
  B:00D0H.7       PUBLIC        CY
  B:0098H.1       PUBLIC        TI
  B:00B8H.1       PUBLIC        PT0L
  B:00B8H.3       PUBLIC        PT1L
  B:00B8H.5       PUBLIC        PT2L
  B:0090H.1       PUBLIC        T2EX
  D:00D8H         PUBLIC        CCON
  B:00B0H.6       PUBLIC        RS
  B:00B8H.0       PUBLIC        PX0L
  B:00D0H.2       PUBLIC        OV
  B:0090H.1       PUBLIC        SS
  B:00B8H.2       PUBLIC        PX1L
  B:00C8H.5       PUBLIC        RCLK
  B:00C8H.4       PUBLIC        TCLK
  C:3D8AH         PUBLIC        _P1_set_bit
  B:00B8H.6       PUBLIC        PPCL
  C:3D8EH         PUBLIC        _P2_set_bit
  C:3D92H         PUBLIC        _P3_set_bit
  B:00A0H.4       PUBLIC        REDLED
  D:0098H         PUBLIC        SCON
  B:00A0H.6       PUBLIC        YELLOWLED
  B:0090H.4       PUBLIC        nCS0
  B:0080H.0       PUBLIC        AD0
  D:0088H         PUBLIC        TCON
  B:0080H.1       PUBLIC        AD1
  B:0080H.2       PUBLIC        AD2
  B:00B0H.1       PUBLIC        per_RxD
  B:00C8H.1       PUBLIC        CnT2
  B:0080H.3       PUBLIC        AD3
  B:0090H.5       PUBLIC        MISO
  B:0090H.7       PUBLIC        MOSI
  B:0080H.4       PUBLIC        AD4
  B:00B0H.0       PUBLIC        per_TxD
  B:0080H.5       PUBLIC        AD5
BL51 BANKED LINKER/LOCATER V4.02                                                      11/21/2019  13:27:16  PAGE 30


  B:0080H.6       PUBLIC        AD6
  B:0080H.7       PUBLIC        AD7
  B:00A0H.0       PUBLIC        AD8
  B:00A0H.1       PUBLIC        AD9
  B:0088H.1       PUBLIC        IE0
  B:00A0H.7       PUBLIC        AMBERLED
  B:0088H.3       PUBLIC        IE1
  B:00B0H.7       PUBLIC        E
  B:00A0H.5       PUBLIC        GREENLED
  B:00A8H.1       PUBLIC        ET0
  B:00A8H.3       PUBLIC        ET1
  B:0088H.5       PUBLIC        TF0
  B:00A8H.5       PUBLIC        ET2
  B:0088H.7       PUBLIC        TF1
  B:00C8H.7       PUBLIC        TF2
  B:0098H.2       PUBLIC        RB8
  B:00A8H.0       PUBLIC        EX0
  B:0088H.0       PUBLIC        IT0
  B:0098H.3       PUBLIC        TB8
  B:00A8H.2       PUBLIC        EX1
  B:0088H.2       PUBLIC        IT1
  B:00D0H.0       PUBLIC        P
  B:0098H.7       PUBLIC        SM0
  B:0090H.2       PUBLIC        ECI
  B:0098H.6       PUBLIC        SM1
  B:0098H.5       PUBLIC        SM2
  B:00D0H.3       PUBLIC        RS0
  B:0088H.4       PUBLIC        TR0
  B:00D0H.4       PUBLIC        RS1
  B:0090H.6       PUBLIC        per_SCLK
  B:0088H.6       PUBLIC        TR1
  B:0090H.0       PUBLIC        SDA
  B:00C8H.2       PUBLIC        TR2
  B:00A0H.0       PUBLIC        SW1
  B:00A0H.1       PUBLIC        SW2
  B:00A0H.2       PUBLIC        SW3
  B:00A0H.3       PUBLIC        SW4
  B:0090H.6       PUBLIC        SCK
  B:0090H.7       PUBLIC        per_MOSI
  B:0090H.5       PUBLIC        per_MISO
  B:0090H.1       PUBLIC        SCL
  B:00C8H.3       PUBLIC        EXEN2
  B:0090H.2       PUBLIC        DATA_REQ
  B:0098H.4       PUBLIC        REN
  B:00A0H.2       PUBLIC        AD10
  B:00A0H.3       PUBLIC        AD11
  D:00C8H         PUBLIC        T2CON
  B:00A0H.4       PUBLIC        AD12
  B:00A0H.5       PUBLIC        AD13
  B:00A0H.6       PUBLIC        AD14
  B:00A0H.7       PUBLIC        AD15
  C:3D6DH         PUBLIC        _P1_clear_bit
  C:3D72H         PUBLIC        _P3_clear_bit
  B:00B8H.4       PUBLIC        PLS
  B:00D0H.5       PUBLIC        F0
  B:00D0H.1       PUBLIC        F1
  D:00D0H         PUBLIC        PSW
BL51 BANKED LINKER/LOCATER V4.02                                                      11/21/2019  13:27:16  PAGE 31


  B:00D8H.0       PUBLIC        CCF0
  B:00D8H.1       PUBLIC        CCF1
  -------         PROC          _P0_OUTPUT_BITS
  D:0007H         SYMBOL        Port_Data
  C:3D9EH         LINE#         14
  C:3D9EH         LINE#         15
  C:3D9EH         LINE#         16
  C:3DA0H         LINE#         17
  -------         ENDPROC       _P0_OUTPUT_BITS
  -------         PROC          _P1_CLEAR_BIT
  D:0007H         SYMBOL        Bit_Data
  C:3D6DH         LINE#         50
  C:3D6DH         LINE#         51
  C:3D6DH         LINE#         52
  C:3D71H         LINE#         53
  -------         ENDPROC       _P1_CLEAR_BIT
  -------         PROC          _P3_CLEAR_BIT
  D:0007H         SYMBOL        Bit_Data
  C:3D72H         LINE#         60
  C:3D72H         LINE#         61
  C:3D72H         LINE#         62
  C:3D76H         LINE#         63
  -------         ENDPROC       _P3_CLEAR_BIT
  -------         PROC          _P1_SET_BIT
  D:0007H         SYMBOL        Bit_Data
  C:3D8AH         LINE#         76
  C:3D8AH         LINE#         77
  C:3D8AH         LINE#         78
  C:3D8DH         LINE#         79
  -------         ENDPROC       _P1_SET_BIT
  -------         PROC          _P2_SET_BIT
  D:0007H         SYMBOL        Bit_Data
  C:3D8EH         LINE#         81
  C:3D8EH         LINE#         82
  C:3D8EH         LINE#         83
  C:3D91H         LINE#         84
  -------         ENDPROC       _P2_SET_BIT
  -------         PROC          _P3_SET_BIT
  D:0007H         SYMBOL        Bit_Data
  C:3D92H         LINE#         86
  C:3D92H         LINE#         87
  C:3D92H         LINE#         88
  C:3D95H         LINE#         89
  -------         ENDPROC       _P3_SET_BIT
  -------         ENDMOD        OUTPUTS

  -------         MODULE        PRINT_BYTES
  C:0000H         SYMBOL        _ICE_DUMMY_
  B:00D8H.2       PUBLIC        CCF2
  B:00D8H.3       PUBLIC        CCF3
  D:0080H         PUBLIC        P0
  B:00D8H.4       PUBLIC        CCF4
  D:0090H         PUBLIC        P1
  D:00A0H         PUBLIC        P2
  D:00B0H         PUBLIC        P3
  B:00B0H.4       PUBLIC        T0
  B:00D0H.6       PUBLIC        AC
BL51 BANKED LINKER/LOCATER V4.02                                                      11/21/2019  13:27:16  PAGE 32


  B:00B0H.5       PUBLIC        T1
  B:00B0H.7       PUBLIC        nRD
  B:0090H.0       PUBLIC        T2
  B:00A8H.7       PUBLIC        EA
  B:00A8H.6       PUBLIC        EC
  B:00D8H.7       PUBLIC        CF
  B:00B0H.2       PUBLIC        nINT0
  B:0098H.7       PUBLIC        FE
  B:00B0H.3       PUBLIC        nINT1
  D:00A8H         PUBLIC        IEN0
  B:00B0H.0       PUBLIC        RxD
  B:00B0H.1       PUBLIC        TxD
  B:0090H.3       PUBLIC        CEX0
  B:0090H.4       PUBLIC        CEX1
  B:00C8H.0       PUBLIC        CP
  B:00D8H.6       PUBLIC        CR
  B:00C8H.6       PUBLIC        EXF2
  D:00B8H         PUBLIC        IPL0
  B:00B0H.6       PUBLIC        nWR
  B:00A8H.4       PUBLIC        ES
  B:0098H.0       PUBLIC        RI
  B:00D0H.7       PUBLIC        CY
  B:0098H.1       PUBLIC        TI
  B:00B8H.1       PUBLIC        PT0L
  B:00B8H.3       PUBLIC        PT1L
  B:00B8H.5       PUBLIC        PT2L
  B:0090H.1       PUBLIC        T2EX
  D:00D8H         PUBLIC        CCON
  B:00B8H.0       PUBLIC        PX0L
  B:00D0H.2       PUBLIC        OV
  B:0090H.1       PUBLIC        SS
  B:00B8H.2       PUBLIC        PX1L
  B:00C8H.5       PUBLIC        RCLK
  B:00C8H.4       PUBLIC        TCLK
  B:00B8H.6       PUBLIC        PPCL
  D:0098H         PUBLIC        SCON
  B:0080H.0       PUBLIC        AD0
  D:0088H         PUBLIC        TCON
  B:0080H.1       PUBLIC        AD1
  B:0080H.2       PUBLIC        AD2
  B:00C8H.1       PUBLIC        CnT2
  B:0080H.3       PUBLIC        AD3
  B:0090H.5       PUBLIC        MISO
  B:0090H.7       PUBLIC        MOSI
  B:0080H.4       PUBLIC        AD4
  B:0080H.5       PUBLIC        AD5
  B:0080H.6       PUBLIC        AD6
  B:0080H.7       PUBLIC        AD7
  B:00A0H.0       PUBLIC        AD8
  B:00A0H.1       PUBLIC        AD9
  B:0088H.1       PUBLIC        IE0
  B:0088H.3       PUBLIC        IE1
  B:00A8H.1       PUBLIC        ET0
  B:00A8H.3       PUBLIC        ET1
  B:0088H.5       PUBLIC        TF0
  B:00A8H.5       PUBLIC        ET2
  B:0088H.7       PUBLIC        TF1
BL51 BANKED LINKER/LOCATER V4.02                                                      11/21/2019  13:27:16  PAGE 33


  B:00C8H.7       PUBLIC        TF2
  B:0098H.2       PUBLIC        RB8
  B:00A8H.0       PUBLIC        EX0
  B:0088H.0       PUBLIC        IT0
  B:0098H.3       PUBLIC        TB8
  B:00A8H.2       PUBLIC        EX1
  B:0088H.2       PUBLIC        IT1
  B:00D0H.0       PUBLIC        P
  B:0098H.7       PUBLIC        SM0
  B:0090H.2       PUBLIC        ECI
  B:0098H.6       PUBLIC        SM1
  B:0098H.5       PUBLIC        SM2
  B:00D0H.3       PUBLIC        RS0
  B:0088H.4       PUBLIC        TR0
  B:00D0H.4       PUBLIC        RS1
  B:0088H.6       PUBLIC        TR1
  B:00C8H.2       PUBLIC        TR2
  B:0090H.6       PUBLIC        SCK
  B:00C8H.3       PUBLIC        EXEN2
  B:0098H.4       PUBLIC        REN
  B:00A0H.2       PUBLIC        AD10
  B:00A0H.3       PUBLIC        AD11
  D:00C8H         PUBLIC        T2CON
  B:00A0H.4       PUBLIC        AD12
  B:00A0H.5       PUBLIC        AD13
  B:00A0H.6       PUBLIC        AD14
  B:00A0H.7       PUBLIC        AD15
  B:00B8H.4       PUBLIC        PLS
  B:00D0H.5       PUBLIC        F0
  B:00D0H.1       PUBLIC        F1
  D:00D0H         PUBLIC        PSW
  B:00D8H.0       PUBLIC        CCF0
  B:00D8H.1       PUBLIC        CCF1
  -------         ENDMOD        PRINT_BYTES

  -------         MODULE        SDCARD
  C:0000H         SYMBOL        _ICE_DUMMY_
  B:00D8H.2       PUBLIC        CCF2
  B:00D8H.3       PUBLIC        CCF3
  D:0080H         PUBLIC        P0
  B:00D8H.4       PUBLIC        CCF4
  D:0090H         PUBLIC        P1
  D:00A0H         PUBLIC        P2
  D:00B0H         PUBLIC        P3
  B:00B0H.4       PUBLIC        T0
  B:00D0H.6       PUBLIC        AC
  B:00B0H.5       PUBLIC        T1
  B:00B0H.7       PUBLIC        nRD
  B:0090H.0       PUBLIC        T2
  B:00A8H.7       PUBLIC        EA
  B:00A8H.6       PUBLIC        EC
  B:00D8H.7       PUBLIC        CF
  B:00B0H.2       PUBLIC        nINT0
  B:0098H.7       PUBLIC        FE
  B:00B0H.3       PUBLIC        nINT1
  D:00A8H         PUBLIC        IEN0
  B:00B0H.0       PUBLIC        RxD
BL51 BANKED LINKER/LOCATER V4.02                                                      11/21/2019  13:27:16  PAGE 34


  B:00B0H.1       PUBLIC        TxD
  B:0090H.3       PUBLIC        CEX0
  B:0090H.4       PUBLIC        CEX1
  B:00C8H.0       PUBLIC        CP
  B:0090H.3       PUBLIC        P1_3
  B:00B0H.2       PUBLIC        P3_2
  B:00D8H.6       PUBLIC        CR
  B:00B0H.3       PUBLIC        P3_3
  B:00C8H.6       PUBLIC        EXF2
  D:00B8H         PUBLIC        IPL0
  B:00B0H.4       PUBLIC        P3_4
  B:00B0H.5       PUBLIC        P3_5
  B:00B0H.6       PUBLIC        nWR
  B:00A8H.4       PUBLIC        ES
  B:0098H.0       PUBLIC        RI
  B:00D0H.7       PUBLIC        CY
  B:0098H.1       PUBLIC        TI
  C:39CFH         PUBLIC        _print_error
  B:00B8H.1       PUBLIC        PT0L
  B:00B8H.3       PUBLIC        PT1L
  B:00B8H.5       PUBLIC        PT2L
  B:0090H.1       PUBLIC        T2EX
  D:00D8H         PUBLIC        CCON
  B:00B0H.6       PUBLIC        RS
  B:00B8H.0       PUBLIC        PX0L
  B:00D0H.2       PUBLIC        OV
[...]
  B:00D0H.2       PUBLIC        OV
  B:0090H.1       PUBLIC        SS
  B:00B8H.2       PUBLIC        PX1L
  B:00C8H.5       PUBLIC        RCLK
  B:00C8H.4       PUBLIC        TCLK
  B:00B8H.6       PUBLIC        PPCL
  B:00A0H.4       PUBLIC        REDLED
  D:0098H         PUBLIC        SCON
  B:00A0H.6       PUBLIC        YELLOWLED
  B:0090H.4       PUBLIC        nCS0
  B:0080H.0       PUBLIC        AD0
  D:0088H         PUBLIC        TCON
  B:0080H.1       PUBLIC        AD1
  B:0080H.2       PUBLIC        AD2
  B:00B0H.1       PUBLIC        per_RxD
  B:00C8H.1       PUBLIC        CnT2
  B:0080H.3       PUBLIC        AD3
  B:0090H.5       PUBLIC        MISO
  B:0090H.7       PUBLIC        MOSI
  B:0080H.4       PUBLIC        AD4
  B:00B0H.0       PUBLIC        per_TxD
  B:0080H.5       PUBLIC        AD5
  B:0080H.6       PUBLIC        AD6
  B:0080H.7       PUBLIC        AD7
  B:00A0H.0       PUBLIC        AD8
  B:00A0H.1       PUBLIC        AD9
  B:0088H.1       PUBLIC        IE0
  B:00A0H.7       PUBLIC        AMBERLED
  B:0088H.3       PUBLIC        IE1
  B:00B0H.7       PUBLIC        E
  B:00A0H.5       PUBLIC        GREENLED
  B:00A8H.1       PUBLIC        ET0
  B:00A8H.3       PUBLIC        ET1
BL51 BANKED LINKER/LOCATER V4.02                                                      11/21/2019  13:27:16  PAGE 69


  B:0088H.5       PUBLIC        TF0
  B:00A8H.5       PUBLIC        ET2
  B:0088H.7       PUBLIC        TF1
  B:00C8H.7       PUBLIC        TF2
  B:0098H.2       PUBLIC        RB8
  B:00A8H.0       PUBLIC        EX0
  B:0088H.0       PUBLIC        IT0
  C:3D81H         PUBLIC        _Clear_P3_bit
  B:0098H.3       PUBLIC        TB8
  B:00A8H.2       PUBLIC        EX1
  B:0088H.2       PUBLIC        IT1
  B:00D0H.0       PUBLIC        P
  B:0098H.7       PUBLIC        SM0
  B:0090H.2       PUBLIC        ECI
  B:0098H.6       PUBLIC        SM1
  B:0098H.5       PUBLIC        SM2
  B:00D0H.3       PUBLIC        RS0
  B:0088H.4       PUBLIC        TR0
  B:00D0H.4       PUBLIC        RS1
  B:0090H.6       PUBLIC        per_SCLK
  B:0088H.6       PUBLIC        TR1
  B:0090H.0       PUBLIC        SDA
  B:00C8H.2       PUBLIC        TR2
  B:00A0H.0       PUBLIC        SW1
  B:00A0H.1       PUBLIC        SW2
  B:00A0H.2       PUBLIC        SW3
  B:00A0H.3       PUBLIC        SW4
  B:0090H.6       PUBLIC        SCK
  B:0090H.7       PUBLIC        per_MOSI
  B:0090H.5       PUBLIC        per_MISO
  B:0090H.1       PUBLIC        SCL
  B:00C8H.3       PUBLIC        EXEN2
  B:0090H.2       PUBLIC        DATA_REQ
  B:0098H.4       PUBLIC        REN
  B:00A0H.2       PUBLIC        AD10
  B:00A0H.3       PUBLIC        AD11
  D:00C8H         PUBLIC        T2CON
  B:00A0H.4       PUBLIC        AD12
  B:00A0H.5       PUBLIC        AD13
  B:00A0H.6       PUBLIC        AD14
  B:00A0H.7       PUBLIC        AD15
  B:00B8H.4       PUBLIC        PLS
  B:00D0H.5       PUBLIC        F0
  B:00D0H.1       PUBLIC        F1
  D:00D0H         PUBLIC        PSW
  B:00D8H.0       PUBLIC        CCF0
  B:00D8H.1       PUBLIC        CCF1
  -------         PROC          _CLEAR_P3_BIT
  D:0007H         SYMBOL        Bit_Data
  C:3D81H         LINE#         14
  C:3D81H         LINE#         15
  C:3D81H         LINE#         16
  C:3D85H         LINE#         17
  -------         ENDPROC       _CLEAR_P3_BIT
  -------         PROC          _SET_P3_BIT
  D:0007H         SYMBOL        Bit_Data
  C:3D9AH         LINE#         20
BL51 BANKED LINKER/LOCATER V4.02                                                      11/21/2019  13:27:16  PAGE 70


  C:3D9AH         LINE#         21
  C:3D9AH         LINE#         22
  C:3D9DH         LINE#         23
  -------         ENDPROC       _SET_P3_BIT
  -------         PROC          STA013_INIT
  -------         DO            STA013_INIT
  D:0033H         SYMBOL        error_flag
  D:0034H         SYMBOL        timeout
  D:0035H         SYMBOL        reg_addr
  I:0086H         SYMBOL        send
  I:0089H         SYMBOL        rcv
  D:0036H         SYMBOL        config_data_p
  D:0039H         SYMBOL        j
  C:308AH         SYMBOL        STA_cfg_addr
  C:309CH         SYMBOL        STA_cfg_data
  -------         ENDDO         STA_cfg_data
  C:1FC0H         LINE#         38
  C:1FC0H         LINE#         39
  C:1FC0H         LINE#         53
  C:1FC5H         LINE#         55
  C:1FC9H         LINE#         56
  C:1FCCH         LINE#         58
  C:1FCFH         LINE#         61
  C:1FCFH         LINE#         63
  C:1FECH         LINE#         64
  C:1FEEH         LINE#         66
  C:1FF6H         LINE#         68
  C:1FFAH         LINE#         69
  C:1FFAH         LINE#         70
  C:2008H         LINE#         71
  C:2008H         LINE#         74
  C:2008H         LINE#         76
  C:2027H         LINE#         77
  C:2029H         LINE#         79
  C:2031H         LINE#         81
  C:2035H         LINE#         82
  C:2035H         LINE#         83
  C:2043H         LINE#         84
  C:2043H         LINE#         88
  C:204DH         LINE#         89
  C:204DH         LINE#         90
  C:206BH         LINE#         91
  C:2079H         LINE#         92
  C:207EH         LINE#         93
  C:2087H         LINE#         95
  C:2087H         LINE#         97
  C:2098H         LINE#         98
  C:20A0H         LINE#         100
  C:20ABH         LINE#         101
  C:20B3H         LINE#         102
  C:20C0H         LINE#         103
  C:20C5H         LINE#         104
  C:20C5H         LINE#         106
  C:20C8H         LINE#         108
  C:20C8H         LINE#         109
  C:20E7H         LINE#         110
  C:20EAH         LINE#         111
BL51 BANKED LINKER/LOCATER V4.02                                                      11/21/2019  13:27:16  PAGE 71


  C:20ECH         LINE#         112
  C:20F4H         LINE#         113
  C:20F4H         LINE#         114
  C:20FDH         LINE#         115
  C:2106H         LINE#         116
  C:211AH         LINE#         117
  C:211FH         LINE#         118
  C:2128H         LINE#         120
  C:2128H         LINE#         121
  C:2139H         LINE#         123
  C:2141H         LINE#         124
  C:214CH         LINE#         126
  C:2154H         LINE#         127
  C:2161H         LINE#         128
  C:2166H         LINE#         129
  C:2166H         LINE#         130
  C:2169H         LINE#         132
  C:2169H         LINE#         133
  C:2188H         LINE#         134
  C:218BH         LINE#         135
  C:218DH         LINE#         136
  C:2195H         LINE#         137
  C:2195H         LINE#         138
  C:219EH         LINE#         139
  C:21A7H         LINE#         140
  C:21BBH         LINE#         141
  C:21DAH         LINE#         142
  C:21E8H         LINE#         146
  C:21EDH         LINE#         147
  C:21EDH         LINE#         148
  C:21F6H         LINE#         149
  C:21FEH         LINE#         150
  C:2201H         LINE#         152
  C:2201H         LINE#         153
  C:2220H         LINE#         154
  C:2223H         LINE#         155
  C:2225H         LINE#         156
  C:222DH         LINE#         157
  C:223EH         LINE#         158
  C:2246H         LINE#         160
  C:2265H         LINE#         161
  C:2279H         LINE#         162
  C:228DH         LINE#         163
  C:2296H         LINE#         164
  C:2296H         LINE#         165
  C:2298H         LINE#         166
  -------         ENDPROC       STA013_INIT
  -------         ENDMOD        STA013_CONFIG

  -------         MODULE        CONFIG
  C:0003H         SEGMENT       STA013_CONFIG
  C:0003H         PUBLIC        CONFIG
  C:0FA1H         PUBLIC        CONFIG2
  -------         ENDMOD        CONFIG

  -------         MODULE        LONG_SERIAL_IN
  C:0000H         SYMBOL        _ICE_DUMMY_
BL51 BANKED LINKER/LOCATER V4.02                                                      11/21/2019  13:27:16  PAGE 72


  B:00D8H.2       PUBLIC        CCF2
  B:00D8H.3       PUBLIC        CCF3
  D:0080H         PUBLIC        P0
  B:00D8H.4       PUBLIC        CCF4
  D:0090H         PUBLIC        P1
  D:00A0H         PUBLIC        P2
  D:00B0H         PUBLIC        P3
  B:00B0H.4       PUBLIC        T0
  B:00D0H.6       PUBLIC        AC
  B:00B0H.5       PUBLIC        T1
  B:00B0H.7       PUBLIC        nRD
  B:0090H.0       PUBLIC        T2
  B:00A8H.7       PUBLIC        EA
  B:00A8H.6       PUBLIC        EC
  B:00D8H.7       PUBLIC        CF
  B:00B0H.2       PUBLIC        nINT0
  B:0098H.7       PUBLIC        FE
  B:00B0H.3       PUBLIC        nINT1
  D:00A8H         PUBLIC        IEN0
  B:00B0H.0       PUBLIC        RxD
  B:00B0H.1       PUBLIC        TxD
  B:0090H.3       PUBLIC        CEX0
  B:0090H.4       PUBLIC        CEX1
  B:00C8H.0       PUBLIC        CP
  B:00D8H.6       PUBLIC        CR
  B:00C8H.6       PUBLIC        EXF2
  D:00B8H         PUBLIC        IPL0
  B:00B0H.6       PUBLIC        nWR
  B:00A8H.4       PUBLIC        ES
  B:0098H.0       PUBLIC        RI
  B:00D0H.7       PUBLIC        CY
  B:0098H.1       PUBLIC        TI
  B:00B8H.1       PUBLIC        PT0L
  B:00B8H.3       PUBLIC        PT1L
  B:00B8H.5       PUBLIC        PT2L
  B:0090H.1       PUBLIC        T2EX
  D:00D8H         PUBLIC        CCON
  B:00B8H.0       PUBLIC        PX0L
  B:00D0H.2       PUBLIC        OV
  B:0090H.1       PUBLIC        SS
  B:00B8H.2       PUBLIC        PX1L
  C:3486H         PUBLIC        long_serial_input
  B:00C8H.5       PUBLIC        RCLK
  B:00C8H.4       PUBLIC        TCLK
  B:00B8H.6       PUBLIC        PPCL
  D:0098H         PUBLIC        SCON
  B:0080H.0       PUBLIC        AD0
  D:0088H         PUBLIC        TCON
  B:0080H.1       PUBLIC        AD1
  B:0080H.2       PUBLIC        AD2
  B:00C8H.1       PUBLIC        CnT2
  B:0080H.3       PUBLIC        AD3
  B:0090H.5       PUBLIC        MISO
  B:0090H.7       PUBLIC        MOSI
  B:0080H.4       PUBLIC        AD4
  B:0080H.5       PUBLIC        AD5
  B:0080H.6       PUBLIC        AD6
BL51 BANKED LINKER/LOCATER V4.02                                                      11/21/2019  13:27:16  PAGE 73


  B:0080H.7       PUBLIC        AD7
  B:00A0H.0       PUBLIC        AD8
  B:00A0H.1       PUBLIC        AD9
  B:0088H.1       PUBLIC        IE0
  B:0088H.3       PUBLIC        IE1
  B:00A8H.1       PUBLIC        ET0
  B:00A8H.3       PUBLIC        ET1
  B:0088H.5       PUBLIC        TF0
  B:00A8H.5       PUBLIC        ET2
  B:0088H.7       PUBLIC        TF1
  B:00C8H.7       PUBLIC        TF2
  B:0098H.2       PUBLIC        RB8
  B:00A8H.0       PUBLIC        EX0
  B:0088H.0       PUBLIC        IT0
  B:0098H.3       PUBLIC        TB8
  B:00A8H.2       PUBLIC        EX1
  B:0088H.2       PUBLIC        IT1
  B:00D0H.0       PUBLIC        P
  B:0098H.7       PUBLIC        SM0
  B:0090H.2       PUBLIC        ECI
  B:0098H.6       PUBLIC        SM1
  B:0098H.5       PUBLIC        SM2
  B:00D0H.3       PUBLIC        RS0
  B:0088H.4       PUBLIC        TR0
  B:00D0H.4       PUBLIC        RS1
  B:0088H.6       PUBLIC        TR1
  B:00C8H.2       PUBLIC        TR2
  B:0090H.6       PUBLIC        SCK
  B:00C8H.3       PUBLIC        EXEN2
  B:0098H.4       PUBLIC        REN
  B:00A0H.2       PUBLIC        AD10
  B:00A0H.3       PUBLIC        AD11
  D:00C8H         PUBLIC        T2CON
  B:00A0H.4       PUBLIC        AD12
  B:00A0H.5       PUBLIC        AD13
  B:00A0H.6       PUBLIC        AD14
  B:00A0H.7       PUBLIC        AD15
  B:00B8H.4       PUBLIC        PLS
  B:00D0H.5       PUBLIC        F0
  B:00D0H.1       PUBLIC        F1
  D:00D0H         PUBLIC        PSW
  B:00D8H.0       PUBLIC        CCF0
  B:00D8H.1       PUBLIC        CCF1
  -------         PROC          LONG_SERIAL_INPUT
  -------         DO            LONG_SERIAL_INPUT
  D:0033H         SYMBOL        index
  D:0034H         SYMBOL        input
  D:0035H         SYMBOL        input_values
  D:0040H         SYMBOL        output_value
  -------         ENDDO         output_value
  C:3486H         LINE#         16
  C:3486H         LINE#         17
  C:3486H         LINE#         20
  C:3489H         LINE#         21
  C:3489H         LINE#         22
  C:3490H         LINE#         23
  C:3497H         LINE#         24
BL51 BANKED LINKER/LOCATER V4.02                                                      11/21/2019  13:27:16  PAGE 74


  C:34A1H         LINE#         25
  C:34A4H         LINE#         27
  C:34A4H         LINE#         28
  C:34A9H         LINE#         29
  C:34B7H         LINE#         30
  C:34B7H         LINE#         31
  C:34BEH         LINE#         32
  C:34C0H         LINE#         33
  C:34C5H         LINE#         34
  C:34C7H         LINE#         35
  C:34D2H         LINE#         36
  C:34D2H         LINE#         37
  C:34D4H         LINE#         38
  C:34DBH         LINE#         39
  C:34E0H         LINE#         40
  C:34E5H         LINE#         41
  C:34EAH         LINE#         42
  C:34ECH         LINE#         43
  C:34F7H         LINE#         44
  C:34F7H         LINE#         45
  C:3508H         LINE#         46
  C:350DH         LINE#         47
  C:3512H         LINE#         48
  C:3514H         LINE#         50
  C:3514H         LINE#         51
  C:3517H         LINE#         52
  C:3517H         LINE#         53
  C:351CH         LINE#         54
  C:351CH         LINE#         55
  C:352DH         LINE#         56
  C:3532H         LINE#         57
  C:3537H         LINE#         58
  C:3537H         LINE#         59
  C:354EH         LINE#         61
  C:3556H         LINE#         62
  -------         ENDPROC       LONG_SERIAL_INPUT
  -------         ENDMOD        LONG_SERIAL_IN

  -------         MODULE        ?C?CLDPTR
  C:0FD3H         PUBLIC        ?C?CLDPTR
  -------         ENDMOD        ?C?CLDPTR

  -------         MODULE        ?C?CLDOPTR
  C:0FECH         PUBLIC        ?C?CLDOPTR
  -------         ENDMOD        ?C?CLDOPTR

  -------         MODULE        ?C?CILDOPTR
  C:1019H         PUBLIC        ?C?CILDOPTR
  -------         ENDMOD        ?C?CILDOPTR

  -------         MODULE        ?C?CSTPTR
  C:104CH         PUBLIC        ?C?CSTPTR
  -------         ENDMOD        ?C?CSTPTR

  -------         MODULE        ?C?CSTOPTR
  C:105EH         PUBLIC        ?C?CSTOPTR
  -------         ENDMOD        ?C?CSTOPTR
BL51 BANKED LINKER/LOCATER V4.02                                                      11/21/2019  13:27:16  PAGE 75



  -------         MODULE        ?C?UIDIV
  C:1080H         PUBLIC        ?C?UIDIV
  -------         ENDMOD        ?C?UIDIV

  -------         MODULE        ?C?ILDPTR
  C:10D5H         PUBLIC        ?C?ILDPTR
  -------         ENDMOD        ?C?ILDPTR

  -------         MODULE        ?C?ILDOPTR
  C:1100H         PUBLIC        ?C?ILDOPTR
  -------         ENDMOD        ?C?ILDOPTR

  -------         MODULE        ?C?IILDPTR
  C:1138H         PUBLIC        ?C?IILDPTR
  -------         ENDMOD        ?C?IILDPTR

  -------         MODULE        ?C?ISTPTR
  C:1170H         PUBLIC        ?C?ISTPTR
  -------         ENDMOD        ?C?ISTPTR

  -------         MODULE        ?C?ISTOPTR
  C:118FH         PUBLIC        ?C?ISTOPTR
  -------         ENDMOD        ?C?ISTOPTR

  -------         MODULE        ?C?LMUL
  C:11BCH         PUBLIC        ?C?LMUL
  -------         ENDMOD        ?C?LMUL

  -------         MODULE        ?C?ULDIV
  C:1247H         PUBLIC        ?C?ULDIV
  -------         ENDMOD        ?C?ULDIV

  -------         MODULE        ?C?ULCMP
  C:12D9H         PUBLIC        ?C?ULCMP
  -------         ENDMOD        ?C?ULCMP

  -------         MODULE        ?C?ULSHR
  C:12EAH         PUBLIC        ?C?ULSHR
  -------         ENDMOD        ?C?ULSHR

  -------         MODULE        ?C?LSHL
  C:12FDH         PUBLIC        ?C?LSHL
  -------         ENDMOD        ?C?LSHL

  -------         MODULE        ?C?LLDOPTR
  C:1310H         PUBLIC        ?C?LLDOPTR
  -------         ENDMOD        ?C?LLDOPTR

  -------         MODULE        ?C?LSTOPTR
  C:1340H         PUBLIC        ?C?LSTOPTR
  -------         ENDMOD        ?C?LSTOPTR

  -------         MODULE        ?C?LLDIDATA
  C:1364H         PUBLIC        ?C?LLDIDATA
  -------         ENDMOD        ?C?LLDIDATA

BL51 BANKED LINKER/LOCATER V4.02                                                      11/21/2019  13:27:16  PAGE 76


  -------         MODULE        ?C?LLDOPTR0
  C:1370H         PUBLIC        ?C?LLDOPTR0
  -------         ENDMOD        ?C?LLDOPTR0

  -------         MODULE        PUTCHAR
  C:3C76H         PUBLIC        _PUTCHAR
  -------         ENDMOD        PUTCHAR

  -------         MODULE        PRINTF
  D:005BH         PUBLIC        ?_PRINTF517?BYTE
  D:005BH         PUBLIC        ?_PRINTF?BYTE
  D:005BH         PUBLIC        ?_SPRINTF517?BYTE
  D:005BH         PUBLIC        ?_SPRINTF?BYTE
  C:1CC6H         PUBLIC        _PRINTF
  C:1CC6H         PUBLIC        _PRINTF517
  C:1CC0H         PUBLIC        _SPRINTF
  C:1CC0H         PUBLIC        _SPRINTF517
  -------         ENDMOD        PRINTF

  -------         MODULE        ATOL
  C:33A8H         PUBLIC        _ATOL
  -------         ENDMOD        ATOL

  -------         MODULE        ?C?IILDX
  C:13A0H         PUBLIC        ?C?IILDX
  -------         ENDMOD        ?C?IILDX

  -------         MODULE        ?C?LNEG
  C:13B6H         PUBLIC        ?C?LNEG
  -------         ENDMOD        ?C?LNEG

  -------         MODULE        ?C?LLDXDATA
  C:13C4H         PUBLIC        ?C?LLDXDATA
  -------         ENDMOD        ?C?LLDXDATA

  -------         MODULE        ?C?LLDPDATA
  C:13D0H         PUBLIC        ?C?LLDPDATA
  -------         ENDMOD        ?C?LLDPDATA

  -------         MODULE        ?C?LLDCODE
  C:13DCH         PUBLIC        ?C?LLDCODE
  -------         ENDMOD        ?C?LLDCODE

  -------         MODULE        ?C?LLDIDATA0
  C:13ECH         PUBLIC        ?C?LLDIDATA0
  -------         ENDMOD        ?C?LLDIDATA0

  -------         MODULE        ?C?LLDXDATA0
  C:13F9H         PUBLIC        ?C?LLDXDATA0
  -------         ENDMOD        ?C?LLDXDATA0

  -------         MODULE        ?C?LLDPDATA0
  C:1405H         PUBLIC        ?C?LLDPDATA0
  -------         ENDMOD        ?C?LLDPDATA0

  -------         MODULE        ?C?LLDCODE0
  C:1412H         PUBLIC        ?C?LLDCODE0
BL51 BANKED LINKER/LOCATER V4.02                                                      11/21/2019  13:27:16  PAGE 77


  -------         ENDMOD        ?C?LLDCODE0

  -------         MODULE        ?C?LSTIDATA
  C:1422H         PUBLIC        ?C?LSTIDATA
  -------         ENDMOD        ?C?LSTIDATA

  -------         MODULE        ?C?LSTXDATA
  C:142EH         PUBLIC        ?C?LSTXDATA
  -------         ENDMOD        ?C?LSTXDATA

  -------         MODULE        ?C?LSTPDATA
  C:143AH         PUBLIC        ?C?LSTPDATA
  -------         ENDMOD        ?C?LSTPDATA

  -------         MODULE        ?C?PLDIIDATA
  C:1446H         PUBLIC        ?C?PLDIIDATA
  -------         ENDMOD        ?C?PLDIIDATA

  -------         MODULE        ?C?CCASE
  C:1456H         PUBLIC        ?C?CCASE
  -------         ENDMOD        ?C?CCASE

  -------         MODULE        ISDIGIT
  C:3D25H         PUBLIC        _ISDIGIT
  -------         ENDMOD        ISDIGIT

  -------         MODULE        ISSPACE
  C:3D12H         PUBLIC        _ISSPACE
  -------         ENDMOD        ISSPACE

LINK/LOCATE RUN COMPLETE.  0 WARNING(S),  0 ERROR(S)
