BL51 BANKED LINKER/LOCATER V4.02                                                        11/21/2019  06:07:41  PAGE 1


BL51 BANKED LINKER/LOCATER V4.02, INVOKED BY:
C:\KEIL\C51\BIN\BL51.EXE .\Directory_Functions_struct.obj, .\exp_4_main.obj, .\file_system.obj, .\LCD_hardware_functions
>> .obj, .\LCD_routines.obj, .\LED_Control.obj, .\Outputs.obj, .\print_bytes.obj, .\SDCard.obj, .\sector_reader.obj, .\S
>> PI.obj, .\Timer0_hardware_delay_1ms.obj, .\UART.obj, .\player.obj, .\I2C.obj, .\STA013_config.obj, .\config.obj, .\sE
>> OS.obj TO exp6_prj RAMSIZE (256)


MEMORY MODEL: SMALL


INPUT MODULES INCLUDED:
  .\Directory_Functions_struct.obj (DIRECTORY_FUNCTIONS_STRUCT)
  .\exp_4_main.obj (EXP_4_MAIN)
  .\file_system.obj (FILE_SYSTEM)
  .\LCD_hardware_functions.obj (LCD_HARDWARE_FUNCTIONS)
  .\LCD_routines.obj (LCD_ROUTINES)
  .\LED_Control.obj (LED_CONTROL)
  .\Outputs.obj (OUTPUTS)
  .\print_bytes.obj (PRINT_BYTES)
  .\SDCard.obj (SDCARD)
  .\sector_reader.obj (SECTOR_READER)
  .\SPI.obj (SPI)
  .\Timer0_hardware_delay_1ms.obj (TIMER0_HARDWARE_DELAY_1MS)
  .\UART.obj (UART)
  .\player.obj (PLAYER)
  .\I2C.obj (I2C)
  .\STA013_config.obj (STA013_CONFIG)
  .\config.obj (CONFIG)
  .\sEOS.obj (SEOS)
  C:\KEIL\C51\LIB\C51S.LIB (?C_STARTUP)
  C:\KEIL\C51\LIB\C51S.LIB (?C?CLDPTR)
  C:\KEIL\C51\LIB\C51S.LIB (?C?CLDOPTR)
  C:\KEIL\C51\LIB\C51S.LIB (?C?CILDPTR)
  C:\KEIL\C51\LIB\C51S.LIB (?C?CILDOPTR)
  C:\KEIL\C51\LIB\C51S.LIB (?C?CSTPTR)
  C:\KEIL\C51\LIB\C51S.LIB (?C?CSTOPTR)
  C:\KEIL\C51\LIB\C51S.LIB (?C?UIDIV)
  C:\KEIL\C51\LIB\C51S.LIB (?C?ILDPTR)
  C:\KEIL\C51\LIB\C51S.LIB (?C?ILDOPTR)
  C:\KEIL\C51\LIB\C51S.LIB (?C?IILDPTR)
  C:\KEIL\C51\LIB\C51S.LIB (?C?ISTPTR)
  C:\KEIL\C51\LIB\C51S.LIB (?C?ISTOPTR)
  C:\KEIL\C51\LIB\C51S.LIB (?C?LMUL)
  C:\KEIL\C51\LIB\C51S.LIB (?C?ULDIV)
  C:\KEIL\C51\LIB\C51S.LIB (?C?ULCMP)
  C:\KEIL\C51\LIB\C51S.LIB (?C?ULSHR)
  C:\KEIL\C51\LIB\C51S.LIB (?C?LSHL)
  C:\KEIL\C51\LIB\C51S.LIB (?C?LLDPTR)
  C:\KEIL\C51\LIB\C51S.LIB (?C?LLDOPTR)
  C:\KEIL\C51\LIB\C51S.LIB (?C?LSTPTR)
  C:\KEIL\C51\LIB\C51S.LIB (?C?LSTOPTR)
  C:\KEIL\C51\LIB\C51S.LIB (?C?LLDIDATA)
  C:\KEIL\C51\LIB\C51S.LIB (?C?LLDPTR0)
  C:\KEIL\C51\LIB\C51S.LIB (?C?LLDOPTR0)
  C:\KEIL\C51\LIB\C51S.LIB (?C?LSTKPTR)
  C:\KEIL\C51\LIB\C51S.LIB (?C?PSTPTR)
  C:\KEIL\C51\LIB\C51S.LIB (?C?PSTOPTR)
  C:\KEIL\C51\LIB\C51S.LIB (PUTCHAR)
BL51 BANKED LINKER/LOCATER V4.02                                                      11/21/2019  06:07:41  PAGE 2


  C:\KEIL\C51\LIB\C51S.LIB (PRINTF)
  C:\KEIL\C51\LIB\C51S.LIB (?C_INIT)
  C:\KEIL\C51\LIB\C51S.LIB (?C?IILDX)
  C:\KEIL\C51\LIB\C51S.LIB (?C?LLDXDATA)
  C:\KEIL\C51\LIB\C51S.LIB (?C?LLDPDATA)
  C:\KEIL\C51\LIB\C51S.LIB (?C?LLDCODE)
  C:\KEIL\C51\LIB\C51S.LIB (?C?LLDIDATA0)
  C:\KEIL\C51\LIB\C51S.LIB (?C?LLDXDATA0)
  C:\KEIL\C51\LIB\C51S.LIB (?C?LLDPDATA0)
  C:\KEIL\C51\LIB\C51S.LIB (?C?LLDCODE0)
  C:\KEIL\C51\LIB\C51S.LIB (?C?LSTIDATA)
  C:\KEIL\C51\LIB\C51S.LIB (?C?LSTXDATA)
  C:\KEIL\C51\LIB\C51S.LIB (?C?LSTPDATA)
  C:\KEIL\C51\LIB\C51S.LIB (?C?LSTKIDATA)
  C:\KEIL\C51\LIB\C51S.LIB (?C?LSTKXDATA)
  C:\KEIL\C51\LIB\C51S.LIB (?C?LSTKPDATA)
  C:\KEIL\C51\LIB\C51S.LIB (?C?PLDIIDATA)
  C:\KEIL\C51\LIB\C51S.LIB (?C?PSTIDATA)
  C:\KEIL\C51\LIB\C51S.LIB (?C?PSTXDATA)
  C:\KEIL\C51\LIB\C51S.LIB (?C?PSTPDATA)
  C:\KEIL\C51\LIB\C51S.LIB (?C?CCASE)


LINK MAP OF MODULE:  exp6_prj (DIRECTORY_FUNCTIONS_STRUCT)


            TYPE    BASE      LENGTH    RELOCATION   SEGMENT NAME
            -----------------------------------------------------

            * * * * * * *   D A T A   M E M O R Y   * * * * * * *
            REG     0000H     0008H     ABSOLUTE     "REG BANK 0"
            DATA    0008H     0016H     UNIT         ?DT?PLAYER
            IDATA   001EH     0001H     UNIT         ?ID?SDCARD
                    001FH     0001H                  *** GAP ***
            BIT     0020H.0   0001H.1   UNIT         _BIT_GROUP_
            BIT     0021H.1   0000H.2   UNIT         ?BI?SEOS
                    0021H.3   0000H.5                *** GAP ***
            DATA    0022H     003EH     UNIT         _DATA_GROUP_
            DATA    0060H     0013H     UNIT         ?DT?SEOS
            IDATA   0073H     0032H     UNIT         ?ID?DIRECTORY_FUNCTIONS_STRUCT
            IDATA   00A5H     0006H     UNIT         _IDATA_GROUP_
            IDATA   00ABH     0001H     UNIT         ?STACK

            * * * * * * *  X D A T A   M E M O R Y  * * * * * * *
            XDATA   0000H     0400H     UNIT         ?XD?EXP_4_MAIN

            * * * * * * *   C O D E   M E M O R Y   * * * * * * *
            CODE    0000H     0003H     ABSOLUTE     
            CODE    0003H     0FD0H     UNIT         STA013_CONFIG
            CODE    0FD3H     0657H     UNIT         ?C?LIB_CODE
            CODE    162AH     03F6H     UNIT         ?PR?_MOUNT_DRIVE?FILE_SYSTEM
            CODE    1A20H     03F3H     UNIT         ?PR?_PRINT_DIRECTORY_TASK?DIRECTORY_FUNCTIONS_STRUCT
            CODE    1E13H     03F2H     UNIT         ?PR?SD_CARD_INIT?SDCARD
            CODE    2205H     035CH     UNIT         ?PR?PRINTF?PRINTF
            CODE    2561H     0330H     UNIT         ?PR?_READ_DIR_ENTRY_TASK?DIRECTORY_FUNCTIONS_STRUCT
            CODE    2891H     02D9H     UNIT         ?PR?STA013_INIT?STA013_CONFIG
            CODE    2B6AH     0236H     UNIT         ?PR?LOOP_TESTER?SEOS
BL51 BANKED LINKER/LOCATER V4.02                                                      11/21/2019  06:07:41  PAGE 3


            CODE    2DA0H     020EH     UNIT         ?CO?SDCARD
            CODE    2FAEH     0201H     UNIT         ?PR?PLAYER_STATE_MACHINE_RUNNER?PLAYER
            CODE    31AFH     0168H     UNIT         ?PR?_FIND_NEXT_CLUS?FILE_SYSTEM
            CODE    3317H     0144H     UNIT         ?PR?_I2C_READ?I2C
            CODE    345BH     0137H     UNIT         ?CO?STA013_CONFIG
            CODE    3592H     010CH     UNIT         ?PR?_GET_READ_DIR_ENTRY_TASK_CONTEXT?DIRECTORY_FUNCTIONS_STRUCT
            CODE    369EH     010BH     UNIT         ?PR?_SEND_COMMAND?SDCARD
            CODE    37A9H     00FFH     UNIT         ?PR?_READ_BLOCK?SDCARD
            CODE    38A8H     00F0H     UNIT         ?PR?_I2C_WRITE?I2C
            CODE    3998H     00DCH     UNIT         ?PR?_GET_PRINT_DIRECTORY_TASK_CONTEXT?DIRECTORY_FUNCTIONS_STRUCT
            CODE    3A74H     00D5H     UNIT         ?PR?MAIN?EXP_4_MAIN
            CODE    3B49H     00B5H     UNIT         ?CO?FILE_SYSTEM
            CODE    3BFEH     00B1H     UNIT         ?PR?_READ_DIR_ENTRY_INIT?DIRECTORY_FUNCTIONS_STRUCT
            CODE    3CAFH     009AH     UNIT         ?PR?_PRINT_DIRECTORY_INIT?DIRECTORY_FUNCTIONS_STRUCT
            CODE    3D49H     0099H     UNIT         ?PR?_RESPONSE?SDCARD
            CODE    3DE2H     008CH     UNIT         ?PR?_SPI_MASTER_INIT?SPI
            CODE    3E6EH     008CH     UNIT         ?C_C51STARTUP
            CODE    3EFAH     0085H     UNIT         ?PR?_LCD_PRINT?LCD_ROUTINES
            CODE    3F7FH     007CH     UNIT         ?PR?_FIRST_SECTOR?FILE_SYSTEM
            CODE    3FFBH     0079H     UNIT         ?PR?_LOAD_SECTOR?PLAYER
            CODE    4074H     0072H     UNIT         ?PR?_SEND_BUFFER?PLAYER
            CODE    40E6H     006EH     UNIT         ?PR?_PRINT_ERROR?SDCARD
            CODE    4154H     0064H     UNIT         ?PR?_READ32?SECTOR_READER
            CODE    41B8H     005DH     UNIT         ?CO?EXP_4_MAIN
            CODE    4215H     0050H     UNIT         ?PR?_READ_SECTOR?SECTOR_READER
            CODE    4265H     004DH     UNIT         ?PR?_INIT_PLAYER?PLAYER
            CODE    42B2H     0043H     UNIT         ?CO?SEOS
            CODE    42F5H     003BH     UNIT         ?PR?_LED_NUMBER?LED_CONTROL
            CODE    4330H     0038H     UNIT         ?PR?LCD_INIT?LCD_ROUTINES
            CODE    4368H     0035H     UNIT         ?PR?_UART_INIT?UART
            CODE    439DH     0033H     UNIT         ?PR?_READ16?SECTOR_READER
            CODE    43D0H     0033H     UNIT         ?PR?_SPI_TRANSFER?SPI
            CODE    4403H     002AH     UNIT         ?PR?_LCD_WRITE?LCD_HARDWARE_FUNCTIONS
            CODE    442DH     0027H     UNIT         ?PR?PUTCHAR?PUTCHAR
            CODE    4454H     0026H     UNIT         ?PR?_TIMER0_DELAY_1MS?TIMER0_HARDWARE_DELAY_1MS
            CODE    447AH     0024H     UNIT         ?PR?_SEOS_INIT?SEOS
            CODE    449EH     0020H     UNIT         ?PR?_UART_TRANSMIT?UART
            CODE    44BEH     001CH     UNIT         ?PR?_I2C_CLOCK_DELAY?I2C
            CODE    44DAH     0015H     UNIT         ?CO?DIRECTORY_FUNCTIONS_STRUCT
            CODE    44EFH     0013H     UNIT         ?PR?I2C_CLOCK_START?I2C
            CODE    4502H     000CH     UNIT         ?C_INITSEG
            CODE    450EH     000CH     UNIT         ?PR?_READ8?SECTOR_READER
            CODE    451AH     000BH     UNIT         ?PR?UART_RECEIVE_NON_BLOCKING?UART
            CODE    4525H     0008H     UNIT         ?PR?GET_DIRECTORY_PRINT_BUFFER_POS?DIRECTORY_FUNCTIONS_STRUCT
            CODE    452DH     0008H     UNIT         ?PR?_SET_DIRECTORY_PRINT_BUFFER_POS?DIRECTORY_FUNCTIONS_STRUCT
            CODE    4535H     0007H     UNIT         ?PR?GET_DIRECTORY_PRINT_BUFFER?DIRECTORY_FUNCTIONS_STRUCT
            CODE    453CH     0007H     UNIT         ?PR?EXPORT_DRIVE_VALUES?DIRECTORY_FUNCTIONS_STRUCT
            CODE    4543H     0005H     UNIT         ?PR?_LEDS_ON?LED_CONTROL
            CODE    4548H     0005H     UNIT         ?PR?_P1_CLEAR_BIT?OUTPUTS
            CODE    454DH     0005H     UNIT         ?PR?_P3_CLEAR_BIT?OUTPUTS
            CODE    4552H     0005H     UNIT         ?PR?RETURN_SD_CARD_TYPE?SDCARD
            CODE    4557H     0005H     UNIT         ?PR?_SPI_SELECT_CLEAR?SPI
            CODE    455CH     0005H     UNIT         ?PR?_CLEAR_P3_BIT?STA013_CONFIG
            CODE    4561H     0004H     UNIT         ?PR?_LEDS_OFF?LED_CONTROL
            CODE    4565H     0004H     UNIT         ?PR?_P1_SET_BIT?OUTPUTS
            CODE    4569H     0004H     UNIT         ?PR?_P2_SET_BIT?OUTPUTS
            CODE    456DH     0004H     UNIT         ?PR?_P3_SET_BIT?OUTPUTS
BL51 BANKED LINKER/LOCATER V4.02                                                      11/21/2019  06:07:41  PAGE 4


            CODE    4571H     0004H     UNIT         ?PR?_SPI_SELECT_SET?SPI
            CODE    4575H     0004H     UNIT         ?PR?_SET_P3_BIT?STA013_CONFIG
            CODE    4579H     0003H     UNIT         ?PR?_P0_OUTPUT_BITS?OUTPUTS



OVERLAY MAP OF MODULE:   exp6_prj (DIRECTORY_FUNCTIONS_STRUCT)


SEGMENT                                                                     BIT_GROUP          DATA_GROUP          IDATA
>> _GROUP
  +--> CALLED SEGMENT                                                    START    LENGTH     START    LENGTH     START  
>>   LENGTH
------------------------------------------------------------------------------------------------------------------------
>> --------
?C_C51STARTUP                                                            -----    -----      -----    -----      -----  
>>   -----
  +--> ?PR?MAIN?EXP_4_MAIN
  +--> ?C_INITSEG

?PR?MAIN?EXP_4_MAIN                                                      -----    -----      0022H    0001H      -----  
>>   -----
  +--> ?PR?_LEDS_ON?LED_CONTROL
  +--> ?PR?_P2_SET_BIT?OUTPUTS
  +--> ?PR?_TIMER0_DELAY_1MS?TIMER0_HARDWARE_DELAY_1MS
  +--> ?PR?_UART_INIT?UART
  +--> ?PR?STA013_INIT?STA013_CONFIG
  +--> ?PR?LCD_INIT?LCD_ROUTINES
  +--> ?CO?EXP_4_MAIN
  +--> ?PR?_LCD_PRINT?LCD_ROUTINES
  +--> ?PR?PRINTF?PRINTF
  +--> ?PR?_SPI_MASTER_INIT?SPI
  +--> ?PR?_UART_TRANSMIT?UART
  +--> ?PR?SD_CARD_INIT?SDCARD
  +--> ?PR?_LEDS_OFF?LED_CONTROL
  +--> ?PR?_MOUNT_DRIVE?FILE_SYSTEM
  +--> ?PR?_SEOS_INIT?SEOS
  +--> ?PR?LOOP_TESTER?SEOS

?PR?STA013_INIT?STA013_CONFIG                                            -----    -----      0023H    0008H      00A5H  
>>   0006H
  +--> ?PR?_CLEAR_P3_BIT?STA013_CONFIG
  +--> ?PR?_SET_P3_BIT?STA013_CONFIG
  +--> ?PR?_I2C_READ?I2C
  +--> ?CO?STA013_CONFIG
  +--> ?PR?PRINTF?PRINTF
  +--> ?PR?_I2C_WRITE?I2C

?PR?_I2C_READ?I2C                                                        -----    -----      002BH    0010H      -----  
>>   -----
  +--> ?PR?_I2C_WRITE?I2C
  +--> ?PR?I2C_CLOCK_START?I2C
  +--> ?PR?_I2C_CLOCK_DELAY?I2C

?PR?_I2C_WRITE?I2C                                                       -----    -----      003BH    000FH      -----  
>>   -----
  +--> ?PR?I2C_CLOCK_START?I2C
BL51 BANKED LINKER/LOCATER V4.02                                                      11/21/2019  06:07:41  PAGE 5


  +--> ?PR?_I2C_CLOCK_DELAY?I2C

?PR?PRINTF?PRINTF                                                        0020H.0  0001H.1    004BH    0014H      -----  
>>   -----
  +--> ?PR?PUTCHAR?PUTCHAR

?PR?LCD_INIT?LCD_ROUTINES                                                -----    -----      -----    -----      -----  
>>   -----
  +--> ?PR?_LCD_WRITE?LCD_HARDWARE_FUNCTIONS
  +--> ?PR?_TIMER0_DELAY_1MS?TIMER0_HARDWARE_DELAY_1MS

?PR?_LCD_WRITE?LCD_HARDWARE_FUNCTIONS                                    -----    -----      0029H    0001H      -----  
>>   -----
  +--> ?PR?_P3_CLEAR_BIT?OUTPUTS
  +--> ?PR?_P3_SET_BIT?OUTPUTS
  +--> ?PR?_P0_OUTPUT_BITS?OUTPUTS

?PR?_LCD_PRINT?LCD_ROUTINES                                              -----    -----      0023H    0006H      -----  
>>   -----
  +--> ?PR?_LCD_WRITE?LCD_HARDWARE_FUNCTIONS
  +--> ?PR?_TIMER0_DELAY_1MS?TIMER0_HARDWARE_DELAY_1MS

?PR?_SPI_MASTER_INIT?SPI                                                 -----    -----      0023H    0001H      -----  
>>   -----

?PR?SD_CARD_INIT?SDCARD                                                  -----    -----      0023H    0014H      -----  
>>   -----
  +--> ?PR?_SPI_SELECT_SET?SPI
  +--> ?CO?SDCARD
  +--> ?PR?PRINTF?PRINTF
  +--> ?PR?_SPI_TRANSFER?SPI
  +--> ?PR?_LEDS_ON?LED_CONTROL
  +--> ?PR?_SPI_SELECT_CLEAR?SPI
  +--> ?PR?_SEND_COMMAND?SDCARD
  +--> ?PR?_RESPONSE?SDCARD
  +--> ?PR?_LEDS_OFF?LED_CONTROL
  +--> ?PR?PUTCHAR?PUTCHAR
  +--> ?PR?_PRINT_ERROR?SDCARD

?PR?_SEND_COMMAND?SDCARD                                                 -----    -----      0056H    0009H      -----  
>>   -----
  +--> ?PR?_SPI_TRANSFER?SPI

?PR?_RESPONSE?SDCARD                                                     -----    -----      0037H    0008H      -----  
>>   -----
  +--> ?PR?_SPI_TRANSFER?SPI

?PR?_PRINT_ERROR?SDCARD                                                  -----    -----      0037H    0001H      -----  
>>   -----
  +--> ?CO?SDCARD
  +--> ?PR?PRINTF?PRINTF

?PR?_MOUNT_DRIVE?FILE_SYSTEM                                             -----    -----      0023H    0028H      -----  
>>   -----
  +--> ?PR?EXPORT_DRIVE_VALUES?DIRECTORY_FUNCTIONS_STRUCT
  +--> ?CO?FILE_SYSTEM
  +--> ?PR?PRINTF?PRINTF
BL51 BANKED LINKER/LOCATER V4.02                                                      11/21/2019  06:07:41  PAGE 6


  +--> ?PR?_READ_SECTOR?SECTOR_READER
  +--> ?PR?_READ8?SECTOR_READER
  +--> ?PR?_READ32?SECTOR_READER
  +--> ?PR?_READ16?SECTOR_READER

?PR?_READ_SECTOR?SECTOR_READER                                           -----    -----      004BH    000BH      -----  
>>   -----
  +--> ?PR?RETURN_SD_CARD_TYPE?SDCARD
  +--> ?PR?_SPI_SELECT_CLEAR?SPI
  +--> ?PR?_SEND_COMMAND?SDCARD
  +--> ?PR?_READ_BLOCK?SDCARD
  +--> ?PR?_SPI_SELECT_SET?SPI

?PR?_READ_BLOCK?SDCARD                                                   -----    -----      0056H    000AH      -----  
>>   -----
  +--> ?PR?_SPI_TRANSFER?SPI

?PR?_READ32?SECTOR_READER                                                -----    -----      004BH    0008H      -----  
>>   -----

?PR?_READ16?SECTOR_READER                                                -----    -----      004BH    0005H      -----  
>>   -----

?PR?_SEOS_INIT?SEOS                                                      -----    -----      0023H    0001H      -----  
>>   -----
  +--> ?PR?EXPORT_DRIVE_VALUES?DIRECTORY_FUNCTIONS_STRUCT
  +--> ?PR?_PRINT_DIRECTORY_INIT?DIRECTORY_FUNCTIONS_STRUCT

?PR?_PRINT_DIRECTORY_INIT?DIRECTORY_FUNCTIONS_STRUCT                     -----    -----      0024H    001FH      -----  
>>   -----
  +--> ?PR?_GET_PRINT_DIRECTORY_TASK_CONTEXT?DIRECTORY_FUNCTIONS_STRUCT
  +--> ?PR?_READ_SECTOR?SECTOR_READER

?PR?_GET_PRINT_DIRECTORY_TASK_CONTEXT?DIRECTORY_FUNCTIONS_STRUCT         -----    -----      0045H    0003H      -----  
>>   -----

?PR?LOOP_TESTER?SEOS                                                     -----    -----      -----    -----      -----  
>>   -----
  +--> ?PR?_LED_NUMBER?LED_CONTROL
  +--> ?PR?UART_RECEIVE_NON_BLOCKING?UART
  +--> ?PR?GET_DIRECTORY_PRINT_BUFFER_POS?DIRECTORY_FUNCTIONS_STRUCT
  +--> ?PR?_READ_DIR_ENTRY_INIT?DIRECTORY_FUNCTIONS_STRUCT
  +--> ?PR?GET_DIRECTORY_PRINT_BUFFER?DIRECTORY_FUNCTIONS_STRUCT
  +--> ?CO?SEOS
  +--> ?PR?PRINTF?PRINTF
  +--> ?PR?_SET_DIRECTORY_PRINT_BUFFER_POS?DIRECTORY_FUNCTIONS_STRUCT
  +--> ?PR?PUTCHAR?PUTCHAR
  +--> ?PR?_PRINT_DIRECTORY_TASK?DIRECTORY_FUNCTIONS_STRUCT
  +--> ?PR?_READ_DIR_ENTRY_TASK?DIRECTORY_FUNCTIONS_STRUCT
  +--> ?PR?_FIRST_SECTOR?FILE_SYSTEM
  +--> ?PR?_PRINT_DIRECTORY_INIT?DIRECTORY_FUNCTIONS_STRUCT
  +--> ?PR?_INIT_PLAYER?PLAYER
  +--> ?PR?PLAYER_STATE_MACHINE_RUNNER?PLAYER

?PR?_LED_NUMBER?LED_CONTROL                                              -----    -----      -----    -----      -----  
>>   -----
  +--> ?PR?_LEDS_OFF?LED_CONTROL
BL51 BANKED LINKER/LOCATER V4.02                                                      11/21/2019  06:07:41  PAGE 7


  +--> ?PR?_LEDS_ON?LED_CONTROL

?PR?_READ_DIR_ENTRY_INIT?DIRECTORY_FUNCTIONS_STRUCT                      -----    -----      0023H    0027H      -----  
>>   -----
  +--> ?PR?_GET_READ_DIR_ENTRY_TASK_CONTEXT?DIRECTORY_FUNCTIONS_STRUCT
  +--> ?PR?_READ_SECTOR?SECTOR_READER

?PR?_GET_READ_DIR_ENTRY_TASK_CONTEXT?DIRECTORY_FUNCTIONS_STRUCT          -----    -----      004BH    0003H      -----  
>>   -----

?PR?_PRINT_DIRECTORY_TASK?DIRECTORY_FUNCTIONS_STRUCT                     -----    -----      0023H    0022H      -----  
>>   -----
  +--> ?PR?_GET_PRINT_DIRECTORY_TASK_CONTEXT?DIRECTORY_FUNCTIONS_STRUCT
  +--> ?PR?_READ8?SECTOR_READER
  +--> ?CO?DIRECTORY_FUNCTIONS_STRUCT
  +--> ?PR?PRINTF?PRINTF
  +--> ?PR?_READ_SECTOR?SECTOR_READER

?PR?_READ_DIR_ENTRY_TASK?DIRECTORY_FUNCTIONS_STRUCT                      -----    -----      0023H    0028H      -----  
>>   -----
  +--> ?PR?_GET_READ_DIR_ENTRY_TASK_CONTEXT?DIRECTORY_FUNCTIONS_STRUCT
  +--> ?PR?_READ8?SECTOR_READER
  +--> ?PR?_READ_SECTOR?SECTOR_READER

?PR?_FIRST_SECTOR?FILE_SYSTEM                                            -----    -----      002AH    0007H      -----  
>>   -----
  +--> ?PR?EXPORT_DRIVE_VALUES?DIRECTORY_FUNCTIONS_STRUCT

?PR?_INIT_PLAYER?PLAYER                                                  -----    -----      0023H    0004H      -----  
>>   -----
  +--> ?PR?EXPORT_DRIVE_VALUES?DIRECTORY_FUNCTIONS_STRUCT
  +--> ?PR?_FIRST_SECTOR?FILE_SYSTEM
  +--> ?PR?_LOAD_SECTOR?PLAYER

?PR?_LOAD_SECTOR?PLAYER                                                  -----    -----      0027H    0003H      -----  
>>   -----
  +--> ?PR?_FIRST_SECTOR?FILE_SYSTEM
  +--> ?PR?_READ_SECTOR?SECTOR_READER

?PR?PLAYER_STATE_MACHINE_RUNNER?PLAYER                                   -----    -----      -----    -----      -----  
>>   -----
  +--> ?PR?_LED_NUMBER?LED_CONTROL
  +--> ?PR?_FIND_NEXT_CLUS?FILE_SYSTEM
  +--> ?PR?_LOAD_SECTOR?PLAYER
  +--> ?PR?_SEND_BUFFER?PLAYER

?PR?_FIND_NEXT_CLUS?FILE_SYSTEM                                          -----    -----      0023H    0012H      -----  
>>   -----
  +--> ?PR?EXPORT_DRIVE_VALUES?DIRECTORY_FUNCTIONS_STRUCT
  +--> ?PR?_READ_SECTOR?SECTOR_READER
  +--> ?PR?_READ32?SECTOR_READER
  +--> ?PR?_READ16?SECTOR_READER
  +--> ?CO?FILE_SYSTEM
  +--> ?PR?PRINTF?PRINTF

?PR?_SEND_BUFFER?PLAYER                                                  -----    -----      0023H    000AH      -----  
>>   -----
BL51 BANKED LINKER/LOCATER V4.02                                                      11/21/2019  06:07:41  PAGE 8


  +--> ?PR?_P1_SET_BIT?OUTPUTS
  +--> ?PR?_SPI_TRANSFER?SPI
  +--> ?PR?_P1_CLEAR_BIT?OUTPUTS



SYMBOL TABLE OF MODULE:  exp6_prj (DIRECTORY_FUNCTIONS_STRUCT)

  VALUE           TYPE          NAME
  ----------------------------------

  -------         MODULE        DIRECTORY_FUNCTIONS_STRUCT
  C:0000H         SYMBOL        _ICE_DUMMY_
  B:00D8H.2       PUBLIC        CCF2
  B:00D8H.3       PUBLIC        CCF3
  D:0080H         PUBLIC        P0
  B:00D8H.4       PUBLIC        CCF4
  D:0090H         PUBLIC        P1
  D:00A0H         PUBLIC        P2
  D:00B0H         PUBLIC        P3
  B:00B0H.4       PUBLIC        T0
  B:00D0H.6       PUBLIC        AC
  B:00B0H.5       PUBLIC        T1
  B:00B0H.7       PUBLIC        nRD
  B:0090H.0       PUBLIC        T2
  B:00A8H.7       PUBLIC        EA
  B:00A8H.6       PUBLIC        EC
  B:00D8H.7       PUBLIC        CF
  B:00B0H.2       PUBLIC        nINT0
  B:0098H.7       PUBLIC        FE
  B:00B0H.3       PUBLIC        nINT1
  D:00A8H         PUBLIC        IEN0
  C:452DH         PUBLIC        _set_directory_print_buffer_pos
  B:00B0H.0       PUBLIC        RxD
  B:00B0H.1       PUBLIC        TxD
  B:0090H.3       PUBLIC        CEX0
  B:0090H.4       PUBLIC        CEX1
  B:00C8H.0       PUBLIC        CP
  B:0090H.3       PUBLIC        P1_3
  B:00B0H.2       PUBLIC        P3_2
  B:00D8H.6       PUBLIC        CR
  B:00B0H.3       PUBLIC        P3_3
  B:00C8H.6       PUBLIC        EXF2
  D:00B8H         PUBLIC        IPL0
  B:00B0H.4       PUBLIC        P3_4
  B:00B0H.5       PUBLIC        P3_5
  B:00B0H.6       PUBLIC        nWR
  B:00A8H.4       PUBLIC        ES
  B:0098H.0       PUBLIC        RI
  B:00D0H.7       PUBLIC        CY
  B:0098H.1       PUBLIC        TI
  B:00B8H.1       PUBLIC        PT0L
  I:0073H         PUBLIC        pool32
  C:4525H         PUBLIC        get_directory_print_buffer_pos
  B:00B8H.3       PUBLIC        PT1L
  B:00B8H.5       PUBLIC        PT2L
  I:0083H         PUBLIC        pool16
BL51 BANKED LINKER/LOCATER V4.02                                                      11/21/2019  06:07:41  PAGE 9


  B:0090H.1       PUBLIC        T2EX
  D:00D8H         PUBLIC        CCON
  B:00B0H.6       PUBLIC        RS
  B:00B8H.0       PUBLIC        PX0L
  B:00D0H.2       PUBLIC        OV
  B:0090H.1       PUBLIC        SS
  B:00B8H.2       PUBLIC        PX1L
  B:00C8H.5       PUBLIC        RCLK
  B:00C8H.4       PUBLIC        TCLK
  B:00B8H.6       PUBLIC        PPCL
  B:00A0H.4       PUBLIC        REDLED
  D:0098H         PUBLIC        SCON
  B:00A0H.6       PUBLIC        YELLOWLED
  B:0090H.4       PUBLIC        nCS0
  B:0080H.0       PUBLIC        AD0
  D:0088H         PUBLIC        TCON
  B:0080H.1       PUBLIC        AD1
  B:0080H.2       PUBLIC        AD2
  B:00B0H.1       PUBLIC        per_RxD
  B:00C8H.1       PUBLIC        CnT2
  B:0080H.3       PUBLIC        AD3
  B:0090H.5       PUBLIC        MISO
  B:0090H.7       PUBLIC        MOSI
  B:0080H.4       PUBLIC        AD4
  B:00B0H.0       PUBLIC        per_TxD
  B:0080H.5       PUBLIC        AD5
  B:0080H.6       PUBLIC        AD6
  B:0080H.7       PUBLIC        AD7
  B:00A0H.0       PUBLIC        AD8
  B:00A0H.1       PUBLIC        AD9
  B:0088H.1       PUBLIC        IE0
  B:00A0H.7       PUBLIC        AMBERLED
  B:0088H.3       PUBLIC        IE1
  I:0089H         PUBLIC        print_buffer_pos
  B:00B0H.7       PUBLIC        E
  B:00A0H.5       PUBLIC        GREENLED
  B:00A8H.1       PUBLIC        ET0
  B:00A8H.3       PUBLIC        ET1
  B:0088H.5       PUBLIC        TF0
  C:2561H         PUBLIC        _read_dir_entry_task
  B:00A8H.5       PUBLIC        ET2
  B:0088H.7       PUBLIC        TF1
  C:3BFEH         PUBLIC        _read_dir_entry_init
  B:00C8H.7       PUBLIC        TF2
  B:0098H.2       PUBLIC        RB8
  B:00A8H.0       PUBLIC        EX0
  B:0088H.0       PUBLIC        IT0
  B:0098H.3       PUBLIC        TB8
  B:00A8H.2       PUBLIC        EX1
  B:0088H.2       PUBLIC        IT1
  B:00D0H.0       PUBLIC        P
  B:0098H.7       PUBLIC        SM0
  B:0090H.2       PUBLIC        ECI
  B:0098H.6       PUBLIC        SM1
  B:0098H.5       PUBLIC        SM2
  B:00D0H.3       PUBLIC        RS0
  B:0088H.4       PUBLIC        TR0
BL51 BANKED LINKER/LOCATER V4.02                                                      11/21/2019  06:07:41  PAGE 10


  B:00D0H.4       PUBLIC        RS1
  B:0090H.6       PUBLIC        per_SCLK
  B:0088H.6       PUBLIC        TR1
  C:3592H         PUBLIC        _get_read_dir_entry_task_context
  C:453CH         PUBLIC        Export_Drive_values
  B:0090H.0       PUBLIC        SDA
  B:00C8H.2       PUBLIC        TR2
  B:00A0H.0       PUBLIC        SW1
  B:00A0H.1       PUBLIC        SW2
  B:00A0H.2       PUBLIC        SW3
  B:00A0H.3       PUBLIC        SW4
  B:0090H.6       PUBLIC        SCK
  C:1A20H         PUBLIC        _print_directory_task
  B:0090H.7       PUBLIC        per_MOSI
  B:0090H.5       PUBLIC        per_MISO
  B:0090H.1       PUBLIC        SCL
  C:3CAFH         PUBLIC        _print_directory_init
  B:00C8H.3       PUBLIC        EXEN2
  B:0090H.2       PUBLIC        DATA_REQ
  B:0098H.4       PUBLIC        REN
  B:00A0H.2       PUBLIC        AD10
  B:00A0H.3       PUBLIC        AD11
  D:00C8H         PUBLIC        T2CON
  B:00A0H.4       PUBLIC        AD12
  B:00A0H.5       PUBLIC        AD13
  B:00A0H.6       PUBLIC        AD14
  B:00A0H.7       PUBLIC        AD15
  C:4535H         PUBLIC        get_directory_print_buffer
  C:3998H         PUBLIC        _get_print_directory_task_context
  B:00B8H.4       PUBLIC        PLS
  I:008BH         PUBLIC        Drive_values
  I:00A1H         PUBLIC        pool8
  B:00D0H.5       PUBLIC        F0
  B:00D0H.1       PUBLIC        F1
  D:00D0H         PUBLIC        PSW
  B:00D8H.0       PUBLIC        CCF0
  B:00D8H.1       PUBLIC        CCF1
  -------         PROC          _GET_PRINT_DIRECTORY_TASK_CONTEXT
  D:0045H         SYMBOL        context
  C:3998H         LINE#         60
  C:399EH         LINE#         61
  C:399EH         LINE#         62
  C:39B3H         LINE#         63
  C:39CBH         LINE#         64
  C:39E3H         LINE#         66
  C:39FBH         LINE#         67
  C:3A13H         LINE#         69
  C:3A2BH         LINE#         70
  C:3A43H         LINE#         71
  C:3A5BH         LINE#         72
  C:3A73H         LINE#         73
  -------         ENDPROC       _GET_PRINT_DIRECTORY_TASK_CONTEXT
  -------         PROC          _GET_READ_DIR_ENTRY_TASK_CONTEXT
  D:004BH         SYMBOL        context
  C:3592H         LINE#         75
  C:3598H         LINE#         76
  C:3598H         LINE#         77
BL51 BANKED LINKER/LOCATER V4.02                                                      11/21/2019  06:07:41  PAGE 11


  C:35ADH         LINE#         78
  C:35C5H         LINE#         79
  C:35DDH         LINE#         80
  C:35F5H         LINE#         82
  C:360DH         LINE#         83
  C:3625H         LINE#         84
  C:363DH         LINE#         86
  C:3655H         LINE#         87
  C:366DH         LINE#         88
  C:3685H         LINE#         89
  C:369DH         LINE#         90
  -------         ENDPROC       _GET_READ_DIR_ENTRY_TASK_CONTEXT
  -------         PROC          GET_DIRECTORY_PRINT_BUFFER_POS
  C:4525H         LINE#         92
  C:4525H         LINE#         93
  C:4525H         LINE#         94
  C:452CH         LINE#         95
  -------         ENDPROC       GET_DIRECTORY_PRINT_BUFFER_POS
  -------         PROC          _SET_DIRECTORY_PRINT_BUFFER_POS
  D:0006H         SYMBOL        pos
  C:452DH         LINE#         97
  C:452DH         LINE#         98
  C:452DH         LINE#         99
  C:4534H         LINE#         100
  -------         ENDPROC       _SET_DIRECTORY_PRINT_BUFFER_POS
  -------         PROC          GET_DIRECTORY_PRINT_BUFFER
  C:4535H         LINE#         102
  C:4535H         LINE#         103
  C:4535H         LINE#         104
  C:453BH         LINE#         105
  -------         ENDPROC       GET_DIRECTORY_PRINT_BUFFER
  -------         PROC          _PRINT_DIRECTORY_INIT
  D:0024H         SYMBOL        sector_number_in
  -------         DO            sector_number_in
  D:0028H         SYMBOL        context
  -------         ENDDO         context
  C:3CAFH         LINE#         107
  C:3CB7H         LINE#         108
  C:3CB7H         LINE#         110
  C:3CC0H         LINE#         112
  C:3CCCH         LINE#         113
  C:3CD8H         LINE#         114
  C:3CDEH         LINE#         115
  C:3CDEH         LINE#         116
  C:3CECH         LINE#         117
  C:3CEEH         LINE#         119
  C:3CEEH         LINE#         120
  C:3CFFH         LINE#         121
  C:3CFFH         LINE#         122
  C:3D10H         LINE#         123
  C:3D21H         LINE#         124
  -------         ENDPROC       _PRINT_DIRECTORY_INIT
  -------         PROC          _READ_DIR_ENTRY_INIT
  D:0023H         SYMBOL        entry_in
  D:0025H         SYMBOL        sector_number_in
  -------         DO            sector_number_in
  D:0029H         SYMBOL        context
BL51 BANKED LINKER/LOCATER V4.02                                                      11/21/2019  06:07:41  PAGE 12


  -------         ENDDO         context
  C:3BFEH         LINE#         127
  C:3C02H         LINE#         128
  C:3C02H         LINE#         130
  C:3C0BH         LINE#         132
  C:3C17H         LINE#         133
  C:3C23H         LINE#         134
  C:3C30H         LINE#         135
  C:3C36H         LINE#         136
  C:3C36H         LINE#         137
  C:3C44H         LINE#         138
  C:3C46H         LINE#         140
  C:3C46H         LINE#         141
  C:3C57H         LINE#         142
  C:3C57H         LINE#         143
  C:3C68H         LINE#         144
  C:3C79H         LINE#         145
  C:3C87H         LINE#         146
  -------         ENDPROC       _READ_DIR_ENTRY_INIT
  -------         PROC          _PRINT_DIRECTORY_TASK
  D:0023H         SYMBOL        entries_in
  -------         DO            entries_in
  D:0026H         SYMBOL        temp8
  D:0027H         SYMBOL        context
  D:0042H         SYMBOL        values
  -------         ENDDO         values
  C:1A20H         LINE#         150
  C:1A26H         LINE#         151
  C:1A26H         LINE#         154
  C:1A2FH         LINE#         155
  C:1A38H         LINE#         157
  C:1A4FH         LINE#         158
  C:1A5FH         LINE#         159
  C:1A5FH         LINE#         160
  C:1A82H         LINE#         161
  C:1A92H         LINE#         162
  C:1A92H         LINE#         163
  C:1A9EH         LINE#         164
  C:1ADCH         LINE#         165
  C:1AF5H         LINE#         166
  C:1AF5H         LINE#         167
  C:1B17H         LINE#         168
  C:1B52H         LINE#         169
  C:1B5FH         LINE#         170
  C:1B6EH         LINE#         171
  C:1B6EH         LINE#         172
  C:1B88H         LINE#         173
  C:1B88H         LINE#         174
  C:1BAAH         LINE#         175
  C:1BE5H         LINE#         176
  C:1BF2H         LINE#         177
  C:1C16H         LINE#         178
  C:1C19H         LINE#         180
  C:1C19H         LINE#         181
  C:1C54H         LINE#         182
  C:1C6EH         LINE#         183
  C:1C6EH         LINE#         184
BL51 BANKED LINKER/LOCATER V4.02                                                      11/21/2019  06:07:41  PAGE 13


  C:1C90H         LINE#         185
  C:1CCBH         LINE#         186
  C:1CD8H         LINE#         187
  C:1D13H         LINE#         188
  C:1D13H         LINE#         189
  C:1D13H         LINE#         190
  C:1D13H         LINE#         191
  C:1D20H         LINE#         192
  C:1D35H         LINE#         193
  C:1D35H         LINE#         194
  C:1D4EH         LINE#         195
  C:1D8CH         LINE#         196
  C:1D8CH         LINE#         197
  C:1DB4H         LINE#         198
  C:1DBFH         LINE#         199
  C:1DBFH         LINE#         200
  C:1DCBH         LINE#         201
  C:1DCEH         LINE#         202
  C:1DCEH         LINE#         203
  C:1DDAH         LINE#         204
  C:1DDCH         LINE#         206
  C:1DDCH         LINE#         207
  C:1DEFH         LINE#         208
  C:1DF2H         LINE#         209
  C:1DF2H         LINE#         210
  C:1DF2H         LINE#         211
  C:1DF6H         LINE#         212
  C:1DF6H         LINE#         213
  C:1E0DH         LINE#         214
  C:1E10H         LINE#         215
  C:1E10H         LINE#         216
  C:1E12H         LINE#         217
  -------         ENDPROC       _PRINT_DIRECTORY_TASK
  -------         PROC          _READ_DIR_ENTRY_TASK
  D:0023H         SYMBOL        cluster
  -------         DO            cluster
  D:0026H         SYMBOL        context
  D:0047H         SYMBOL        temp8
  D:0048H         SYMBOL        values
  -------         ENDDO         values
  C:2561H         LINE#         219
  C:2567H         LINE#         220
  C:2567H         LINE#         223
  C:2570H         LINE#         224
  C:2579H         LINE#         226
  C:2590H         LINE#         227
  C:25A0H         LINE#         228
  C:25A0H         LINE#         229
  C:25C3H         LINE#         230
  C:25D3H         LINE#         231
  C:25D3H         LINE#         232
  C:25DFH         LINE#         233
  C:25FFH         LINE#         234
  C:25FFH         LINE#         235
  C:2609H         LINE#         236
  C:2609H         LINE#         237
  C:262FH         LINE#         238
BL51 BANKED LINKER/LOCATER V4.02                                                      11/21/2019  06:07:41  PAGE 14


  C:2640H         LINE#         239
  C:268AH         LINE#         240
  C:269BH         LINE#         241
  C:269BH         LINE#         242
  C:26E5H         LINE#         243
  C:26F6H         LINE#         244
  C:2740H         LINE#         245
  C:2763H         LINE#         246
  C:2782H         LINE#         247
  C:2785H         LINE#         248
  C:2785H         LINE#         250
  C:2785H         LINE#         251
  C:2785H         LINE#         252
  C:2792H         LINE#         253
  C:27A7H         LINE#         254
  C:27A7H         LINE#         255
  C:27C0H         LINE#         256
  C:27FEH         LINE#         257
  C:27FEH         LINE#         258
  C:2826H         LINE#         259
  C:2831H         LINE#         260
  C:2831H         LINE#         261
  C:283EH         LINE#         262
  C:2841H         LINE#         263
  C:2841H         LINE#         264
  C:284DH         LINE#         265
  C:284FH         LINE#         267
  C:284FH         LINE#         268
  C:2852H         LINE#         269
  C:2852H         LINE#         270
  C:2852H         LINE#         272
  C:2856H         LINE#         273
  C:2856H         LINE#         274
  C:2859H         LINE#         275
  C:2859H         LINE#         277
  C:286DH         LINE#         278
  C:286DH         LINE#         279
  C:287AH         LINE#         280
  C:287CH         LINE#         282
  C:287CH         LINE#         283
  C:288EH         LINE#         284
  C:288EH         LINE#         286
  C:2890H         LINE#         287
  -------         ENDPROC       _READ_DIR_ENTRY_TASK
  -------         PROC          EXPORT_DRIVE_VALUES
  C:453CH         LINE#         297
  C:453CH         LINE#         298
  C:453CH         LINE#         299
  C:4542H         LINE#         300
  -------         ENDPROC       EXPORT_DRIVE_VALUES
  -------         ENDMOD        DIRECTORY_FUNCTIONS_STRUCT

  -------         MODULE        EXP_4_MAIN
  C:0000H         SYMBOL        _ICE_DUMMY_
  B:00D8H.2       PUBLIC        CCF2
  B:00D8H.3       PUBLIC        CCF3
  D:0080H         PUBLIC        P0
BL51 BANKED LINKER/LOCATER V4.02                                                      11/21/2019  06:07:41  PAGE 15


  B:00D8H.4       PUBLIC        CCF4
  D:0090H         PUBLIC        P1
  D:00A0H         PUBLIC        P2
  D:00B0H         PUBLIC        P3
  B:00B0H.4       PUBLIC        T0
  B:00D0H.6       PUBLIC        AC
  B:00B0H.5       PUBLIC        T1
  B:00B0H.7       PUBLIC        nRD
  B:0090H.0       PUBLIC        T2
  B:00A8H.7       PUBLIC        EA
  B:00A8H.6       PUBLIC        EC
  B:00D8H.7       PUBLIC        CF
  B:00B0H.2       PUBLIC        nINT0
  B:0098H.7       PUBLIC        FE
  B:00B0H.3       PUBLIC        nINT1
  D:00A8H         PUBLIC        IEN0
  B:00B0H.0       PUBLIC        RxD
  B:00B0H.1       PUBLIC        TxD
  B:0090H.3       PUBLIC        CEX0
  B:0090H.4       PUBLIC        CEX1
  B:00C8H.0       PUBLIC        CP
  B:0090H.3       PUBLIC        P1_3
  B:00B0H.2       PUBLIC        P3_2
  B:00D8H.6       PUBLIC        CR
  B:00B0H.3       PUBLIC        P3_3
  B:00C8H.6       PUBLIC        EXF2
  D:00B8H         PUBLIC        IPL0
  B:00B0H.4       PUBLIC        P3_4
  B:00B0H.5       PUBLIC        P3_5
  B:00B0H.6       PUBLIC        nWR
  B:00A8H.4       PUBLIC        ES
  B:0098H.0       PUBLIC        RI
  B:00D0H.7       PUBLIC        CY
  B:0098H.1       PUBLIC        TI
  D:008FH         PUBLIC        CKCON0
  C:4209H         PUBLIC        LCD_str_start
  B:00B8H.1       PUBLIC        PT0L
  B:00B8H.3       PUBLIC        PT1L
  B:00B8H.5       PUBLIC        PT2L
  B:0090H.1       PUBLIC        T2EX
  D:00D8H         PUBLIC        CCON
  B:00B0H.6       PUBLIC        RS
  B:00B8H.0       PUBLIC        PX0L
  B:00D0H.2       PUBLIC        OV
  B:0090H.1       PUBLIC        SS
  B:00B8H.2       PUBLIC        PX1L
  C:3A74H         PUBLIC        main
  B:00C8H.5       PUBLIC        RCLK
  B:00C8H.4       PUBLIC        TCLK
  B:00B8H.6       PUBLIC        PPCL
  B:00A0H.4       PUBLIC        REDLED
  D:0098H         PUBLIC        SCON
  B:00A0H.6       PUBLIC        YELLOWLED
  B:0090H.4       PUBLIC        nCS0
  B:0080H.0       PUBLIC        AD0
  D:0088H         PUBLIC        TCON
  B:0080H.1       PUBLIC        AD1
BL51 BANKED LINKER/LOCATER V4.02                                                      11/21/2019  06:07:41  PAGE 16


  B:0080H.2       PUBLIC        AD2
  B:00B0H.1       PUBLIC        per_RxD
  B:00C8H.1       PUBLIC        CnT2
  B:0080H.3       PUBLIC        AD3
  B:0090H.5       PUBLIC        MISO
  B:0090H.7       PUBLIC        MOSI
  B:0080H.4       PUBLIC        AD4
  B:00B0H.0       PUBLIC        per_TxD
  B:0080H.5       PUBLIC        AD5
  B:0080H.6       PUBLIC        AD6
  B:0080H.7       PUBLIC        AD7
  B:00A0H.0       PUBLIC        AD8
  B:00A0H.1       PUBLIC        AD9
  B:0088H.1       PUBLIC        IE0
  B:00A0H.7       PUBLIC        AMBERLED
  B:0088H.3       PUBLIC        IE1
  D:008EH         PUBLIC        AUXR
  B:00B0H.7       PUBLIC        E
  B:00A0H.5       PUBLIC        GREENLED
  B:00A8H.1       PUBLIC        ET0
  B:00A8H.3       PUBLIC        ET1
  B:0088H.5       PUBLIC        TF0
  B:00A8H.5       PUBLIC        ET2
  B:0088H.7       PUBLIC        TF1
  B:00C8H.7       PUBLIC        TF2
  B:0098H.2       PUBLIC        RB8
  B:00A8H.0       PUBLIC        EX0
  B:0088H.0       PUBLIC        IT0
  B:0098H.3       PUBLIC        TB8
  B:00A8H.2       PUBLIC        EX1
  B:0088H.2       PUBLIC        IT1
  B:00D0H.0       PUBLIC        P
  B:0098H.7       PUBLIC        SM0
  B:0090H.2       PUBLIC        ECI
  B:0098H.6       PUBLIC        SM1
  B:0098H.5       PUBLIC        SM2
  B:00D0H.3       PUBLIC        RS0
  B:0088H.4       PUBLIC        TR0
  B:00D0H.4       PUBLIC        RS1
  B:0090H.6       PUBLIC        per_SCLK
  B:0088H.6       PUBLIC        TR1
  B:0090H.0       PUBLIC        SDA
  B:00C8H.2       PUBLIC        TR2
  B:00A0H.0       PUBLIC        SW1
  B:00A0H.1       PUBLIC        SW2
  B:00A0H.2       PUBLIC        SW3
  B:00A0H.3       PUBLIC        SW4
  B:0090H.6       PUBLIC        SCK
  B:0090H.7       PUBLIC        per_MOSI
  B:0090H.5       PUBLIC        per_MISO
  B:0090H.1       PUBLIC        SCL
  B:00C8H.3       PUBLIC        EXEN2
  B:0090H.2       PUBLIC        DATA_REQ
  B:0098H.4       PUBLIC        REN
  B:00A0H.2       PUBLIC        AD10
  B:00A0H.3       PUBLIC        AD11
  D:00C8H         PUBLIC        T2CON
BL51 BANKED LINKER/LOCATER V4.02                                                      11/21/2019  06:07:41  PAGE 17


  B:00A0H.4       PUBLIC        AD12
  B:00A0H.5       PUBLIC        AD13
  B:00A0H.6       PUBLIC        AD14
  B:00A0H.7       PUBLIC        AD15
  X:0000H         PUBLIC        buf1
  B:00B8H.4       PUBLIC        PLS
  X:0200H         PUBLIC        buf2
  B:00D0H.5       PUBLIC        F0
  B:00D0H.1       PUBLIC        F1
  D:00D0H         PUBLIC        PSW
  B:00D8H.0       PUBLIC        CCF0
  B:00D8H.1       PUBLIC        CCF1
  -------         PROC          MAIN
  -------         DO            MAIN
  D:0022H         SYMBOL        error_flag
  -------         ENDDO         error_flag
  C:3A74H         LINE#         24
  C:3A74H         LINE#         25
  C:3A74H         LINE#         31
  C:3A77H         LINE#         32
  C:3A77H         LINE#         33
  C:3A77H         LINE#         34
  C:3A7AH         LINE#         35
  C:3A7AH         LINE#         36
  C:3A7AH         LINE#         37
  C:3A7AH         LINE#         38
  C:3A7AH         LINE#         39
  C:3A7AH         LINE#         41
  C:3A7FH         LINE#         42
  C:3A84H         LINE#         44
  C:3A8BH         LINE#         45
  C:3A92H         LINE#         47
  C:3A9AH         LINE#         49
  C:3A9DH         LINE#         50
  C:3AAAH         LINE#         51
  C:3AB3H         LINE#         54
  C:3AC0H         LINE#         55
  C:3AC4H         LINE#         56
  C:3AC4H         LINE#         57
  C:3AC9H         LINE#         58
  C:3ACEH         LINE#         59
  C:3AD0H         LINE#         60
  C:3AD0H         LINE#         61
  C:3AD5H         LINE#         63
  C:3ADAH         LINE#         64
  C:3ADEH         LINE#         65
  C:3ADEH         LINE#         66
  C:3AE3H         LINE#         67
  C:3AE8H         LINE#         68
  C:3AEAH         LINE#         69
  C:3AEAH         LINE#         70
  C:3AEFH         LINE#         71
  C:3AFCH         LINE#         72
  C:3B00H         LINE#         73
  C:3B00H         LINE#         74
  C:3B05H         LINE#         75
  C:3B0AH         LINE#         76
BL51 BANKED LINKER/LOCATER V4.02                                                      11/21/2019  06:07:41  PAGE 18


  C:3B0CH         LINE#         77
  C:3B0CH         LINE#         79
  C:3B15H         LINE#         80
  C:3B1FH         LINE#         81
  C:3B1FH         LINE#         82
  C:3B28H         LINE#         83
  C:3B2DH         LINE#         84
  C:3B32H         LINE#         85
  C:3B34H         LINE#         87
  C:3B34H         LINE#         88
  C:3B3DH         LINE#         89
  C:3B3FH         LINE#         90
  C:3B3FH         LINE#         92
  C:3B44H         LINE#         93
  -------         ENDPROC       MAIN
  -------         ENDMOD        EXP_4_MAIN

  -------         MODULE        FILE_SYSTEM
  C:0000H         SYMBOL        _ICE_DUMMY_
  B:00D8H.2       PUBLIC        CCF2
  C:3F7FH         PUBLIC        _first_sector
  B:00D8H.3       PUBLIC        CCF3
  D:0080H         PUBLIC        P0
  B:00D8H.4       PUBLIC        CCF4
  D:0090H         PUBLIC        P1
  D:00A0H         PUBLIC        P2
  D:00B0H         PUBLIC        P3
  B:00B0H.4       PUBLIC        T0
  B:00D0H.6       PUBLIC        AC
  B:00B0H.5       PUBLIC        T1
  B:00B0H.7       PUBLIC        nRD
  B:0090H.0       PUBLIC        T2
  B:00A8H.7       PUBLIC        EA
  B:00A8H.6       PUBLIC        EC
  B:00D8H.7       PUBLIC        CF
  B:00B0H.2       PUBLIC        nINT0
  B:0098H.7       PUBLIC        FE
  B:00B0H.3       PUBLIC        nINT1
  D:00A8H         PUBLIC        IEN0
  B:00B0H.0       PUBLIC        RxD
  B:00B0H.1       PUBLIC        TxD
  B:0090H.3       PUBLIC        CEX0
  B:0090H.4       PUBLIC        CEX1
  B:00C8H.0       PUBLIC        CP
  C:162AH         PUBLIC        _mount_drive
  B:00D8H.6       PUBLIC        CR
  B:00C8H.6       PUBLIC        EXF2
  D:00B8H         PUBLIC        IPL0
  B:00B0H.6       PUBLIC        nWR
  B:00A8H.4       PUBLIC        ES
  B:0098H.0       PUBLIC        RI
  B:00D0H.7       PUBLIC        CY
  B:0098H.1       PUBLIC        TI
  B:00B8H.1       PUBLIC        PT0L
  B:00B8H.3       PUBLIC        PT1L
  B:00B8H.5       PUBLIC        PT2L
  B:0090H.1       PUBLIC        T2EX
BL51 BANKED LINKER/LOCATER V4.02                                                      11/21/2019  06:07:41  PAGE 19


  D:00D8H         PUBLIC        CCON
  B:00B8H.0       PUBLIC        PX0L
  B:00D0H.2       PUBLIC        OV
  B:0090H.1       PUBLIC        SS
  B:00B8H.2       PUBLIC        PX1L
  B:00C8H.5       PUBLIC        RCLK
  B:00C8H.4       PUBLIC        TCLK
  B:00B8H.6       PUBLIC        PPCL
  D:0098H         PUBLIC        SCON
  B:0080H.0       PUBLIC        AD0
  D:0088H         PUBLIC        TCON
  B:0080H.1       PUBLIC        AD1
  B:0080H.2       PUBLIC        AD2
  B:00C8H.1       PUBLIC        CnT2
  B:0080H.3       PUBLIC        AD3
  B:0090H.5       PUBLIC        MISO
  B:0090H.7       PUBLIC        MOSI
  B:0080H.4       PUBLIC        AD4
  B:0080H.5       PUBLIC        AD5
  B:0080H.6       PUBLIC        AD6
  B:0080H.7       PUBLIC        AD7
  B:00A0H.0       PUBLIC        AD8
  B:00A0H.1       PUBLIC        AD9
  B:0088H.1       PUBLIC        IE0
  C:31AFH         PUBLIC        _find_next_clus
  B:0088H.3       PUBLIC        IE1
  B:00A8H.1       PUBLIC        ET0
  B:00A8H.3       PUBLIC        ET1
  B:0088H.5       PUBLIC        TF0
  B:00A8H.5       PUBLIC        ET2
  B:0088H.7       PUBLIC        TF1
  B:00C8H.7       PUBLIC        TF2
  B:0098H.2       PUBLIC        RB8
  B:00A8H.0       PUBLIC        EX0
  B:0088H.0       PUBLIC        IT0
  B:0098H.3       PUBLIC        TB8
  B:00A8H.2       PUBLIC        EX1
  B:0088H.2       PUBLIC        IT1
  B:00D0H.0       PUBLIC        P
  B:0098H.7       PUBLIC        SM0
  B:0090H.2       PUBLIC        ECI
  B:0098H.6       PUBLIC        SM1
  B:0098H.5       PUBLIC        SM2
  B:00D0H.3       PUBLIC        RS0
  B:0088H.4       PUBLIC        TR0
  B:00D0H.4       PUBLIC        RS1
  B:0088H.6       PUBLIC        TR1
  B:00C8H.2       PUBLIC        TR2
  B:0090H.6       PUBLIC        SCK
  B:00C8H.3       PUBLIC        EXEN2
  B:0098H.4       PUBLIC        REN
  B:00A0H.2       PUBLIC        AD10
  B:00A0H.3       PUBLIC        AD11
  D:00C8H         PUBLIC        T2CON
  B:00A0H.4       PUBLIC        AD12
  B:00A0H.5       PUBLIC        AD13
  B:00A0H.6       PUBLIC        AD14
BL51 BANKED LINKER/LOCATER V4.02                                                      11/21/2019  06:07:41  PAGE 20


  B:00A0H.7       PUBLIC        AD15
  B:00B8H.4       PUBLIC        PLS
  B:00D0H.5       PUBLIC        F0
  B:00D0H.1       PUBLIC        F1
  D:00D0H         PUBLIC        PSW
  B:00D8H.0       PUBLIC        CCF0
  B:00D8H.1       PUBLIC        CCF1
  -------         PROC          _MOUNT_DRIVE
  D:0006H         SYMBOL        xram_data_array
  -------         DO            xram_data_array
  D:0023H         SYMBOL        temp8
  D:0024H         SYMBOL        NumFAT
  D:0004H         SYMBOL        temp16
  D:0025H         SYMBOL        RootEntCnt
  D:0027H         SYMBOL        RsvdSecCnt
  D:0029H         SYMBOL        FATSz16
  D:002BH         SYMBOL        TotSec16
  D:002DH         SYMBOL        ClusterCount
  D:0031H         SYMBOL        FATSz
  D:0035H         SYMBOL        TotSec
  D:0039H         SYMBOL        DataSec
  D:003DH         SYMBOL        MBR_RelSec
  D:0041H         SYMBOL        RootClus
  D:0045H         SYMBOL        data_array
  D:0048H         SYMBOL        drive_values
  -------         ENDDO         drive_values
  C:162AH         LINE#         24
  C:162AH         LINE#         25
  C:162AH         LINE#         31
  C:1635H         LINE#         33
  C:163EH         LINE#         37
  C:1647H         LINE#         38
  C:1661H         LINE#         39
  C:166FH         LINE#         40
  C:1678H         LINE#         41
  C:1684H         LINE#         42
  C:1684H         LINE#         45
  C:1699H         LINE#         47
  C:16ABH         LINE#         48
  C:16B9H         LINE#         49
  C:16B9H         LINE#         52
  C:16C5H         LINE#         53
  C:16C5H         LINE#         54
  C:16CEH         LINE#         55
  C:16D1H         LINE#         56
  C:16D1H         LINE#         60
  C:16EDH         LINE#         63
  C:16F4H         LINE#         65
  C:16FDH         LINE#         67
  C:1703H         LINE#         68
  C:1703H         LINE#         69
  C:1711H         LINE#         70
  C:1718H         LINE#         71
  C:171AH         LINE#         73
  C:1731H         LINE#         75
  C:1742H         LINE#         76
  C:1751H         LINE#         77
BL51 BANKED LINKER/LOCATER V4.02                                                      11/21/2019  06:07:41  PAGE 21


  C:1762H         LINE#         78
  C:1773H         LINE#         79
  C:1784H         LINE#         80
  C:1799H         LINE#         83
  C:179FH         LINE#         84
  C:179FH         LINE#         85
  C:17B5H         LINE#         86
  C:17B7H         LINE#         88
  C:17B7H         LINE#         89
  C:17CCH         LINE#         90
  C:17CCH         LINE#         92
  C:17D2H         LINE#         93
  C:17D2H         LINE#         94
  C:17DDH         LINE#         95
  C:17DFH         LINE#         97
  C:17DFH         LINE#         98
  C:17F4H         LINE#         99
  C:17F4H         LINE#         102
  C:182EH         LINE#         105
  C:1885H         LINE#         108
  C:18A4H         LINE#         111
  C:18FBH         LINE#         114
  C:191BH         LINE#         115
  C:1930H         LINE#         116
  C:1930H         LINE#         118
  C:1939H         LINE#         119
  C:193CH         LINE#         120
  C:193CH         LINE#         121
  C:1951H         LINE#         122
  C:1951H         LINE#         124
  C:195FH         LINE#         125
  C:1968H         LINE#         126
  C:19ADH         LINE#         127
  C:19AFH         LINE#         129
  C:19AFH         LINE#         131
  C:19BDH         LINE#         132
  C:19C6H         LINE#         133
  C:1A1DH         LINE#         134
  C:1A1DH         LINE#         136
  C:1A1FH         LINE#         137
  -------         ENDPROC       _MOUNT_DRIVE
  -------         PROC          _FIRST_SECTOR
  D:002AH         SYMBOL        cluster_num
  -------         DO            cluster_num
  D:002EH         SYMBOL        drive_values
  -------         ENDDO         drive_values
  C:3F7FH         LINE#         139
  C:3F87H         LINE#         140
  C:3F87H         LINE#         141
  C:3F90H         LINE#         144
  C:3FA3H         LINE#         145
  C:3FA3H         LINE#         146
  C:3FAFH         LINE#         147
  C:3FAFH         LINE#         149
  C:3FAFH         LINE#         150
  C:3FFAH         LINE#         151
  C:3FFAH         LINE#         152
BL51 BANKED LINKER/LOCATER V4.02                                                      11/21/2019  06:07:41  PAGE 22


  -------         ENDPROC       _FIRST_SECTOR
  -------         PROC          _FIND_NEXT_CLUS
  D:0023H         SYMBOL        cluster_num
  D:0027H         SYMBOL        xram_data_array
  -------         DO            xram_data_array
  D:0029H         SYMBOL        data_array
  D:002CH         SYMBOL        FAToffset
  D:0004H         SYMBOL        sector
  D:002EH         SYMBOL        next_clus
  D:0032H         SYMBOL        drive_values
  -------         ENDDO         drive_values
  C:31AFH         LINE#         154
  C:31B7H         LINE#         155
  C:31B7H         LINE#         159
  C:31C0H         LINE#         161
  C:31C9H         LINE#         164
  C:3222H         LINE#         165
  C:323FH         LINE#         168
  C:328EH         LINE#         171
  C:329DH         LINE#         172
  C:329DH         LINE#         173
  C:32AEH         LINE#         174
  C:32AEH         LINE#         175
  C:32BEH         LINE#         176
  C:32BEH         LINE#         177
  C:32D4H         LINE#         180
  C:32E8H         LINE#         181
  C:32E8H         LINE#         182
  C:32F0H         LINE#         183
  C:32F0H         LINE#         185
  C:32F0H         LINE#         186
  C:32F9H         LINE#         187
  C:32F9H         LINE#         188
  C:32F9H         LINE#         190
  C:32F9H         LINE#         191
  C:3302H         LINE#         192
  C:3308H         LINE#         193
  C:3308H         LINE#         195
  C:3311H         LINE#         196
  C:3316H         LINE#         197
  -------         ENDPROC       _FIND_NEXT_CLUS
  -------         ENDMOD        FILE_SYSTEM

  -------         MODULE        LCD_HARDWARE_FUNCTIONS
  C:0000H         SYMBOL        _ICE_DUMMY_
  B:00D8H.2       PUBLIC        CCF2
  B:00D8H.3       PUBLIC        CCF3
  D:0080H         PUBLIC        P0
  B:00D8H.4       PUBLIC        CCF4
  D:0090H         PUBLIC        P1
  D:00A0H         PUBLIC        P2
  D:00B0H         PUBLIC        P3
  B:00B0H.4       PUBLIC        T0
  B:00D0H.6       PUBLIC        AC
  B:00B0H.5       PUBLIC        T1
  B:00B0H.7       PUBLIC        nRD
  B:0090H.0       PUBLIC        T2
BL51 BANKED LINKER/LOCATER V4.02                                                      11/21/2019  06:07:41  PAGE 23


  B:00A8H.7       PUBLIC        EA
  B:00A8H.6       PUBLIC        EC
  B:00D8H.7       PUBLIC        CF
  B:00B0H.2       PUBLIC        nINT0
  B:0098H.7       PUBLIC        FE
  B:00B0H.3       PUBLIC        nINT1
  D:00A8H         PUBLIC        IEN0
  B:00B0H.0       PUBLIC        RxD
  B:00B0H.1       PUBLIC        TxD
  B:0090H.3       PUBLIC        CEX0
  B:0090H.4       PUBLIC        CEX1
  B:00C8H.0       PUBLIC        CP
  B:0090H.3       PUBLIC        P1_3
  B:00B0H.2       PUBLIC        P3_2
  B:00D8H.6       PUBLIC        CR
  B:00B0H.3       PUBLIC        P3_3
  B:00C8H.6       PUBLIC        EXF2
  D:00B8H         PUBLIC        IPL0
  B:00B0H.4       PUBLIC        P3_4
  B:00B0H.5       PUBLIC        P3_5
  B:00B0H.6       PUBLIC        nWR
  B:00A8H.4       PUBLIC        ES
  B:0098H.0       PUBLIC        RI
  B:00D0H.7       PUBLIC        CY
  B:0098H.1       PUBLIC        TI
  B:00B8H.1       PUBLIC        PT0L
  C:4403H         PUBLIC        _LCD_Write
  B:00B8H.3       PUBLIC        PT1L
  B:00B8H.5       PUBLIC        PT2L
  B:0090H.1       PUBLIC        T2EX
  D:00D8H         PUBLIC        CCON
  B:00B0H.6       PUBLIC        RS
  B:00B8H.0       PUBLIC        PX0L
  B:00D0H.2       PUBLIC        OV
  B:0090H.1       PUBLIC        SS
  B:00B8H.2       PUBLIC        PX1L
  B:00C8H.5       PUBLIC        RCLK
  B:00C8H.4       PUBLIC        TCLK
  B:00B8H.6       PUBLIC        PPCL
  B:00A0H.4       PUBLIC        REDLED
  D:0098H         PUBLIC        SCON
  B:00A0H.6       PUBLIC        YELLOWLED
  B:0090H.4       PUBLIC        nCS0
  B:0080H.0       PUBLIC        AD0
  D:0088H         PUBLIC        TCON
  B:0080H.1       PUBLIC        AD1
  B:0080H.2       PUBLIC        AD2
  B:00B0H.1       PUBLIC        per_RxD
  B:00C8H.1       PUBLIC        CnT2
  B:0080H.3       PUBLIC        AD3
  B:0090H.5       PUBLIC        MISO
  B:0090H.7       PUBLIC        MOSI
  B:0080H.4       PUBLIC        AD4
  B:00B0H.0       PUBLIC        per_TxD
  B:0080H.5       PUBLIC        AD5
  B:0080H.6       PUBLIC        AD6
  B:0080H.7       PUBLIC        AD7
BL51 BANKED LINKER/LOCATER V4.02                                                      11/21/2019  06:07:41  PAGE 24


  B:00A0H.0       PUBLIC        AD8
  B:00A0H.1       PUBLIC        AD9
  B:0088H.1       PUBLIC        IE0
  B:00A0H.7       PUBLIC        AMBERLED
  B:0088H.3       PUBLIC        IE1
  B:00B0H.7       PUBLIC        E
  B:00A0H.5       PUBLIC        GREENLED
  B:00A8H.1       PUBLIC        ET0
  B:00A8H.3       PUBLIC        ET1
  B:0088H.5       PUBLIC        TF0
  B:00A8H.5       PUBLIC        ET2
  B:0088H.7       PUBLIC        TF1
  B:00C8H.7       PUBLIC        TF2
  B:0098H.2       PUBLIC        RB8
  B:00A8H.0       PUBLIC        EX0
  B:0088H.0       PUBLIC        IT0
  B:0098H.3       PUBLIC        TB8
  B:00A8H.2       PUBLIC        EX1
  B:0088H.2       PUBLIC        IT1
  B:00D0H.0       PUBLIC        P
  B:0098H.7       PUBLIC        SM0
  B:0090H.2       PUBLIC        ECI
  B:0098H.6       PUBLIC        SM1
  B:0098H.5       PUBLIC        SM2
  B:00D0H.3       PUBLIC        RS0
  B:0088H.4       PUBLIC        TR0
  B:00D0H.4       PUBLIC        RS1
  B:0090H.6       PUBLIC        per_SCLK
  B:0088H.6       PUBLIC        TR1
  B:0090H.0       PUBLIC        SDA
  B:00C8H.2       PUBLIC        TR2
  B:00A0H.0       PUBLIC        SW1
  B:00A0H.1       PUBLIC        SW2
  B:00A0H.2       PUBLIC        SW3
  B:00A0H.3       PUBLIC        SW4
  B:0090H.6       PUBLIC        SCK
  B:0090H.7       PUBLIC        per_MOSI
  B:0090H.5       PUBLIC        per_MISO
  B:0090H.1       PUBLIC        SCL
  B:00C8H.3       PUBLIC        EXEN2
  B:0090H.2       PUBLIC        DATA_REQ
  B:0098H.4       PUBLIC        REN
  B:00A0H.2       PUBLIC        AD10
  B:00A0H.3       PUBLIC        AD11
  D:00C8H         PUBLIC        T2CON
  B:00A0H.4       PUBLIC        AD12
  B:00A0H.5       PUBLIC        AD13
  B:00A0H.6       PUBLIC        AD14
  B:00A0H.7       PUBLIC        AD15
  B:00B8H.4       PUBLIC        PLS
  B:00D0H.5       PUBLIC        F0
  B:00D0H.1       PUBLIC        F1
  D:00D0H         PUBLIC        PSW
  B:00D8H.0       PUBLIC        CCF0
  B:00D8H.1       PUBLIC        CCF1
  -------         PROC          _LCD_WRITE
  D:0007H         SYMBOL        RegSelect
BL51 BANKED LINKER/LOCATER V4.02                                                      11/21/2019  06:07:41  PAGE 25


  D:0029H         SYMBOL        LCD_Data
  C:4403H         LINE#         14
  C:4405H         LINE#         15
  C:4405H         LINE#         16
  C:4408H         LINE#         17
  C:4408H         LINE#         18
  C:440DH         LINE#         19
  C:440FH         LINE#         21
  C:440FH         LINE#         22
  C:4414H         LINE#         23
  C:4414H         LINE#         24
  C:4419H         LINE#         25
  C:441EH         LINE#         26
  C:4423H         LINE#         27
  C:4428H         LINE#         28
  -------         ENDPROC       _LCD_WRITE
  -------         ENDMOD        LCD_HARDWARE_FUNCTIONS

  -------         MODULE        LCD_ROUTINES
  C:0000H         SYMBOL        _ICE_DUMMY_
  B:00D8H.2       PUBLIC        CCF2
  B:00D8H.3       PUBLIC        CCF3
  D:0080H         PUBLIC        P0
  B:00D8H.4       PUBLIC        CCF4
  D:0090H         PUBLIC        P1
  D:00A0H         PUBLIC        P2
  D:00B0H         PUBLIC        P3
  B:00B0H.4       PUBLIC        T0
  B:00D0H.6       PUBLIC        AC
  B:00B0H.5       PUBLIC        T1
  B:00B0H.7       PUBLIC        nRD
  B:0090H.0       PUBLIC        T2
  B:00A8H.7       PUBLIC        EA
  B:00A8H.6       PUBLIC        EC
  B:00D8H.7       PUBLIC        CF
  B:00B0H.2       PUBLIC        nINT0
  B:0098H.7       PUBLIC        FE
  B:00B0H.3       PUBLIC        nINT1
  D:00A8H         PUBLIC        IEN0
  B:00B0H.0       PUBLIC        RxD
  B:00B0H.1       PUBLIC        TxD
  B:0090H.3       PUBLIC        CEX0
  B:0090H.4       PUBLIC        CEX1
  B:00C8H.0       PUBLIC        CP
  B:00D8H.6       PUBLIC        CR
  B:00C8H.6       PUBLIC        EXF2
  D:00B8H         PUBLIC        IPL0
  B:00B0H.6       PUBLIC        nWR
  B:00A8H.4       PUBLIC        ES
  B:0098H.0       PUBLIC        RI
  B:00D0H.7       PUBLIC        CY
  B:0098H.1       PUBLIC        TI
  B:00B8H.1       PUBLIC        PT0L
  B:00B8H.3       PUBLIC        PT1L
  B:00B8H.5       PUBLIC        PT2L
  B:0090H.1       PUBLIC        T2EX
  D:00D8H         PUBLIC        CCON
BL51 BANKED LINKER/LOCATER V4.02                                                      11/21/2019  06:07:41  PAGE 26


  B:00B8H.0       PUBLIC        PX0L
  B:00D0H.2       PUBLIC        OV
  B:0090H.1       PUBLIC        SS
  B:00B8H.2       PUBLIC        PX1L
  B:00C8H.5       PUBLIC        RCLK
  B:00C8H.4       PUBLIC        TCLK
  B:00B8H.6       PUBLIC        PPCL
  D:0098H         PUBLIC        SCON
  B:0080H.0       PUBLIC        AD0
  D:0088H         PUBLIC        TCON
  B:0080H.1       PUBLIC        AD1
  B:0080H.2       PUBLIC        AD2
  B:00C8H.1       PUBLIC        CnT2
  B:0080H.3       PUBLIC        AD3
  B:0090H.5       PUBLIC        MISO
  B:0090H.7       PUBLIC        MOSI
  B:0080H.4       PUBLIC        AD4
  B:0080H.5       PUBLIC        AD5
  B:0080H.6       PUBLIC        AD6
  B:0080H.7       PUBLIC        AD7
  B:00A0H.0       PUBLIC        AD8
  B:00A0H.1       PUBLIC        AD9
  B:0088H.1       PUBLIC        IE0
  B:0088H.3       PUBLIC        IE1
  C:3EFAH         PUBLIC        _LCD_print
  B:00A8H.1       PUBLIC        ET0
  C:4330H         PUBLIC        LCD_Init
  B:00A8H.3       PUBLIC        ET1
  B:0088H.5       PUBLIC        TF0
  B:00A8H.5       PUBLIC        ET2
  B:0088H.7       PUBLIC        TF1
  B:00C8H.7       PUBLIC        TF2
  B:0098H.2       PUBLIC        RB8
  B:00A8H.0       PUBLIC        EX0
  B:0088H.0       PUBLIC        IT0
  B:0098H.3       PUBLIC        TB8
  B:00A8H.2       PUBLIC        EX1
  B:0088H.2       PUBLIC        IT1
  B:00D0H.0       PUBLIC        P
  B:0098H.7       PUBLIC        SM0
  B:0090H.2       PUBLIC        ECI
  B:0098H.6       PUBLIC        SM1
  B:0098H.5       PUBLIC        SM2
  B:00D0H.3       PUBLIC        RS0
  B:0088H.4       PUBLIC        TR0
  B:00D0H.4       PUBLIC        RS1
  B:0088H.6       PUBLIC        TR1
  B:00C8H.2       PUBLIC        TR2
  B:0090H.6       PUBLIC        SCK
  B:00C8H.3       PUBLIC        EXEN2
  B:0098H.4       PUBLIC        REN
  B:00A0H.2       PUBLIC        AD10
  B:00A0H.3       PUBLIC        AD11
  D:00C8H         PUBLIC        T2CON
  B:00A0H.4       PUBLIC        AD12
  B:00A0H.5       PUBLIC        AD13
  B:00A0H.6       PUBLIC        AD14
BL51 BANKED LINKER/LOCATER V4.02                                                      11/21/2019  06:07:41  PAGE 27


  B:00A0H.7       PUBLIC        AD15
  B:00B8H.4       PUBLIC        PLS
  B:00D0H.5       PUBLIC        F0
  B:00D0H.1       PUBLIC        F1
  D:00D0H         PUBLIC        PSW
  B:00D8H.0       PUBLIC        CCF0
  B:00D8H.1       PUBLIC        CCF1
  -------         PROC          LCD_INIT
  C:4330H         LINE#         14
  C:4330H         LINE#         15
  C:4330H         LINE#         16
  C:4337H         LINE#         17
  C:433EH         LINE#         18
  C:4345H         LINE#         19
  C:434CH         LINE#         20
  C:4353H         LINE#         21
  C:435AH         LINE#         22
  C:4361H         LINE#         23
  -------         ENDPROC       LCD_INIT
  -------         PROC          _LCD_PRINT
  D:0007H         SYMBOL        address
  D:0023H         SYMBOL        num_bytes
  D:0024H         SYMBOL        array_name_p
  -------         DO            array_name_p
  D:0027H         SYMBOL        index
  D:0028H         SYMBOL        character
  -------         ENDDO         character
  C:3EFAH         LINE#         28
  C:3F02H         LINE#         29
  C:3F02H         LINE#         31
  C:3F06H         LINE#         32
  C:3F06H         LINE#         33
  C:3F0FH         LINE#         34
  C:3F16H         LINE#         35
  C:3F16H         LINE#         36
  C:3F1AH         LINE#         37
  C:3F1AH         LINE#         38
  C:3F1CH         LINE#         39
  C:3F2CH         LINE#         40
  C:3F30H         LINE#         41
  C:3F30H         LINE#         42
  C:3F36H         LINE#         43
  C:3F3DH         LINE#         44
  C:3F3FH         LINE#         45
  C:3F50H         LINE#         46
  C:3F52H         LINE#         47
  C:3F52H         LINE#         49
  C:3F52H         LINE#         50
  C:3F5CH         LINE#         51
  C:3F5CH         LINE#         52
  C:3F6DH         LINE#         53
  C:3F73H         LINE#         54
  C:3F7AH         LINE#         55
  C:3F7EH         LINE#         56
  C:3F7EH         LINE#         57
  -------         ENDPROC       _LCD_PRINT
  -------         ENDMOD        LCD_ROUTINES
BL51 BANKED LINKER/LOCATER V4.02                                                      11/21/2019  06:07:41  PAGE 28



  -------         MODULE        LED_CONTROL
  C:0000H         SYMBOL        _ICE_DUMMY_
  B:00D8H.2       PUBLIC        CCF2
  B:00D8H.3       PUBLIC        CCF3
  D:0080H         PUBLIC        P0
  B:00D8H.4       PUBLIC        CCF4
  D:0090H         PUBLIC        P1
  D:00A0H         PUBLIC        P2
  D:00B0H         PUBLIC        P3
  B:00B0H.4       PUBLIC        T0
  B:00D0H.6       PUBLIC        AC
  B:00B0H.5       PUBLIC        T1
  B:00B0H.7       PUBLIC        nRD
  B:0090H.0       PUBLIC        T2
  B:00A8H.7       PUBLIC        EA
  C:4543H         PUBLIC        _LEDS_ON
  B:00A8H.6       PUBLIC        EC
  B:00D8H.7       PUBLIC        CF
  B:00B0H.2       PUBLIC        nINT0
  B:0098H.7       PUBLIC        FE
  B:00B0H.3       PUBLIC        nINT1
  D:00A8H         PUBLIC        IEN0
  B:00B0H.0       PUBLIC        RxD
  B:00B0H.1       PUBLIC        TxD
  B:0090H.3       PUBLIC        CEX0
  B:0090H.4       PUBLIC        CEX1
  B:00C8H.0       PUBLIC        CP
  B:0090H.3       PUBLIC        P1_3
  B:00B0H.2       PUBLIC        P3_2
  B:00D8H.6       PUBLIC        CR
  B:00B0H.3       PUBLIC        P3_3
  B:00C8H.6       PUBLIC        EXF2
  D:00B8H         PUBLIC        IPL0
  B:00B0H.4       PUBLIC        P3_4
  B:00B0H.5       PUBLIC        P3_5
  B:00B0H.6       PUBLIC        nWR
  B:00A8H.4       PUBLIC        ES
  B:0098H.0       PUBLIC        RI
  B:00D0H.7       PUBLIC        CY
  B:0098H.1       PUBLIC        TI
  B:00B8H.1       PUBLIC        PT0L
  B:00B8H.3       PUBLIC        PT1L
  C:42F5H         PUBLIC        _LED_number
  B:00B8H.5       PUBLIC        PT2L
  B:0090H.1       PUBLIC        T2EX
  D:00D8H         PUBLIC        CCON
  B:00B0H.6       PUBLIC        RS
  B:00B8H.0       PUBLIC        PX0L
  B:00D0H.2       PUBLIC        OV
  B:0090H.1       PUBLIC        SS
  B:00B8H.2       PUBLIC        PX1L
  B:00C8H.5       PUBLIC        RCLK
  B:00C8H.4       PUBLIC        TCLK
  B:00B8H.6       PUBLIC        PPCL
  B:00A0H.4       PUBLIC        REDLED
  D:0098H         PUBLIC        SCON
BL51 BANKED LINKER/LOCATER V4.02                                                      11/21/2019  06:07:41  PAGE 29


  B:00A0H.6       PUBLIC        YELLOWLED
  B:0090H.4       PUBLIC        nCS0
  B:0080H.0       PUBLIC        AD0
  D:0088H         PUBLIC        TCON
  B:0080H.1       PUBLIC        AD1
  B:0080H.2       PUBLIC        AD2
  B:00B0H.1       PUBLIC        per_RxD
  B:00C8H.1       PUBLIC        CnT2
  B:0080H.3       PUBLIC        AD3
  B:0090H.5       PUBLIC        MISO
  B:0090H.7       PUBLIC        MOSI
  B:0080H.4       PUBLIC        AD4
  B:00B0H.0       PUBLIC        per_TxD
  B:0080H.5       PUBLIC        AD5
  B:0080H.6       PUBLIC        AD6
  B:0080H.7       PUBLIC        AD7
  B:00A0H.0       PUBLIC        AD8
  B:00A0H.1       PUBLIC        AD9
  B:0088H.1       PUBLIC        IE0
  B:00A0H.7       PUBLIC        AMBERLED
  B:0088H.3       PUBLIC        IE1
  B:00B0H.7       PUBLIC        E
  C:4561H         PUBLIC        _LEDS_OFF
  B:00A0H.5       PUBLIC        GREENLED
  B:00A8H.1       PUBLIC        ET0
  B:00A8H.3       PUBLIC        ET1
  B:0088H.5       PUBLIC        TF0
  B:00A8H.5       PUBLIC        ET2
  B:0088H.7       PUBLIC        TF1
  B:00C8H.7       PUBLIC        TF2
  B:0098H.2       PUBLIC        RB8
  B:00A8H.0       PUBLIC        EX0
  B:0088H.0       PUBLIC        IT0
  B:0098H.3       PUBLIC        TB8
  B:00A8H.2       PUBLIC        EX1
  B:0088H.2       PUBLIC        IT1
  B:00D0H.0       PUBLIC        P
  B:0098H.7       PUBLIC        SM0
  B:0090H.2       PUBLIC        ECI
  B:0098H.6       PUBLIC        SM1
  B:0098H.5       PUBLIC        SM2
  B:00D0H.3       PUBLIC        RS0
  B:0088H.4       PUBLIC        TR0
  B:00D0H.4       PUBLIC        RS1
  B:0090H.6       PUBLIC        per_SCLK
  B:0088H.6       PUBLIC        TR1
  B:0090H.0       PUBLIC        SDA
  B:00C8H.2       PUBLIC        TR2
  B:00A0H.0       PUBLIC        SW1
  B:00A0H.1       PUBLIC        SW2
  B:00A0H.2       PUBLIC        SW3
  B:00A0H.3       PUBLIC        SW4
  B:0090H.6       PUBLIC        SCK
  B:0090H.7       PUBLIC        per_MOSI
  B:0090H.5       PUBLIC        per_MISO
  B:0090H.1       PUBLIC        SCL
  B:00C8H.3       PUBLIC        EXEN2
BL51 BANKED LINKER/LOCATER V4.02                                                      11/21/2019  06:07:41  PAGE 30


  B:0090H.2       PUBLIC        DATA_REQ
  B:0098H.4       PUBLIC        REN
  B:00A0H.2       PUBLIC        AD10
  B:00A0H.3       PUBLIC        AD11
  D:00C8H         PUBLIC        T2CON
  B:00A0H.4       PUBLIC        AD12
  B:00A0H.5       PUBLIC        AD13
  B:00A0H.6       PUBLIC        AD14
  B:00A0H.7       PUBLIC        AD15
  B:00B8H.4       PUBLIC        PLS
  B:00D0H.5       PUBLIC        F0
  B:00D0H.1       PUBLIC        F1
  D:00D0H         PUBLIC        PSW
  B:00D8H.0       PUBLIC        CCF0
  B:00D8H.1       PUBLIC        CCF1
  -------         PROC          _LEDS_ON
  D:0007H         SYMBOL        LED_mask
  C:4543H         LINE#         13
  C:4543H         LINE#         14
  C:4543H         LINE#         15
  C:4547H         LINE#         16
  -------         ENDPROC       _LEDS_ON
  -------         PROC          _LEDS_OFF
  D:0007H         SYMBOL        LED_mask
  C:4561H         LINE#         26
  C:4561H         LINE#         27
  C:4561H         LINE#         28
  C:4564H         LINE#         29
  -------         ENDPROC       _LEDS_OFF
  -------         PROC          _LED_NUMBER
  D:0006H         SYMBOL        num
  C:42F5H         LINE#         31
  C:42F7H         LINE#         32
  C:42F7H         LINE#         33
  C:42FCH         LINE#         34
  C:4301H         LINE#         35
  C:4306H         LINE#         36
  C:430BH         LINE#         37
  C:4314H         LINE#         38
  C:431DH         LINE#         39
  C:4326H         LINE#         40
  C:432FH         LINE#         41
  -------         ENDPROC       _LED_NUMBER
  -------         ENDMOD        LED_CONTROL

  -------         MODULE        OUTPUTS
  C:0000H         SYMBOL        _ICE_DUMMY_
  B:00D8H.2       PUBLIC        CCF2
  B:00D8H.3       PUBLIC        CCF3
  D:0080H         PUBLIC        P0
  B:00D8H.4       PUBLIC        CCF4
  D:0090H         PUBLIC        P1
  D:00A0H         PUBLIC        P2
  D:00B0H         PUBLIC        P3
  B:00B0H.4       PUBLIC        T0
  B:00D0H.6       PUBLIC        AC
  B:00B0H.5       PUBLIC        T1
BL51 BANKED LINKER/LOCATER V4.02                                                      11/21/2019  06:07:41  PAGE 31


  B:00B0H.7       PUBLIC        nRD
  B:0090H.0       PUBLIC        T2
  B:00A8H.7       PUBLIC        EA
  B:00A8H.6       PUBLIC        EC
  B:00D8H.7       PUBLIC        CF
  C:4579H         PUBLIC        _P0_output_bits
  B:00B0H.2       PUBLIC        nINT0
  B:0098H.7       PUBLIC        FE
  B:00B0H.3       PUBLIC        nINT1
  D:00A8H         PUBLIC        IEN0
  B:00B0H.0       PUBLIC        RxD
  B:00B0H.1       PUBLIC        TxD
  B:0090H.3       PUBLIC        CEX0
  B:0090H.4       PUBLIC        CEX1
  B:00C8H.0       PUBLIC        CP
  B:0090H.3       PUBLIC        P1_3
  B:00B0H.2       PUBLIC        P3_2
  B:00D8H.6       PUBLIC        CR
  B:00B0H.3       PUBLIC        P3_3
  B:00C8H.6       PUBLIC        EXF2
  D:00B8H         PUBLIC        IPL0
  B:00B0H.4       PUBLIC        P3_4
  B:00B0H.5       PUBLIC        P3_5
  B:00B0H.6       PUBLIC        nWR
  B:00A8H.4       PUBLIC        ES
  B:0098H.0       PUBLIC        RI
  B:00D0H.7       PUBLIC        CY
  B:0098H.1       PUBLIC        TI
  B:00B8H.1       PUBLIC        PT0L
  B:00B8H.3       PUBLIC        PT1L
  B:00B8H.5       PUBLIC        PT2L
  B:0090H.1       PUBLIC        T2EX
  D:00D8H         PUBLIC        CCON
  B:00B0H.6       PUBLIC        RS
  B:00B8H.0       PUBLIC        PX0L
  B:00D0H.2       PUBLIC        OV
  B:0090H.1       PUBLIC        SS
  B:00B8H.2       PUBLIC        PX1L
  B:00C8H.5       PUBLIC        RCLK
  B:00C8H.4       PUBLIC        TCLK
  C:4565H         PUBLIC        _P1_set_bit
  B:00B8H.6       PUBLIC        PPCL
  C:4569H         PUBLIC        _P2_set_bit
  C:456DH         PUBLIC        _P3_set_bit
  B:00A0H.4       PUBLIC        REDLED
  D:0098H         PUBLIC        SCON
  B:00A0H.6       PUBLIC        YELLOWLED
  B:0090H.4       PUBLIC        nCS0
  B:0080H.0       PUBLIC        AD0
  D:0088H         PUBLIC        TCON
  B:0080H.1       PUBLIC        AD1
  B:0080H.2       PUBLIC        AD2
  B:00B0H.1       PUBLIC        per_RxD
  B:00C8H.1       PUBLIC        CnT2
  B:0080H.3       PUBLIC        AD3
  B:0090H.5       PUBLIC        MISO
  B:0090H.7       PUBLIC        MOSI
BL51 BANKED LINKER/LOCATER V4.02                                                      11/21/2019  06:07:41  PAGE 32


  B:0080H.4       PUBLIC        AD4
  B:00B0H.0       PUBLIC        per_TxD
  B:0080H.5       PUBLIC        AD5
  B:0080H.6       PUBLIC        AD6
  B:0080H.7       PUBLIC        AD7
  B:00A0H.0       PUBLIC        AD8
  B:00A0H.1       PUBLIC        AD9
  B:0088H.1       PUBLIC        IE0
  B:00A0H.7       PUBLIC        AMBERLED
  B:0088H.3       PUBLIC        IE1
  B:00B0H.7       PUBLIC        E
  B:00A0H.5       PUBLIC        GREENLED
  B:00A8H.1       PUBLIC        ET0
  B:00A8H.3       PUBLIC        ET1
  B:0088H.5       PUBLIC        TF0
  B:00A8H.5       PUBLIC        ET2
  B:0088H.7       PUBLIC        TF1
  B:00C8H.7       PUBLIC        TF2
  B:0098H.2       PUBLIC        RB8
  B:00A8H.0       PUBLIC        EX0
  B:0088H.0       PUBLIC        IT0
  B:0098H.3       PUBLIC        TB8
  B:00A8H.2       PUBLIC        EX1
  B:0088H.2       PUBLIC        IT1
  B:00D0H.0       PUBLIC        P
  B:0098H.7       PUBLIC        SM0
  B:0090H.2       PUBLIC        ECI
  B:0098H.6       PUBLIC        SM1
  B:0098H.5       PUBLIC        SM2
  B:00D0H.3       PUBLIC        RS0
  B:0088H.4       PUBLIC        TR0
  B:00D0H.4       PUBLIC        RS1
  B:0090H.6       PUBLIC        per_SCLK
  B:0088H.6       PUBLIC        TR1
  B:0090H.0       PUBLIC        SDA
  B:00C8H.2       PUBLIC        TR2
  B:00A0H.0       PUBLIC        SW1
  B:00A0H.1       PUBLIC        SW2
  B:00A0H.2       PUBLIC        SW3
  B:00A0H.3       PUBLIC        SW4
  B:0090H.6       PUBLIC        SCK
  B:0090H.7       PUBLIC        per_MOSI
  B:0090H.5       PUBLIC        per_MISO
  B:0090H.1       PUBLIC        SCL
  B:00C8H.3       PUBLIC        EXEN2
  B:0090H.2       PUBLIC        DATA_REQ
  B:0098H.4       PUBLIC        REN
  B:00A0H.2       PUBLIC        AD10
  B:00A0H.3       PUBLIC        AD11
  D:00C8H         PUBLIC        T2CON
  B:00A0H.4       PUBLIC        AD12
  B:00A0H.5       PUBLIC        AD13
  B:00A0H.6       PUBLIC        AD14
  B:00A0H.7       PUBLIC        AD15
  C:4548H         PUBLIC        _P1_clear_bit
  C:454DH         PUBLIC        _P3_clear_bit
  B:00B8H.4       PUBLIC        PLS
BL51 BANKED LINKER/LOCATER V4.02                                                      11/21/2019  06:07:41  PAGE 33


  B:00D0H.5       PUBLIC        F0
  B:00D0H.1       PUBLIC        F1
  D:00D0H         PUBLIC        PSW
  B:00D8H.0       PUBLIC        CCF0
  B:00D8H.1       PUBLIC        CCF1
  -------         PROC          _P0_OUTPUT_BITS
  D:0007H         SYMBOL        Port_Data
  C:4579H         LINE#         14
  C:4579H         LINE#         15
  C:4579H         LINE#         16
  C:457BH         LINE#         17
  -------         ENDPROC       _P0_OUTPUT_BITS
  -------         PROC          _P1_CLEAR_BIT
  D:0007H         SYMBOL        Bit_Data
  C:4548H         LINE#         50
  C:4548H         LINE#         51
  C:4548H         LINE#         52
  C:454CH         LINE#         53
  -------         ENDPROC       _P1_CLEAR_BIT
  -------         PROC          _P3_CLEAR_BIT
  D:0007H         SYMBOL        Bit_Data
  C:454DH         LINE#         60
  C:454DH         LINE#         61
  C:454DH         LINE#         62
  C:4551H         LINE#         63
  -------         ENDPROC       _P3_CLEAR_BIT
  -------         PROC          _P1_SET_BIT
  D:0007H         SYMBOL        Bit_Data
  C:4565H         LINE#         76
  C:4565H         LINE#         77
  C:4565H         LINE#         78
  C:4568H         LINE#         79
  -------         ENDPROC       _P1_SET_BIT
  -------         PROC          _P2_SET_BIT
  D:0007H         SYMBOL        Bit_Data
  C:4569H         LINE#         81
  C:4569H         LINE#         82
  C:4569H         LINE#         83
  C:456CH         LINE#         84
  -------         ENDPROC       _P2_SET_BIT
  -------         PROC          _P3_SET_BIT
  D:0007H         SYMBOL        Bit_Data
  C:456DH         LINE#         86
  C:456DH         LINE#         87
  C:456DH         LINE#         88
  C:4570H         LINE#         89
  -------         ENDPROC       _P3_SET_BIT
  -------         ENDMOD        OUTPUTS

  -------         MODULE        PRINT_BYTES
  C:0000H         SYMBOL        _ICE_DUMMY_
  B:00D8H.2       PUBLIC        CCF2
  B:00D8H.3       PUBLIC        CCF3
  D:0080H         PUBLIC        P0
  B:00D8H.4       PUBLIC        CCF4
  D:0090H         PUBLIC        P1
  D:00A0H         PUBLIC        P2
[...]
  C:2996H         LINE#         104
  C:2996H         LINE#         106
  C:2999H         LINE#         108
BL51 BANKED LINKER/LOCATER V4.02                                                      11/21/2019  06:07:41  PAGE 73


  C:2999H         LINE#         109
  C:29B8H         LINE#         110
  C:29BBH         LINE#         111
  C:29BDH         LINE#         112
  C:29C5H         LINE#         113
  C:29C5H         LINE#         114
  C:29CEH         LINE#         115
  C:29D7H         LINE#         116
  C:29EBH         LINE#         117
  C:29F0H         LINE#         118
  C:29F9H         LINE#         120
  C:29F9H         LINE#         121
  C:2A0AH         LINE#         123
  C:2A12H         LINE#         124
  C:2A1DH         LINE#         126
  C:2A25H         LINE#         127
  C:2A32H         LINE#         128
  C:2A37H         LINE#         129
  C:2A37H         LINE#         130
  C:2A3AH         LINE#         132
  C:2A3AH         LINE#         133
  C:2A59H         LINE#         134
  C:2A5CH         LINE#         135
  C:2A5EH         LINE#         136
  C:2A66H         LINE#         137
  C:2A66H         LINE#         138
  C:2A6FH         LINE#         139
  C:2A78H         LINE#         140
  C:2A8CH         LINE#         141
  C:2AABH         LINE#         142
  C:2AB9H         LINE#         146
  C:2ABEH         LINE#         147
  C:2ABEH         LINE#         148
  C:2AC7H         LINE#         149
  C:2ACFH         LINE#         150
  C:2AD2H         LINE#         152
  C:2AD2H         LINE#         153
  C:2AF1H         LINE#         154
  C:2AF4H         LINE#         155
  C:2AF6H         LINE#         156
  C:2AFEH         LINE#         157
  C:2B0FH         LINE#         158
  C:2B17H         LINE#         160
  C:2B36H         LINE#         161
  C:2B4AH         LINE#         162
  C:2B5EH         LINE#         163
  C:2B67H         LINE#         164
  C:2B67H         LINE#         165
  C:2B69H         LINE#         166
  -------         ENDPROC       STA013_INIT
  -------         ENDMOD        STA013_CONFIG

  -------         MODULE        CONFIG
  C:0003H         SEGMENT       STA013_CONFIG
  C:0003H         PUBLIC        CONFIG
  C:0FA1H         PUBLIC        CONFIG2
  -------         ENDMOD        CONFIG
BL51 BANKED LINKER/LOCATER V4.02                                                      11/21/2019  06:07:41  PAGE 74



  -------         MODULE        SEOS
  C:0000H         SYMBOL        _ICE_DUMMY_
  B:00D8H.2       PUBLIC        CCF2
  B:00D8H.3       PUBLIC        CCF3
  D:0080H         PUBLIC        P0
  B:00D8H.4       PUBLIC        CCF4
  D:0090H         PUBLIC        P1
  D:00A0H         PUBLIC        P2
  D:00B0H         PUBLIC        P3
  B:00B0H.4       PUBLIC        T0
  B:00D0H.6       PUBLIC        AC
  B:00B0H.5       PUBLIC        T1
  B:00B0H.7       PUBLIC        nRD
  B:0090H.0       PUBLIC        T2
  B:00A8H.7       PUBLIC        EA
  B:00A8H.6       PUBLIC        EC
  B:00D8H.7       PUBLIC        CF
  B:00B0H.2       PUBLIC        nINT0
  B:0098H.7       PUBLIC        FE
  B:00B0H.3       PUBLIC        nINT1
  D:00A8H         PUBLIC        IEN0
  B:00B0H.0       PUBLIC        RxD
  B:00B0H.1       PUBLIC        TxD
  B:0090H.3       PUBLIC        CEX0
  B:0090H.4       PUBLIC        CEX1
  B:00C8H.0       PUBLIC        CP
  B:0090H.3       PUBLIC        P1_3
  B:00B0H.2       PUBLIC        P3_2
  B:00D8H.6       PUBLIC        CR
  B:00B0H.3       PUBLIC        P3_3
  B:00C8H.6       PUBLIC        EXF2
  D:00B8H         PUBLIC        IPL0
  B:00B0H.4       PUBLIC        P3_4
  B:00B0H.5       PUBLIC        P3_5
  B:00B0H.6       PUBLIC        nWR
  B:00A8H.4       PUBLIC        ES
  B:0098H.0       PUBLIC        RI
  B:00D0H.7       PUBLIC        CY
  B:0098H.1       PUBLIC        TI
  D:0060H         PUBLIC        cwd_entries
  D:0062H         PUBLIC        temp16
  B:00B8H.1       PUBLIC        PT0L
  B:00B8H.3       PUBLIC        PT1L
  B:00B8H.5       PUBLIC        PT2L
  B:0090H.1       PUBLIC        T2EX
  D:00D8H         PUBLIC        CCON
  B:00B0H.6       PUBLIC        RS
  B:00B8H.0       PUBLIC        PX0L
  B:00D0H.2       PUBLIC        OV
  B:0090H.1       PUBLIC        SS
  B:00B8H.2       PUBLIC        PX1L
  B:00C8H.5       PUBLIC        RCLK
  B:00C8H.4       PUBLIC        TCLK
  B:00B8H.6       PUBLIC        PPCL
  B:00A0H.4       PUBLIC        REDLED
  D:0098H         PUBLIC        SCON
BL51 BANKED LINKER/LOCATER V4.02                                                      11/21/2019  06:07:41  PAGE 75


  B:00A0H.6       PUBLIC        YELLOWLED
  B:0090H.4       PUBLIC        nCS0
  B:0080H.0       PUBLIC        AD0
  D:0088H         PUBLIC        TCON
  B:0080H.1       PUBLIC        AD1
  B:0080H.2       PUBLIC        AD2
  B:00B0H.1       PUBLIC        per_RxD
  C:2B6AH         PUBLIC        loop_tester
  B:00C8H.1       PUBLIC        CnT2
  B:0080H.3       PUBLIC        AD3
  D:0064H         PUBLIC        clus
  B:0090H.5       PUBLIC        MISO
  B:0090H.7       PUBLIC        MOSI
  B:0080H.4       PUBLIC        AD4
  B:00B0H.0       PUBLIC        per_TxD
  B:0080H.5       PUBLIC        AD5
  B:0080H.6       PUBLIC        AD6
  D:0068H         PUBLIC        tens
  B:0080H.7       PUBLIC        AD7
  B:00A0H.0       PUBLIC        AD8
  B:00A0H.1       PUBLIC        AD9
  B:0088H.1       PUBLIC        IE0
  D:0069H         PUBLIC        cwd
  B:00A0H.7       PUBLIC        AMBERLED
  B:0088H.3       PUBLIC        IE1
  D:006DH         PUBLIC        seos_state
  B:00B0H.7       PUBLIC        E
  B:00A0H.5       PUBLIC        GREENLED
  B:00A8H.1       PUBLIC        ET0
  B:00A8H.3       PUBLIC        ET1
  B:0088H.5       PUBLIC        TF0
  B:00A8H.5       PUBLIC        ET2
  B:0088H.7       PUBLIC        TF1
  B:00C8H.7       PUBLIC        TF2
  B:0098H.2       PUBLIC        RB8
  B:00A8H.0       PUBLIC        EX0
  B:0088H.0       PUBLIC        IT0
  B:0021H.1       PUBLIC        print_dir_task_running
  B:0098H.3       PUBLIC        TB8
  B:00A8H.2       PUBLIC        EX1
  B:0088H.2       PUBLIC        IT1
  B:00D0H.0       PUBLIC        P
  B:0098H.7       PUBLIC        SM0
  B:0090H.2       PUBLIC        ECI
  B:0098H.6       PUBLIC        SM1
  B:0021H.2       PUBLIC        read_dir_entry_task_running
  C:447AH         PUBLIC        _sEOS_init
  B:0098H.5       PUBLIC        SM2
  B:00D0H.3       PUBLIC        RS0
  B:0088H.4       PUBLIC        TR0
  B:00D0H.4       PUBLIC        RS1
  B:0090H.6       PUBLIC        per_SCLK
  B:0088H.6       PUBLIC        TR1
  B:0090H.0       PUBLIC        SDA
  B:00C8H.2       PUBLIC        TR2
  B:00A0H.0       PUBLIC        SW1
  B:00A0H.1       PUBLIC        SW2
BL51 BANKED LINKER/LOCATER V4.02                                                      11/21/2019  06:07:41  PAGE 76


  B:00A0H.2       PUBLIC        SW3
  B:00A0H.3       PUBLIC        SW4
  B:0090H.6       PUBLIC        SCK
  B:0090H.7       PUBLIC        per_MOSI
  B:0090H.5       PUBLIC        per_MISO
  B:0090H.1       PUBLIC        SCL
  B:00C8H.3       PUBLIC        EXEN2
  B:0090H.2       PUBLIC        DATA_REQ
  B:0098H.4       PUBLIC        REN
  B:00A0H.2       PUBLIC        AD10
  D:006EH         PUBLIC        entry_num
  B:00A0H.3       PUBLIC        AD11
  D:00C8H         PUBLIC        T2CON
  B:00A0H.4       PUBLIC        AD12
  B:00A0H.5       PUBLIC        AD13
  B:00A0H.6       PUBLIC        AD14
  B:00A0H.7       PUBLIC        AD15
  B:00B8H.4       PUBLIC        PLS
  D:0072H         PUBLIC        temp8
  B:00D0H.5       PUBLIC        F0
  B:00D0H.1       PUBLIC        F1
  D:00D0H         PUBLIC        PSW
  B:00D8H.0       PUBLIC        CCF0
  B:00D8H.1       PUBLIC        CCF1
  -------         PROC          LOOP_TESTER
  C:2B6AH         LINE#         25
  C:2B6AH         LINE#         26
  C:2B6AH         LINE#         27
  C:2B90H         LINE#         28
  C:2B90H         LINE#         29
  C:2B90H         LINE#         30
  C:2B95H         LINE#         31
  C:2B9AH         LINE#         32
  C:2B9EH         LINE#         33
  C:2B9EH         LINE#         34
  C:2BA1H         LINE#         35
  C:2BA1H         LINE#         36
  C:2BA7H         LINE#         37
  C:2BADH         LINE#         38
  C:2BBCH         LINE#         39
  C:2BBCH         LINE#         40
  C:2BBFH         LINE#         41
  C:2BBFH         LINE#         42
  C:2BC0H         LINE#         43
  C:2BC0H         LINE#         44
  C:2BC5H         LINE#         45
  C:2BCBH         LINE#         46
  C:2BCBH         LINE#         47
  C:2BDFH         LINE#         48
  C:2BDFH         LINE#         49
  C:2BF2H         LINE#         50
  C:2BF4H         LINE#         51
  C:2BF6H         LINE#         53
  C:2BF6H         LINE#         54
  C:2C2CH         LINE#         59
  C:2C2CH         LINE#         60
  C:2C2FH         LINE#         61
BL51 BANKED LINKER/LOCATER V4.02                                                      11/21/2019  06:07:41  PAGE 77


  C:2C31H         LINE#         62
  C:2C39H         LINE#         63
  C:2C3AH         LINE#         64
  C:2C48H         LINE#         65
  C:2C48H         LINE#         66
  C:2C4DH         LINE#         67
  C:2C82H         LINE#         68
  C:2C85H         LINE#         69
  C:2C86H         LINE#         71
  C:2C86H         LINE#         72
  C:2C89H         LINE#         73
  C:2C89H         LINE#         74
  C:2C8AH         LINE#         75
  C:2C8AH         LINE#         76
  C:2C8FH         LINE#         77
  C:2CA1H         LINE#         78
  C:2CA9H         LINE#         79
  C:2CB5H         LINE#         80
  C:2CB5H         LINE#         81
  C:2CBBH         LINE#         82
  C:2CC0H         LINE#         83
  C:2CC0H         LINE#         84
  C:2CC3H         LINE#         85
  C:2CC4H         LINE#         86
  C:2CC4H         LINE#         87
  C:2CC9H         LINE#         88
  C:2CD5H         LINE#         89
  C:2CD5H         LINE#         90
  C:2CDAH         LINE#         91
  C:2CDDH         LINE#         92
  C:2CDEH         LINE#         94
  C:2CDEH         LINE#         95
  C:2CE0H         LINE#         96
  C:2CE3H         LINE#         97
  C:2D19H         LINE#         102
  C:2D19H         LINE#         103
  C:2D19H         LINE#         104
  C:2D19H         LINE#         105
  C:2D1EH         LINE#         106
  C:2D2AH         LINE#         107
  C:2D2AH         LINE#         109
  C:2D2DH         LINE#         110
  C:2D2EH         LINE#         112
  C:2D2EH         LINE#         113
  C:2D30H         LINE#         114
  C:2D3BH         LINE#         115
  C:2D3BH         LINE#         116
  C:2D3EH         LINE#         117
  C:2D50H         LINE#         118
  C:2D62H         LINE#         119
  C:2D65H         LINE#         120
  C:2D67H         LINE#         121
  C:2D68H         LINE#         123
  C:2D68H         LINE#         124
  C:2D6BH         LINE#         125
  C:2D6BH         LINE#         126
  C:2D6BH         LINE#         127
BL51 BANKED LINKER/LOCATER V4.02                                                      11/21/2019  06:07:41  PAGE 78


  C:2D6CH         LINE#         128
  C:2D6CH         LINE#         129
  C:2D71H         LINE#         130
  C:2D7CH         LINE#         131
  C:2D7FH         LINE#         132
  C:2D80H         LINE#         133
  C:2D80H         LINE#         134
  C:2D85H         LINE#         135
  C:2D8BH         LINE#         136
  C:2D8BH         LINE#         137
  C:2D8EH         LINE#         138
  C:2D8FH         LINE#         140
  C:2D8FH         LINE#         141
  C:2D9AH         LINE#         142
  C:2D9CH         LINE#         143
  C:2D9FH         LINE#         144
  C:2D9FH         LINE#         145
  C:2D9FH         LINE#         146
  C:2D9FH         LINE#         148
  -------         ENDPROC       LOOP_TESTER
  -------         PROC          _SEOS_INIT
  D:0023H         SYMBOL        interval_ms
  C:447AH         LINE#         155
  C:447CH         LINE#         156
  C:447CH         LINE#         157
  C:448DH         LINE#         158
  C:4490H         LINE#         159
  C:4492H         LINE#         160
  C:449BH         LINE#         161
  C:449DH         LINE#         171
  -------         ENDPROC       _SEOS_INIT
  -------         ENDMOD        SEOS

  -------         MODULE        ?C?CLDPTR
  C:0FD3H         PUBLIC        ?C?CLDPTR
  -------         ENDMOD        ?C?CLDPTR

  -------         MODULE        ?C?CLDOPTR
  C:0FECH         PUBLIC        ?C?CLDOPTR
  -------         ENDMOD        ?C?CLDOPTR

  -------         MODULE        ?C?CILDPTR
  C:1019H         PUBLIC        ?C?CILDPTR
  -------         ENDMOD        ?C?CILDPTR

  -------         MODULE        ?C?CILDOPTR
  C:103BH         PUBLIC        ?C?CILDOPTR
  -------         ENDMOD        ?C?CILDOPTR

  -------         MODULE        ?C?CSTPTR
  C:106EH         PUBLIC        ?C?CSTPTR
  -------         ENDMOD        ?C?CSTPTR

  -------         MODULE        ?C?CSTOPTR
  C:1080H         PUBLIC        ?C?CSTOPTR
  -------         ENDMOD        ?C?CSTOPTR

BL51 BANKED LINKER/LOCATER V4.02                                                      11/21/2019  06:07:41  PAGE 79


  -------         MODULE        ?C?UIDIV
  C:10A2H         PUBLIC        ?C?UIDIV
  -------         ENDMOD        ?C?UIDIV

  -------         MODULE        ?C?ILDPTR
  C:10F7H         PUBLIC        ?C?ILDPTR
  -------         ENDMOD        ?C?ILDPTR

  -------         MODULE        ?C?ILDOPTR
  C:1122H         PUBLIC        ?C?ILDOPTR
  -------         ENDMOD        ?C?ILDOPTR

  -------         MODULE        ?C?IILDPTR
  C:115AH         PUBLIC        ?C?IILDPTR
  -------         ENDMOD        ?C?IILDPTR

  -------         MODULE        ?C?ISTPTR
  C:1192H         PUBLIC        ?C?ISTPTR
  -------         ENDMOD        ?C?ISTPTR

  -------         MODULE        ?C?ISTOPTR
  C:11B1H         PUBLIC        ?C?ISTOPTR
  -------         ENDMOD        ?C?ISTOPTR

  -------         MODULE        ?C?LMUL
  C:11DEH         PUBLIC        ?C?LMUL
  -------         ENDMOD        ?C?LMUL

  -------         MODULE        ?C?ULDIV
  C:1269H         PUBLIC        ?C?ULDIV
  -------         ENDMOD        ?C?ULDIV

  -------         MODULE        ?C?ULCMP
  C:12FBH         PUBLIC        ?C?ULCMP
  -------         ENDMOD        ?C?ULCMP

  -------         MODULE        ?C?ULSHR
  C:130CH         PUBLIC        ?C?ULSHR
  -------         ENDMOD        ?C?ULSHR

  -------         MODULE        ?C?LSHL
  C:131FH         PUBLIC        ?C?LSHL
  -------         ENDMOD        ?C?LSHL

  -------         MODULE        ?C?LLDPTR
  C:1332H         PUBLIC        ?C?LLDPTR
  -------         ENDMOD        ?C?LLDPTR

  -------         MODULE        ?C?LLDOPTR
  C:1352H         PUBLIC        ?C?LLDOPTR
  -------         ENDMOD        ?C?LLDOPTR

  -------         MODULE        ?C?LSTPTR
  C:1382H         PUBLIC        ?C?LSTPTR
  -------         ENDMOD        ?C?LSTPTR

  -------         MODULE        ?C?LSTOPTR
BL51 BANKED LINKER/LOCATER V4.02                                                      11/21/2019  06:07:41  PAGE 80


  C:139CH         PUBLIC        ?C?LSTOPTR
  -------         ENDMOD        ?C?LSTOPTR

  -------         MODULE        ?C?LLDIDATA
  C:13C0H         PUBLIC        ?C?LLDIDATA
  -------         ENDMOD        ?C?LLDIDATA

  -------         MODULE        ?C?LLDPTR0
  C:13CCH         PUBLIC        ?C?LLDPTR0
  -------         ENDMOD        ?C?LLDPTR0

  -------         MODULE        ?C?LLDOPTR0
  C:13ECH         PUBLIC        ?C?LLDOPTR0
  -------         ENDMOD        ?C?LLDOPTR0

  -------         MODULE        ?C?LSTKPTR
  C:141CH         PUBLIC        ?C?LSTKPTR
  -------         ENDMOD        ?C?LSTKPTR

  -------         MODULE        ?C?PSTPTR
  C:1436H         PUBLIC        ?C?PSTPTR
  -------         ENDMOD        ?C?PSTPTR

  -------         MODULE        ?C?PSTOPTR
  C:1485H         PUBLIC        ?C?PSTOPTR
  -------         ENDMOD        ?C?PSTOPTR

  -------         MODULE        PUTCHAR
  C:442DH         PUBLIC        _PUTCHAR
  -------         ENDMOD        PUTCHAR

  -------         MODULE        PRINTF
  D:004BH         PUBLIC        ?_PRINTF517?BYTE
  D:004BH         PUBLIC        ?_PRINTF?BYTE
  D:004BH         PUBLIC        ?_SPRINTF517?BYTE
  D:004BH         PUBLIC        ?_SPRINTF?BYTE
  C:2267H         PUBLIC        _PRINTF
  C:2267H         PUBLIC        _PRINTF517
  C:2261H         PUBLIC        _SPRINTF
  C:2261H         PUBLIC        _SPRINTF517
  -------         ENDMOD        PRINTF

  -------         MODULE        ?C?IILDX
  C:14DEH         PUBLIC        ?C?IILDX
  -------         ENDMOD        ?C?IILDX

  -------         MODULE        ?C?LLDXDATA
  C:14F4H         PUBLIC        ?C?LLDXDATA
  -------         ENDMOD        ?C?LLDXDATA

  -------         MODULE        ?C?LLDPDATA
  C:1500H         PUBLIC        ?C?LLDPDATA
  -------         ENDMOD        ?C?LLDPDATA

  -------         MODULE        ?C?LLDCODE
  C:150CH         PUBLIC        ?C?LLDCODE
  -------         ENDMOD        ?C?LLDCODE
BL51 BANKED LINKER/LOCATER V4.02                                                      11/21/2019  06:07:41  PAGE 81



  -------         MODULE        ?C?LLDIDATA0
  C:151CH         PUBLIC        ?C?LLDIDATA0
  -------         ENDMOD        ?C?LLDIDATA0

  -------         MODULE        ?C?LLDXDATA0
  C:1529H         PUBLIC        ?C?LLDXDATA0
  -------         ENDMOD        ?C?LLDXDATA0

  -------         MODULE        ?C?LLDPDATA0
  C:1535H         PUBLIC        ?C?LLDPDATA0
  -------         ENDMOD        ?C?LLDPDATA0

  -------         MODULE        ?C?LLDCODE0
  C:1542H         PUBLIC        ?C?LLDCODE0
  -------         ENDMOD        ?C?LLDCODE0

  -------         MODULE        ?C?LSTIDATA
  C:1552H         PUBLIC        ?C?LSTIDATA
  -------         ENDMOD        ?C?LSTIDATA

  -------         MODULE        ?C?LSTXDATA
  C:155EH         PUBLIC        ?C?LSTXDATA
  -------         ENDMOD        ?C?LSTXDATA

  -------         MODULE        ?C?LSTPDATA
  C:156AH         PUBLIC        ?C?LSTPDATA
  -------         ENDMOD        ?C?LSTPDATA

  -------         MODULE        ?C?LSTKIDATA
  C:1576H         PUBLIC        ?C?LSTKIDATA
  -------         ENDMOD        ?C?LSTKIDATA

  -------         MODULE        ?C?LSTKXDATA
  C:158FH         PUBLIC        ?C?LSTKXDATA
  -------         ENDMOD        ?C?LSTKXDATA

  -------         MODULE        ?C?LSTKPDATA
  C:15C0H         PUBLIC        ?C?LSTKPDATA
  -------         ENDMOD        ?C?LSTKPDATA

  -------         MODULE        ?C?PLDIIDATA
  C:15D9H         PUBLIC        ?C?PLDIIDATA
  -------         ENDMOD        ?C?PLDIIDATA

  -------         MODULE        ?C?PSTIDATA
  C:15E9H         PUBLIC        ?C?PSTIDATA
  -------         ENDMOD        ?C?PSTIDATA

  -------         MODULE        ?C?PSTXDATA
  C:15F2H         PUBLIC        ?C?PSTXDATA
  -------         ENDMOD        ?C?PSTXDATA

  -------         MODULE        ?C?PSTPDATA
  C:15FBH         PUBLIC        ?C?PSTPDATA
  -------         ENDMOD        ?C?PSTPDATA

BL51 BANKED LINKER/LOCATER V4.02                                                      11/21/2019  06:07:41  PAGE 82


  -------         MODULE        ?C?CCASE
  C:1604H         PUBLIC        ?C?CCASE
  -------         ENDMOD        ?C?CCASE

LINK/LOCATE RUN COMPLETE.  0 WARNING(S),  0 ERROR(S)
