C51 COMPILER V6.02  LCD_HARDWARE_FUNCTIONS                                                 11/21/2019 13:27:15 PAGE 1   


C51 COMPILER V6.02, COMPILATION OF MODULE LCD_HARDWARE_FUNCTIONS
OBJECT MODULE PLACED IN .\LCD_hardware_functions.obj
COMPILER INVOKED BY: C:\Keil\C51\BIN\C51.EXE ..\source\LCD_hardware_functions.c DEBUG OBJECTEXTEND PRINT(.\LCD_hardware_
                    -functions.lst) OBJECT(.\LCD_hardware_functions.obj) 

stmt level    source

   1          #include "main.h"
   2          #include "LCD_hardware_functions.h"
   3          #include "PORT.H"
   4          #include "Outputs.h"
   5          
   6          
   7          /***********************************************************************
   8          DESC:    Writes data to the LCD with proper order for RS and E
   9          INPUT: Uint8 for RS and Data to be written
  10                 RS=0 instruction, RS=1 data
  11          RETURNS: Nothing
  12          CAUTION: None
  13          ************************************************************************/
  14          void LCD_Write(uint8_t RegSelect, uint8_t LCD_Data)
  15          {
  16   1        if(RegSelect==0)     // Set or Clear RS before E is Set
  17   1        {
  18   2      	P3_clear_bit(RS_bit);
  19   2        }
  20   1        else
  21   1        {
  22   2          P3_set_bit(RS_bit);
  23   2        }
  24   1        P3_set_bit(E_bit);  // Set Enable before data written
  25   1        P0_output_bits(LCD_Data);         
  26   1        P3_clear_bit(E_bit);   
  27   1        P0_output_bits(0xFF);
  28   1        P3_set_bit(RS_bit);
  29   1      }
  30          
  31          
  32          


MODULE INFORMATION:   STATIC OVERLAYABLE
   CODE SIZE        =     42    ----
   CONSTANT SIZE    =   ----    ----
   XDATA SIZE       =   ----    ----
   PDATA SIZE       =   ----    ----
   DATA SIZE        =   ----       1
   IDATA SIZE       =   ----    ----
   BIT SIZE         =   ----    ----
END OF MODULE INFORMATION.


C51 COMPILATION COMPLETE.  0 WARNING(S),  0 ERROR(S)
