C51 COMPILER V6.02  UART                                                                   11/21/2019 16:42:11 PAGE 1   


C51 COMPILER V6.02, COMPILATION OF MODULE UART
OBJECT MODULE PLACED IN .\UART.obj
COMPILER INVOKED BY: C:\Keil\C51\BIN\C51.EXE ..\source\UART.c PRINT(.\UART.lst) OBJECT(.\UART.obj) 

stmt level    source

   1          #include <stdio.h>
   2          #include "main.h"
   3          #include "UART.h"
   4          
   5          
   6          /***********************************************************************
   7          DESC:    Initializes UART for mode 1
   8                   Baudrate: 9600
   9          INPUT: Nothing
  10          RETURNS: Nothing
  11          CAUTION: Uses Baudrate Generator instead of a standard timer
  12          ************************************************************************/
  13          void uart_init(uint16_t BAUD_RATE)
  14          {
  15   1      
  16   1        // configure UART
  17   1        // set or clear SMOD1 and clear SMOD0
  18   1        PCON &= 0x3F;  // Clears both SMOD0 and SMOD1
  19   1        PCON |= (SMOD1 << 7); // Sets SMOD1 to the defined value
  20   1      
  21   1        // serial interrupt is disabled
  22   1        ES=0;
  23   1      
  24   1        SCON = UART_MODE1|RECEIVE_ENABLE|TRANSMIT_FLAG_SET;
  25   1      
  26   1        // Initialize Baud Rate Generator
  27   1        BDRCON=0;   //Stops and disables Baud Rate Gen.
  28   1        // BRL = BAUD_RATE_RELOAD   // Use this line for compile time baud rate set up.
  29   1        BRL= (uint8_t)(256-((1+(5*SPD))*(1+(1*SMOD1))*OSC_FREQ)/(32UL*OSC_PER_INST*BAUD_RATE));
  30   1        BDRCON= (0x1C | (SPD << 1));  // Enables Baud Rate Gen. for RxD and TxD
  31   1      
  32   1      
  33   1      
  34   1        // initially not busy
  35   1        TI=1;
  36   1      
  37   1      
  38   1      } // uart_init
  39          
  40          
  41          /***********************************************************************
  42          DESC:    Sends one character through the UART
  43          INPUT:   Character to send
  44          RETURNS: Character sent or error flag
  45          CAUTION: TI must be set during the initialization
  46          ************************************************************************/
  47          
  48          uint8_t UART_Transmit(uint8_t send_value)
  49          {
  50   1         uint8_t return_value;
  51   1         uint16_t timeout;
  52   1         timeout=0;
  53   1         do
  54   1         {
  55   2           timeout++;
C51 COMPILER V6.02  UART                                                                   11/21/2019 16:42:11 PAGE 2   

  56   2         }while((TI==0)&&(timeout!=0));
  57   1         if(timeout!=0)
  58   1         {
  59   2           SBUF=send_value;
  60   2           return_value=send_value;
  61   2           TI=0;
  62   2         }
  63   1         else
  64   1         {
  65   2           return_value=UART_timeout;
  66   2         }
  67   1         return return_value;
  68   1      }
  69          
  70          
  71          /***********************************************************************
  72          DESC:    Waits for a value to be received through the UART and returns
  73                   the value.
  74          INPUT: Nothing
  75          RETURNS: Received value
  76          CAUTION: Will stop program execution until a character is received
  77          ************************************************************************/
  78          
  79          uint8_t UART_Receive(void)
  80          {
  81   1          uint8_t return_value;
  82   1          while(RI==0);
  83   1          return_value=SBUF;
  84   1          RI=0;
  85   1          return return_value;
  86   1      }


MODULE INFORMATION:   STATIC OVERLAYABLE
   CODE SIZE        =     93    ----
   CONSTANT SIZE    =   ----    ----
   XDATA SIZE       =   ----    ----
   PDATA SIZE       =   ----    ----
   DATA SIZE        =   ----    ----
   IDATA SIZE       =   ----    ----
   BIT SIZE         =   ----    ----
END OF MODULE INFORMATION.


C51 COMPILATION COMPLETE.  0 WARNING(S),  0 ERROR(S)
